<html>
<body>
<pre>
<h1>µVision Build Log</h1>
<h2>Tool Versions:</h2>
IDE-Version: ¦ÌVision V5.40.0.0
Copyright (C) 2024 ARM Ltd and ARM Germany GmbH. All rights reserved.
License Information: 1231 1992735052@qq.com, 123, LIC=TIVNB-2MDE6-HLWCL-0KP8P-N40UL-8XSCE
 
Tool Versions:
Toolchain:       MDK-ARM Plus  Version: 5.40.0.3
Toolchain Path:  C:\app\KEILMDK\ARM\ARMCC\Bin
C Compiler:      Armcc.exe V5.06 update 6 (build 750)
Assembler:       Armasm.exe V5.06 update 6 (build 750)
Linker/Locator:  ArmLink.exe V5.06 update 6 (build 750)
Library Manager: ArmAr.exe V5.06 update 6 (build 750)
Hex Converter:   FromElf.exe V5.06 update 6 (build 750)
CPU DLL:         SARMCM3.DLL V5.40.0.3
Dialog DLL:      DCM.DLL V1.17.5.0
Target DLL:      STLink\ST-LINKIII-KEIL_SWO.dll V3.3.0.0
Dialog DLL:      TCM.DLL V1.56.4.0
 
<h2>Project:</h2>
C:\Users\19927\Desktop\DataAcquistionCardProject\main_project\appa\Projects\MDK-ARM\atk_f407.uvprojx
Project File Date:  03/09/2026

<h2>Output:</h2>
*** Using Compiler 'V5.06 update 6 (build 750)', folder: 'C:\app\KEILMDK\ARM\ARMCC\Bin'
Build target 'APPA'
Note: source file '..\..\Middlewares\LWIP\src\core\sys.c' - object file renamed from '..\..\Output\sys.o' to '..\..\Output\sys_1.o'.
Note: source file '..\..\Middlewares\LWIP\src\netif\ethernet.c' - object file renamed from '..\..\Output\ethernet.o' to '..\..\Output\ethernet_1.o'.
compiling main.c...
linking...
Program Size: Code=123180 RO-data=14132 RW-data=912 ZI-data=733912  
FromELF: creating hex file...
After Build - User command #1: fromelf.exe --bin -o "..\..\Output\atk_f407.bin" "..\..\Output\atk_f407.axf"
"..\..\Output\atk_f407.axf" - 0 Error(s), 0 Warning(s).

<h2>Software Packages used:</h2>

Package Vendor: Keil
                https://www.keil.com/pack/Keil.STM32F4xx_DFP.2.17.0.pack
                Keil::STM32F4xx_DFP@2.17.0
                STMicroelectronics STM32F4 Series Device Support, Drivers and Examples

<h2>Collection of Component include folders:</h2>
  C:/app/KEILMDK/ARM/Packs/Keil/STM32F4xx_DFP/2.17.0/Drivers/CMSIS/Device/ST/STM32F4xx/Include

<h2>Collection of Component Files used:</h2>
Build Time Elapsed:  00:00:03
</pre>
</body>
</html>
