Component: ARM Compiler 5.06 update 6 (build 750) Tool: armlink [4d35ed]

==============================================================================

Section Cross References

    startup_stm32f407xx.o(STACK) refers (Special) to heapauxi.o(.text) for __use_two_region_memory
    startup_stm32f407xx.o(HEAP) refers (Special) to heapauxi.o(.text) for __use_two_region_memory
    startup_stm32f407xx.o(RESET) refers (Special) to heapauxi.o(.text) for __use_two_region_memory
    startup_stm32f407xx.o(RESET) refers to startup_stm32f407xx.o(STACK) for __initial_sp
    startup_stm32f407xx.o(RESET) refers to startup_stm32f407xx.o(.text) for Reset_Handler
    startup_stm32f407xx.o(RESET) refers to stm32f4xx_it.o(i.NMI_Handler) for NMI_Handler
    startup_stm32f407xx.o(RESET) refers to stm32f4xx_it.o(i.HardFault_Handler) for HardFault_Handler
    startup_stm32f407xx.o(RESET) refers to stm32f4xx_it.o(i.MemManage_Handler) for MemManage_Handler
    startup_stm32f407xx.o(RESET) refers to stm32f4xx_it.o(i.BusFault_Handler) for BusFault_Handler
    startup_stm32f407xx.o(RESET) refers to stm32f4xx_it.o(i.UsageFault_Handler) for UsageFault_Handler
    startup_stm32f407xx.o(RESET) refers to port.o(.emb_text) for SVC_Handler
    startup_stm32f407xx.o(RESET) refers to stm32f4xx_it.o(i.DebugMon_Handler) for DebugMon_Handler
    startup_stm32f407xx.o(RESET) refers to delay.o(i.SysTick_Handler) for SysTick_Handler
    startup_stm32f407xx.o(RESET) refers to rtc.o(i.RTC_WKUP_IRQHandler) for RTC_WKUP_IRQHandler
    startup_stm32f407xx.o(RESET) refers to sensor.o(i.DMA1_Stream1_IRQHandler) for DMA1_Stream1_IRQHandler
    startup_stm32f407xx.o(RESET) refers to sensor.o(i.DMA1_Stream3_IRQHandler) for DMA1_Stream3_IRQHandler
    startup_stm32f407xx.o(RESET) refers to usmart_port.o(i.TIM4_IRQHandler) for TIM4_IRQHandler
    startup_stm32f407xx.o(RESET) refers to usart.o(i.USART1_IRQHandler) for USART1_IRQHandler
    startup_stm32f407xx.o(RESET) refers to sensor.o(i.USART3_IRQHandler) for USART3_IRQHandler
    startup_stm32f407xx.o(RESET) refers to rtc.o(i.RTC_Alarm_IRQHandler) for RTC_Alarm_IRQHandler
    startup_stm32f407xx.o(RESET) refers to ethernet.o(i.ETH_IRQHandler) for ETH_IRQHandler
    startup_stm32f407xx.o(.text) refers (Special) to heapauxi.o(.text) for __use_two_region_memory
    startup_stm32f407xx.o(.text) refers to system_stm32f4xx.o(i.SystemInit) for SystemInit
    startup_stm32f407xx.o(.text) refers to __main.o(!!!main) for __main
    startup_stm32f407xx.o(.text) refers to startup_stm32f407xx.o(HEAP) for Heap_Mem
    startup_stm32f407xx.o(.text) refers to startup_stm32f407xx.o(STACK) for Stack_Mem
    main.o(i.main) refers to stm32f4xx_hal.o(i.HAL_Init) for HAL_Init
    main.o(i.main) refers to sys.o(i.sys_stm32_clock_init) for sys_stm32_clock_init
    main.o(i.main) refers to delay.o(i.delay_init) for delay_init
    main.o(i.main) refers to usart.o(i.usart_init) for usart_init
    main.o(i.main) refers to led.o(i.led_init) for led_init
    main.o(i.main) refers to lcd.o(i.lcd_init) for lcd_init
    main.o(i.main) refers to key.o(i.key_init) for key_init
    main.o(i.main) refers to sram.o(i.sram_init) for sram_init
    main.o(i.main) refers to malloc.o(i.my_mem_init) for my_mem_init
    main.o(i.main) refers to sensor.o(i.sensor_hw_init) for sensor_hw_init
    main.o(i.main) refers to rtc.o(i.RTC_Init) for RTC_Init
    main.o(i.main) refers to iwdg.o(i.IWDG_Init) for IWDG_Init
    main.o(i.main) refers to iwdg.o(i.IWDG_Feed) for IWDG_Feed
    main.o(i.main) refers to 24c02.o(i.AT24CXX_Init) for AT24CXX_Init
    main.o(i.main) refers to noretval__2printf.o(.text) for __2printf
    main.o(i.main) refers to delay.o(i.delay_ms) for delay_ms
    main.o(i.main) refers to 24c02.o(i.AT24CXX_Check) for AT24CXX_Check
    main.o(i.main) refers to system_config.o(i.system_config_to_printf) for system_config_to_printf
    main.o(i.main) refers to lcd.o(i.lcd_show_string) for lcd_show_string
    main.o(i.main) refers to ota.o(i.Ota_OprationAfterJump) for Ota_OprationAfterJump
    main.o(i.main) refers to freertos_demo.o(i.freertos_demo) for freertos_demo
    system_stm32f4xx.o(i.SystemCoreClockUpdate) refers to system_stm32f4xx.o(.data) for SystemCoreClock
    system_stm32f4xx.o(i.SystemCoreClockUpdate) refers to system_stm32f4xx.o(.constdata) for AHBPrescTable
    freertos_demo.o(i.Sensor_Data_UpData_Task) refers to _printf_percent.o(.ARM.Collect$$_printf_percent$$00000000) for _printf_percent
    freertos_demo.o(i.Sensor_Data_UpData_Task) refers to _printf_d.o(.ARM.Collect$$_printf_percent$$00000009) for _printf_d
    freertos_demo.o(i.Sensor_Data_UpData_Task) refers to _printf_f.o(.ARM.Collect$$_printf_percent$$00000003) for _printf_f
    freertos_demo.o(i.Sensor_Data_UpData_Task) refers to _printf_dec.o(.text) for _printf_int_dec
    freertos_demo.o(i.Sensor_Data_UpData_Task) refers to printf1.o(x$fpl$printf1) for _printf_fp_dec
    freertos_demo.o(i.Sensor_Data_UpData_Task) refers to queue.o(i.xQueueReceive) for xQueueReceive
[...]
    0x0800ddee   0x0800ddee   0x00000016   Code   RO         4140    i.ETH_DMAReceptionEnable  stm32f4xx_hal_eth.o
    0x0800de04   0x0800de04   0x00000016   Code   RO         4141    i.ETH_DMATransmissionDisable  stm32f4xx_hal_eth.o
    0x0800de1a   0x0800de1a   0x00000016   Code   RO         4142    i.ETH_DMATransmissionEnable  stm32f4xx_hal_eth.o
    0x0800de30   0x0800de30   0x00000028   Code   RO         4143    i.ETH_Delay         stm32f4xx_hal_eth.o
    0x0800de58   0x0800de58   0x00000038   Code   RO         4144    i.ETH_FlushTransmitFIFO  stm32f4xx_hal_eth.o
    0x0800de90   0x0800de90   0x00000030   Code   RO         5133    i.ETH_IRQHandler    ethernet.o
    0x0800dec0   0x0800dec0   0x00000034   Code   RO         4145    i.ETH_MACAddressConfig  stm32f4xx_hal_eth.o
    0x0800def4   0x0800def4   0x00000244   Code   RO         4146    i.ETH_MACDMAConfig  stm32f4xx_hal_eth.o
    0x0800e138   0x0800e138   0x00000028   Code   RO         4147    i.ETH_MACReceptionDisable  stm32f4xx_hal_eth.o
    0x0800e160   0x0800e160   0x00000028   Code   RO         4148    i.ETH_MACReceptionEnable  stm32f4xx_hal_eth.o
    0x0800e188   0x0800e188   0x00000028   Code   RO         4149    i.ETH_MACTransmissionDisable  stm32f4xx_hal_eth.o
    0x0800e1b0   0x0800e1b0   0x00000028   Code   RO         4150    i.ETH_MACTransmissionEnable  stm32f4xx_hal_eth.o
    0x0800e1d8   0x0800e1d8   0x00000068   Code   RO          894    i.Erase_flash_sector  ota.o
    0x0800e240   0x0800e240   0x00000014   Code   RO         5218    i.Error_Handler     sensor.o
    0x0800e254   0x0800e254   0x0000005c   Code   RO         3916    i.FLASH_Erase_Sector  stm32f4xx_hal_flash_ex.o
    0x0800e2b0   0x0800e2b0   0x00000078   Code   RO         3917    i.FLASH_FlushCaches  stm32f4xx_hal_flash_ex.o
    0x0800e328   0x0800e328   0x00000030   Code   RO         3918    i.FLASH_MassErase   stm32f4xx_hal_flash_ex.o
    0x0800e358   0x0800e358   0x00000024   Code   RO         4021    i.FLASH_Program_Byte  stm32f4xx_hal_flash.o
    0x0800e37c   0x0800e37c   0x0000003c   Code   RO         4022    i.FLASH_Program_DoubleWord  stm32f4xx_hal_flash.o
    0x0800e3b8   0x0800e3b8   0x00000028   Code   RO         4023    i.FLASH_Program_HalfWord  stm32f4xx_hal_flash.o
    0x0800e3e0   0x0800e3e0   0x00000028   Code   RO         4024    i.FLASH_Program_Word  stm32f4xx_hal_flash.o
    0x0800e408   0x0800e408   0x00000098   Code   RO         4025    i.FLASH_SetErrorCode  stm32f4xx_hal_flash.o
    0x0800e4a0   0x0800e4a0   0x00000064   Code   RO         4026    i.FLASH_WaitForLastOperation  stm32f4xx_hal_flash.o
    0x0800e504   0x0800e504   0x00000048   Code   RO         3692    i.FSMC_NORSRAM_Extended_Timing_Init  stm32f4xx_ll_fsmc.o
    0x0800e54c   0x0800e54c   0x0000005c   Code   RO         3693    i.FSMC_NORSRAM_Init  stm32f4xx_ll_fsmc.o
    0x0800e5a8   0x0800e5a8   0x00000044   Code   RO         3694    i.FSMC_NORSRAM_Timing_Init  stm32f4xx_ll_fsmc.o
    0x0800e5ec   0x0800e5ec   0x000000aa   Code   RO         3813    i.HAL_DMA_Abort     stm32f4xx_hal_dma.o
    0x0800e696   0x0800e696   0x00000028   Code   RO         3814    i.HAL_DMA_Abort_IT  stm32f4xx_hal_dma.o
    0x0800e6be   0x0800e6be   0x00000002   PAD
    0x0800e6c0   0x0800e6c0   0x00000240   Code   RO         3818    i.HAL_DMA_IRQHandler  stm32f4xx_hal_dma.o
    0x0800e900   0x0800e900   0x000000ec   Code   RO         3819    i.HAL_DMA_Init      stm32f4xx_hal_dma.o
    0x0800e9ec   0x0800e9ec   0x00000092   Code   RO         3823    i.HAL_DMA_Start_IT  stm32f4xx_hal_dma.o
    0x0800ea7e   0x0800ea7e   0x00000002   PAD
    0x0800ea80   0x0800ea80   0x00000028   Code   RO         1191    i.HAL_Delay         stm32f4xx_hal.o
    0x0800eaa8   0x0800eaa8   0x0000008c   Code   RO         4153    i.HAL_ETH_DMARxDescListInit  stm32f4xx_hal_eth.o
    0x0800eb34   0x0800eb34   0x00000084   Code   RO         4154    i.HAL_ETH_DMATxDescListInit  stm32f4xx_hal_eth.o
    0x0800ebb8   0x0800ebb8   0x000000b2   Code   RO         4157    i.HAL_ETH_GetReceivedFrame  stm32f4xx_hal_eth.o
    0x0800ec6a   0x0800ec6a   0x00000002   PAD
    0x0800ec6c   0x0800ec6c   0x000002a0   Code   RO         4161    i.HAL_ETH_Init      stm32f4xx_hal_eth.o
    0x0800ef0c   0x0800ef0c   0x0000029c   Code   RO         5134    i.HAL_ETH_MspInit   ethernet.o
    0x0800f1a8   0x0800f1a8   0x00000092   Code   RO         4164    i.HAL_ETH_ReadPHYRegister  stm32f4xx_hal_eth.o
    0x0800f23a   0x0800f23a   0x00000052   Code   RO         4166    i.HAL_ETH_Start     stm32f4xx_hal_eth.o
    0x0800f28c   0x0800f28c   0x00000052   Code   RO         4167    i.HAL_ETH_Stop      stm32f4xx_hal_eth.o
    0x0800f2de   0x0800f2de   0x0000013e   Code   RO         4168    i.HAL_ETH_TransmitFrame  stm32f4xx_hal_eth.o
    0x0800f41c   0x0800f41c   0x00000090   Code   RO         4170    i.HAL_ETH_WritePHYRegister  stm32f4xx_hal_eth.o
    0x0800f4ac   0x0800f4ac   0x000000ac   Code   RO         3928    i.HAL_FLASHEx_Erase  stm32f4xx_hal_flash_ex.o
    0x0800f558   0x0800f558   0x00000014   Code   RO         4030    i.HAL_FLASH_Lock    stm32f4xx_hal_flash.o
    0x0800f56c   0x0800f56c   0x00000098   Code   RO         4035    i.HAL_FLASH_Program  stm32f4xx_hal_flash.o
    0x0800f604   0x0800f604   0x00000034   Code   RO         4037    i.HAL_FLASH_Unlock  stm32f4xx_hal_flash.o
    0x0800f638   0x0800f638   0x00000204   Code   RO         1513    i.HAL_GPIO_Init     stm32f4xx_hal_gpio.o
    0x0800f83c   0x0800f83c   0x00000010   Code   RO         1515    i.HAL_GPIO_ReadPin  stm32f4xx_hal_gpio.o
    0x0800f84c   0x0800f84c   0x00000014   Code   RO         1516    i.HAL_GPIO_TogglePin  stm32f4xx_hal_gpio.o
    0x0800f860   0x0800f860   0x0000000c   Code   RO         1517    i.HAL_GPIO_WritePin  stm32f4xx_hal_gpio.o
    0x0800f86c   0x0800f86c   0x0000000c   Code   RO         1196    i.HAL_GetREVID      stm32f4xx_hal.o
    0x0800f878   0x0800f878   0x0000000c   Code   RO         1197    i.HAL_GetTick       stm32f4xx_hal.o
    0x0800f884   0x0800f884   0x0000005e   Code   RO         4733    i.HAL_IWDG_Init     stm32f4xx_hal_iwdg.o
    0x0800f8e2   0x0800f8e2   0x0000000e   Code   RO         4734    i.HAL_IWDG_Refresh  stm32f4xx_hal_iwdg.o
    0x0800f8f0   0x0800f8f0   0x00000018   Code   RO         1203    i.HAL_IncTick       stm32f4xx_hal.o
    0x0800f908   0x0800f908   0x0000003c   Code   RO         1204    i.HAL_Init          stm32f4xx_hal.o
    0x0800f944   0x0800f944   0x0000004c   Code   RO         1205    i.HAL_InitTick      stm32f4xx_hal.o
    0x0800f990   0x0800f990   0x00000002   Code   RO         1207    i.HAL_MspInit       stm32f4xx_hal.o
    0x0800f992   0x0800f992   0x00000020   Code   RO         1375    i.HAL_NVIC_EnableIRQ  stm32f4xx_hal_cortex.o
    0x0800f9b2   0x0800f9b2   0x0000007c   Code   RO         1381    i.HAL_NVIC_SetPriority  stm32f4xx_hal_cortex.o
    0x0800fa2e   0x0800fa2e   0x00000002   PAD
    0x0800fa30   0x0800fa30   0x00000028   Code   RO         1382    i.HAL_NVIC_SetPriorityGrouping  stm32f4xx_hal_cortex.o
    0x0800fa58   0x0800fa58   0x0000001c   Code   RO         2005    i.HAL_PWR_EnableBkUpAccess  stm32f4xx_hal_pwr.o
    0x0800fa74   0x0800fa74   0x000001a0   Code   RO         1682    i.HAL_RCCEx_PeriphCLKConfig  stm32f4xx_hal_rcc_ex.o
    0x0800fc14   0x0800fc14   0x00000184   Code   RO         1577    i.HAL_RCC_ClockConfig  stm32f4xx_hal_rcc.o
    0x0800fd98   0x0800fd98   0x0000000c   Code   RO         1582    i.HAL_RCC_GetHCLKFreq  stm32f4xx_hal_rcc.o
    0x0800fda4   0x0800fda4   0x00000020   Code   RO         1584    i.HAL_RCC_GetPCLK1Freq  stm32f4xx_hal_rcc.o
    0x0800fdc4   0x0800fdc4   0x00000020   Code   RO         1585    i.HAL_RCC_GetPCLK2Freq  stm32f4xx_hal_rcc.o
    0x0800fde4   0x0800fde4   0x000000b0   Code   RO         1586    i.HAL_RCC_GetSysClockFreq  stm32f4xx_hal_rcc.o
    0x0800fe94   0x0800fe94   0x0000049c   Code   RO         1589    i.HAL_RCC_OscConfig  stm32f4xx_hal_rcc.o
    0x08010330   0x08010330   0x00000002   Code   RO         4505    i.HAL_RTCEx_AlarmBEventCallback  stm32f4xx_hal_rtc_ex.o
    0x08010332   0x08010332   0x00000012   Code   RO         4506    i.HAL_RTCEx_BKUPRead  stm32f4xx_hal_rtc_ex.o
    0x08010344   0x08010344   0x00000012   Code   RO         4507    i.HAL_RTCEx_BKUPWrite  stm32f4xx_hal_rtc_ex.o
    0x08010356   0x08010356   0x00000002   Code   RO         5322    i.HAL_RTCEx_WakeUpTimerEventCallback  rtc.o
    0x08010358   0x08010358   0x00000038   Code   RO         4539    i.HAL_RTCEx_WakeUpTimerIRQHandler  stm32f4xx_hal_rtc_ex.o
    0x08010390   0x08010390   0x00000002   Code   RO         5323    i.HAL_RTC_AlarmAEventCallback  rtc.o
    0x08010392   0x08010392   0x00000002   PAD
    0x08010394   0x08010394   0x0000006c   Code   RO         4338    i.HAL_RTC_AlarmIRQHandler  stm32f4xx_hal_rtc.o
    0x08010400   0x08010400   0x0000004c   Code   RO         4347    i.HAL_RTC_GetDate   stm32f4xx_hal_rtc.o
    0x0801044c   0x0801044c   0x00000060   Code   RO         4349    i.HAL_RTC_GetTime   stm32f4xx_hal_rtc.o
    0x080104ac   0x080104ac   0x000000d8   Code   RO         4350    i.HAL_RTC_Init      stm32f4xx_hal_rtc.o
    0x08010584   0x08010584   0x0000005c   Code   RO         5324    i.HAL_RTC_MspInit   rtc.o
    0x080105e0   0x080105e0   0x00000104   Code   RO         4356    i.HAL_RTC_SetDate   stm32f4xx_hal_rtc.o
    0x080106e4   0x080106e4   0x0000012c   Code   RO         4357    i.HAL_RTC_SetTime   stm32f4xx_hal_rtc.o
    0x08010810   0x08010810   0x0000003a   Code   RO         4358    i.HAL_RTC_WaitForSynchro  stm32f4xx_hal_rtc.o
    0x0801084a   0x0801084a   0x00000058   Code   RO         3568    i.HAL_SRAM_Init     stm32f4xx_hal_sram.o
    0x080108a2   0x080108a2   0x00000002   PAD
    0x080108a4   0x080108a4   0x000000a4   Code   RO         4787    i.HAL_SRAM_MspInit  lcd.o
    0x08010948   0x08010948   0x00000028   Code   RO         1384    i.HAL_SYSTICK_CLKSourceConfig  stm32f4xx_hal_cortex.o
    0x08010970   0x08010970   0x00000034   Code   RO         1386    i.HAL_SYSTICK_Config  stm32f4xx_hal_cortex.o
    0x080109a4   0x080109a4   0x00000066   Code   RO         2582    i.HAL_TIM_Base_Init  stm32f4xx_hal_tim.o
    0x08010a0a   0x08010a0a   0x00000002   Code   RO         2584    i.HAL_TIM_Base_MspInit  stm32f4xx_hal_tim.o
    0x08010a0c   0x08010a0c   0x000000a8   Code   RO         2587    i.HAL_TIM_Base_Start_IT  stm32f4xx_hal_tim.o
    0x08010ab4   0x08010ab4   0x00000002   Code   RO         2183    i.HAL_UARTEx_RxEventCallback  stm32f4xx_hal_uart.o
    0x08010ab6   0x08010ab6   0x00000066   Code   RO         2195    i.HAL_UART_DMAStop  stm32f4xx_hal_uart.o
    0x08010b1c   0x08010b1c   0x00000002   Code   RO         2197    i.HAL_UART_ErrorCallback  stm32f4xx_hal_uart.o
    0x08010b1e   0x08010b1e   0x00000002   PAD
    0x08010b20   0x08010b20   0x00000250   Code   RO         2200    i.HAL_UART_IRQHandler  stm32f4xx_hal_uart.o
    0x08010d70   0x08010d70   0x00000072   Code   RO         2201    i.HAL_UART_Init     stm32f4xx_hal_uart.o
    0x08010de2   0x08010de2   0x00000002   PAD
    0x08010de4   0x08010de4   0x000000cc   Code   RO         1107    i.HAL_UART_MspInit  usart.o
    0x08010eb0   0x08010eb0   0x00000042   Code   RO         2205    i.HAL_UART_Receive_DMA  stm32f4xx_hal_uart.o
    0x08010ef2   0x08010ef2   0x00000042   Code   RO         2206    i.HAL_UART_Receive_IT  stm32f4xx_hal_uart.o
    0x08010f34   0x08010f34   0x0000009c   Code   RO         1108    i.HAL_UART_RxCpltCallback  usart.o
    0x08010fd0   0x08010fd0   0x00000002   Code   RO         2208    i.HAL_UART_RxHalfCpltCallback  stm32f4xx_hal_uart.o
    0x08010fd2   0x08010fd2   0x00000002   PAD
    0x08010fd4   0x08010fd4   0x0000009c   Code   RO         2210    i.HAL_UART_Transmit_DMA  stm32f4xx_hal_uart.o
    0x08011070   0x08011070   0x00000002   Code   RO         2212    i.HAL_UART_TxCpltCallback  stm32f4xx_hal_uart.o
    0x08011072   0x08011072   0x00000002   Code   RO         2213    i.HAL_UART_TxHalfCpltCallback  stm32f4xx_hal_uart.o
    0x08011074   0x08011074   0x00000004   Code   RO          472    i.HardFault_Handler  stm32f4xx_it.o
    0x08011078   0x08011078   0x00000050   Code   RO         5442    i.IIC_Ack           myiic.o
    0x080110c8   0x080110c8   0x0000005c   Code   RO         5443    i.IIC_Init          myiic.o
    0x08011124   0x08011124   0x00000050   Code   RO         5444    i.IIC_NAck          myiic.o
    0x08011174   0x08011174   0x0000006c   Code   RO         5445    i.IIC_Read_Byte     myiic.o
    0x080111e0   0x080111e0   0x00000068   Code   RO         5446    i.IIC_Send_Byte     myiic.o
    0x08011248   0x08011248   0x0000004c   Code   RO         5447    i.IIC_Start         myiic.o
    0x08011294   0x08011294   0x0000004c   Code   RO         5448    i.IIC_Stop          myiic.o
    0x080112e0   0x080112e0   0x00000054   Code   RO         5449    i.IIC_Wait_Ack      myiic.o
    0x08011334   0x08011334   0x00000010   Code   RO         5406    i.IWDG_Feed         iwdg.o
    0x08011344   0x08011344   0x00000020   Code   RO         5407    i.IWDG_Init         iwdg.o
    0x08011364   0x08011364   0x000000e8   Code   RO         5219    i.MX_DMA_Init       sensor.o
    0x0801144c   0x0801144c   0x00000068   Code   RO         5220    i.MX_GPIO_Init      sensor.o
    0x080114b4   0x080114b4   0x00000078   Code   RO         5221    i.MX_USART3_UART_Init  sensor.o
    0x0801152c   0x0801152c   0x00000004   Code   RO          473    i.MemManage_Handler  stm32f4xx_it.o
    0x08011530   0x08011530   0x00000002   Code   RO          474    i.NMI_Handler       stm32f4xx_it.o
    0x08011532   0x08011532   0x00000002   PAD
    0x08011534   0x08011534   0x000000ac   Code   RO          896    i.Ota_End           ota.o
    0x080115e0   0x080115e0   0x000000c8   Code   RO          897    i.Ota_OprationAfterJump  ota.o
    0x080116a8   0x080116a8   0x00000220   Code   RO          898    i.Ota_ProcessPacket  ota.o
    0x080118c8   0x080118c8   0x00000018   Code   RO          899    i.Ota_SendAck       ota.o
    0x080118e0   0x080118e0   0x00000180   Code   RO          900    i.Ota_Start         ota.o
    0x08011a60   0x08011a60   0x00000010   Code   RO         5325    i.RTC_Alarm_IRQHandler  rtc.o
    0x08011a70   0x08011a70   0x00000016   Code   RO         4359    i.RTC_Bcd2ToByte    stm32f4xx_hal_rtc.o
    0x08011a86   0x08011a86   0x0000001a   Code   RO         4360    i.RTC_ByteToBcd2    stm32f4xx_hal_rtc.o
    0x08011aa0   0x08011aa0   0x0000003e   Code   RO         4361    i.RTC_EnterInitMode  stm32f4xx_hal_rtc.o
    0x08011ade   0x08011ade   0x00000002   PAD
    0x08011ae0   0x08011ae0   0x00000068   Code   RO         5326    i.RTC_Init          rtc.o
    0x08011b48   0x08011b48   0x0000002c   Code   RO         5328    i.RTC_Set_Date      rtc.o
    0x08011b74   0x08011b74   0x00000034   Code   RO         5329    i.RTC_Set_Time      rtc.o
    0x08011ba8   0x08011ba8   0x00000010   Code   RO         5331    i.RTC_WKUP_IRQHandler  rtc.o
    0x08011bb8   0x08011bb8   0x000000b4   Code   RO          722    i.Sensor_Data_UpData_Task  freertos_demo.o
    0x08011c6c   0x08011c6c   0x00000014   Code   RO          997    i.SysTick_Handler   delay.o
    0x08011c80   0x08011c80   0x00000014   Code   RO          686    i.SystemInit        system_stm32f4xx.o
    0x08011c94   0x08011c94   0x00000044   Code   RO         5676    i.TIM4_IRQHandler   usmart_port.o
    0x08011cd8   0x08011cd8   0x000000d8   Code   RO         2675    i.TIM_Base_SetConfig  stm32f4xx_hal_tim.o
    0x08011db0   0x08011db0   0x00000014   Code   RO         2214    i.UART_DMAAbortOnError  stm32f4xx_hal_uart.o
    0x08011dc4   0x08011dc4   0x00000050   Code   RO         2215    i.UART_DMAError     stm32f4xx_hal_uart.o
    0x08011e14   0x08011e14   0x00000068   Code   RO         2216    i.UART_DMAReceiveCplt  stm32f4xx_hal_uart.o
    0x08011e7c   0x08011e7c   0x00000020   Code   RO         2218    i.UART_DMARxHalfCplt  stm32f4xx_hal_uart.o
    0x08011e9c   0x08011e9c   0x00000036   Code   RO         2220    i.UART_DMATransmitCplt  stm32f4xx_hal_uart.o
    0x08011ed2   0x08011ed2   0x0000000e   Code   RO         2222    i.UART_DMATxHalfCplt  stm32f4xx_hal_uart.o
    0x08011ee0   0x08011ee0   0x00000036   Code   RO         2224    i.UART_EndRxTransfer  stm32f4xx_hal_uart.o
    0x08011f16   0x08011f16   0x00000020   Code   RO         2225    i.UART_EndTransmit_IT  stm32f4xx_hal_uart.o
    0x08011f36   0x08011f36   0x00000014   Code   RO         2226    i.UART_EndTxTransfer  stm32f4xx_hal_uart.o
    0x08011f4a   0x08011f4a   0x000000be   Code   RO         2227    i.UART_Receive_IT   stm32f4xx_hal_uart.o
    0x08012008   0x08012008   0x0000022c   Code   RO         2228    i.UART_SetConfig    stm32f4xx_hal_uart.o
    0x08012234   0x08012234   0x00000098   Code   RO         2229    i.UART_Start_Receive_DMA  stm32f4xx_hal_uart.o
    0x080122cc   0x080122cc   0x00000046   Code   RO         2230    i.UART_Start_Receive_IT  stm32f4xx_hal_uart.o
    0x08012312   0x08012312   0x00000060   Code   RO         2231    i.UART_Transmit_IT  stm32f4xx_hal_uart.o
    0x08012372   0x08012372   0x00000002   PAD
    0x08012374   0x08012374   0x00000010   Code   RO         1109    i.USART1_IRQHandler  usart.o
    0x08012384   0x08012384   0x00000038   Code   RO         5222    i.USART3_DMA_Init   sensor.o
    0x080123bc   0x080123bc   0x00000030   Code   RO         5223    i.USART3_DMA_SendData  sensor.o
    0x080123ec   0x080123ec   0x00000098   Code   RO         5224    i.USART3_IRQHandler  sensor.o
    0x08012484   0x08012484   0x00000104   Code   RO         5226    i.USART3_Process_Task  sensor.o
    0x08012588   0x08012588   0x00000030   Code   RO         5227    i.USART3_Send_Commend_Task  sensor.o
    0x080125b8   0x080125b8   0x00000004   Code   RO          475    i.UsageFault_Handler  stm32f4xx_it.o
    0x080125bc   0x080125bc   0x000000a4   Code   RO          901    i.WriteFlash        ota.o
    0x08012660   0x08012660   0x00000030   Code   RO        11556    i.__ARM_fpclassify  m_wm.l(fpclassify.o)
    0x08012690   0x08012690   0x00000010   Code   RO         1388    i.__NVIC_GetPriorityGrouping  stm32f4xx_hal_cortex.o
    0x080126a0   0x080126a0   0x00000028   Code   RO         1389    i.__NVIC_SetPriority  stm32f4xx_hal_cortex.o
    0x080126c8   0x080126c8   0x0000000e   Code   RO        11331    i._is_digit         c_w.l(__printf_wp.o)
    0x080126d6   0x080126d6   0x00000004   Code   RO         1111    i._sys_exit         usart.o
    0x080126da   0x080126da   0x00000002   PAD
    0x080126dc   0x080126dc   0x0000013c   Code   RO         6170    i.accept_function   api_msg.o
    0x08012818   0x08012818   0x000000bc   Code   RO         6639    i.alloc_socket      sockets.o
    0x080128d4   0x080128d4   0x00000014   Code   RO          902    i.bootInfoStruct_readFrom24C02  ota.o
    0x080128e8   0x080128e8   0x00000014   Code   RO          903    i.bootInfoStruct_storageTo24C02  ota.o
    0x080128fc   0x080128fc   0x00000032   Code   RO         5228    i.crc16             sensor.o
    0x0801292e   0x0801292e   0x00000002   PAD
    0x08012930   0x08012930   0x00000038   Code   RO          998    i.delay_init        delay.o
    0x08012968   0x08012968   0x00000018   Code   RO          999    i.delay_ms          delay.o
    0x08012980   0x08012980   0x00000048   Code   RO         1000    i.delay_us          delay.o
    0x080129c8   0x080129c8   0x0000004c   Code   RO          723    i.display_task      freertos_demo.o
    0x08012a14   0x08012a14   0x00000024   Code   RO         7241    i.dns_backupserver_available  dns.o
    0x08012a38   0x08012a38   0x00000108   Code   RO         7242    i.dns_call_found    dns.o
    0x08012b40   0x08012b40   0x00000016   Code   RO         7243    i.dns_check_entries  dns.o
    0x08012b56   0x08012b56   0x00000002   PAD
    0x08012b58   0x08012b58   0x0000011c   Code   RO         7244    i.dns_check_entry   dns.o
    0x08012c74   0x08012c74   0x00000040   Code   RO         7247    i.dns_create_txid   dns.o
    0x08012cb4   0x08012cb4   0x0000000e   Code   RO         7252    i.dns_init          dns.o
    0x08012cc2   0x08012cc2   0x00000002   PAD
    0x08012cc4   0x08012cc4   0x00000188   Code   RO         7255    i.dns_send          dns.o
    0x08012e4c   0x08012e4c   0x0000000c   Code   RO         7258    i.dns_tmr           dns.o
    0x08012e58   0x08012e58   0x00000058   Code   RO         7638    i.do_memp_free_pool  memp.o
    0x08012eb0   0x08012eb0   0x00000068   Code   RO         7639    i.do_memp_malloc_pool  memp.o
    0x08012f18   0x08012f18   0x0000018c   Code   RO         6171    i.err_tcp           api_msg.o
    0x080130a4   0x080130a4   0x00000020   Code   RO         6387    i.err_to_errno      err.o
    0x080130c4   0x080130c4   0x00000038   Code   RO         9038    i.etharp_cleanup_netif  etharp.o
    0x080130fc   0x080130fc   0x00000290   Code   RO         9040    i.etharp_find_entry  etharp.o
    0x0801338c   0x0801338c   0x00000078   Code   RO         9041    i.etharp_free_entry  etharp.o
    0x08013404   0x08013404   0x000000ec   Code   RO         9043    i.etharp_input      etharp.o
    0x080134f0   0x080134f0   0x000001a8   Code   RO         9044    i.etharp_output     etharp.o
    0x08013698   0x08013698   0x00000100   Code   RO         9045    i.etharp_output_to_arp_index  etharp.o
    0x08013798   0x08013798   0x00000268   Code   RO         9046    i.etharp_query      etharp.o
    0x08013a00   0x08013a00   0x00000118   Code   RO         9047    i.etharp_raw        etharp.o
    0x08013b18   0x08013b18   0x0000001c   Code   RO         9048    i.etharp_request    etharp.o
    0x08013b34   0x08013b34   0x0000002c   Code   RO         9049    i.etharp_request_dst  etharp.o
    0x08013b60   0x08013b60   0x000000e4   Code   RO         9050    i.etharp_tmr        etharp.o
    0x08013c44   0x08013c44   0x00000100   Code   RO         9051    i.etharp_update_arp_entry  etharp.o
    0x08013d44   0x08013d44   0x00000010   Code   RO         5135    i.ethernet_chip_get_speed  ethernet.o
    0x08013d54   0x08013d54   0x00000024   Code   RO         5136    i.ethernet_get_eth_rx_size  ethernet.o
    0x08013d78   0x08013d78   0x00000078   Code   RO         5137    i.ethernet_init     ethernet.o
    0x08013df0   0x08013df0   0x000000d8   Code   RO         9413    i.ethernet_input    ethernet_1.o
    0x08013ec8   0x08013ec8   0x00000074   Code   RO         5139    i.ethernet_mem_malloc  ethernet.o
    0x08013f3c   0x08013f3c   0x000000a4   Code   RO         9414    i.ethernet_output   ethernet_1.o
    0x08013fe0   0x08013fe0   0x00000018   Code   RO         5140    i.ethernet_read_phy  ethernet.o
    0x08013ff8   0x08013ff8   0x00000068   Code   RO         9449    i.ethernetif_init   ethernetif.o
    0x08014060   0x08014060   0x00000064   Code   RO         9450    i.ethernetif_input  ethernetif.o
    0x080140c4   0x080140c4   0x00000110   Code   RO         6640    i.event_callback    sockets.o
    0x080141d4   0x080141d4   0x0000001c   Code   RO         1113    i.fputc             usart.o
    0x080141f0   0x080141f0   0x00000032   Code   RO         6641    i.free_socket       sockets.o
    0x08014222   0x08014222   0x00000026   Code   RO         6642    i.free_socket_free_elements  sockets.o
    0x08014248   0x08014248   0x00000018   Code   RO         6643    i.free_socket_locked  sockets.o
    0x08014260   0x08014260   0x000000b4   Code   RO          724    i.freertos_demo     freertos_demo.o
    0x08014314   0x08014314   0x00000030   Code   RO         6644    i.get_socket        sockets.o
    0x08014344   0x08014344   0x00000012   Code   RO         9147    i.icmp_dest_unreach  icmp.o
    0x08014356   0x08014356   0x00000002   PAD
    0x08014358   0x08014358   0x00000258   Code   RO         9148    i.icmp_input        icmp.o
    0x080145b0   0x080145b0   0x000000e0   Code   RO         9149    i.icmp_send_response  icmp.o
    0x08014690   0x08014690   0x00000012   Code   RO         9150    i.icmp_time_exceeded  icmp.o
    0x080146a2   0x080146a2   0x00000056   Code   RO         7387    i.inet_chksum_pbuf  inet_chksum.o
    0x080146f8   0x080146f8   0x0000004e   Code   RO         9264    i.ip4_addr_isbroadcast_u32  ip4_addr.o
    0x08014746   0x08014746   0x00000002   PAD
    0x08014748   0x08014748   0x00000250   Code   RO         9332    i.ip4_frag          ip4_frag.o
    0x08014998   0x08014998   0x000001d4   Code   RO         9209    i.ip4_input         ip4.o
    0x08014b6c   0x08014b6c   0x0000003c   Code   RO         9210    i.ip4_input_accept  ip4.o
    0x08014ba8   0x08014ba8   0x00000036   Code   RO         9212    i.ip4_output_if     ip4.o
    0x08014bde   0x08014bde   0x00000002   PAD
    0x08014be0   0x08014be0   0x00000140   Code   RO         9213    i.ip4_output_if_src  ip4.o
    0x08014d20   0x08014d20   0x00000298   Code   RO         9333    i.ip4_reass         ip4_frag.o
    0x08014fb8   0x08014fb8   0x00000098   Code   RO         9214    i.ip4_route         ip4.o
    0x08015050   0x08015050   0x0000000a   Code   RO         9334    i.ip_frag_alloc_pbuf_custom_ref  ip4_frag.o
    0x0801505a   0x0801505a   0x00000002   PAD
    0x0801505c   0x0801505c   0x0000002c   Code   RO         9335    i.ip_frag_free_pbuf_custom_ref  ip4_frag.o
    0x08015088   0x08015088   0x00000274   Code   RO         9336    i.ip_reass_chain_frag_into_datagram_and_validate  ip4_frag.o
    0x080152fc   0x080152fc   0x00000054   Code   RO         9337    i.ip_reass_dequeue_datagram  ip4_frag.o
    0x08015350   0x08015350   0x00000058   Code   RO         9338    i.ip_reass_enqueue_new_datagram  ip4_frag.o
    0x080153a8   0x080153a8   0x0000015c   Code   RO         9339    i.ip_reass_free_complete_datagram  ip4_frag.o
    0x08015504   0x08015504   0x00000088   Code   RO         9340    i.ip_reass_remove_oldest_datagram  ip4_frag.o
    0x0801558c   0x0801558c   0x0000003c   Code   RO         9341    i.ip_reass_tmr      ip4_frag.o
    0x080155c8   0x080155c8   0x00000054   Code   RO         9342    i.ipfrag_free_pbuf_custom  ip4_frag.o
    0x0801561c   0x0801561c   0x00000138   Code   RO          725    i.iwdg_fresh_task   freertos_demo.o
    0x08015754   0x08015754   0x000000fc   Code   RO         5048    i.key_init          key.o
    0x08015850   0x08015850   0x000000c4   Code   RO         5049    i.key_scan          key.o
    0x08015914   0x08015914   0x00000040   Code   RO          726    i.key_task          freertos_demo.o
    0x08015954   0x08015954   0x00000034   Code   RO         4788    i.lcd_clear         lcd.o
    0x08015988   0x08015988   0x0000016c   Code   RO         4790    i.lcd_display_dir   lcd.o
    0x08015af4   0x08015af4   0x00000020   Code   RO         4796    i.lcd_draw_point    lcd.o
    0x08015b14   0x08015b14   0x0000022c   Code   RO         4798    i.lcd_ex_ili9341_reginit  lcd.o
    0x08015d40   0x08015d40   0x00000340   Code   RO         4799    i.lcd_ex_ili9806_reginit  lcd.o
    0x08016080   0x08016080   0x00000ef2   Code   RO         4800    i.lcd_ex_nt35310_reginit  lcd.o
    0x08016f72   0x08016f72   0x00000efc   Code   RO         4801    i.lcd_ex_nt35510_reginit  lcd.o
    0x08017e6e   0x08017e6e   0x0000016e   Code   RO         4802    i.lcd_ex_ssd1963_reginit  lcd.o
    0x08017fdc   0x08017fdc   0x000001a8   Code   RO         4803    i.lcd_ex_st7789_reginit  lcd.o
    0x08018184   0x08018184   0x000001c6   Code   RO         4804    i.lcd_ex_st7796_reginit  lcd.o
    0x0801834a   0x0801834a   0x00000002   PAD
    0x0801834c   0x0801834c   0x00000054   Code   RO         4805    i.lcd_fill          lcd.o
    0x080183a0   0x080183a0   0x00000514   Code   RO         4807    i.lcd_init          lcd.o
    0x080188b4   0x080188b4   0x0000000c   Code   RO         4808    i.lcd_opt_delay     lcd.o
    0x080188c0   0x080188c0   0x00000018   Code   RO         4810    i.lcd_rd_data       lcd.o
    0x080188d8   0x080188d8   0x0000023c   Code   RO         4812    i.lcd_scan_dir      lcd.o
    0x08018b14   0x08018b14   0x00000120   Code   RO         4813    i.lcd_set_cursor    lcd.o
    0x08018c34   0x08018c34   0x00000140   Code   RO         4815    i.lcd_show_char     lcd.o
    0x08018d74   0x08018d74   0x0000006a   Code   RO         4817    i.lcd_show_string   lcd.o
    0x08018dde   0x08018dde   0x00000002   PAD
    0x08018de0   0x08018de0   0x00000060   Code   RO         4819    i.lcd_ssd_backlight_set  lcd.o
    0x08018e40   0x08018e40   0x00000018   Code   RO         4820    i.lcd_wr_data       lcd.o
    0x08018e58   0x08018e58   0x00000018   Code   RO         4821    i.lcd_wr_regno      lcd.o
    0x08018e70   0x08018e70   0x00000014   Code   RO         4822    i.lcd_write_ram_prepare  lcd.o
    0x08018e84   0x08018e84   0x00000014   Code   RO         4823    i.lcd_write_reg     lcd.o
    0x08018e98   0x08018e98   0x00000098   Code   RO         4763    i.led_init          led.o
    0x08018f30   0x08018f30   0x00000038   Code   RO          727    i.led_task          freertos_demo.o
    0x08018f68   0x08018f68   0x000000bc   Code   RO         9451    i.low_level_init    ethernetif.o
    0x08019024   0x08019024   0x000000fc   Code   RO         9452    i.low_level_input   ethernetif.o
    0x08019120   0x08019120   0x000000e8   Code   RO         9453    i.low_level_output  ethernetif.o
    0x08019208   0x08019208   0x00000208   Code   RO         6645    i.lwip_accept       sockets.o
    0x08019410   0x08019410   0x000000e0   Code   RO         6646    i.lwip_bind         sockets.o
    0x080194f0   0x080194f0   0x000000a0   Code   RO         6647    i.lwip_close        sockets.o
    0x08019590   0x08019590   0x0000005a   Code   RO         9527    i.lwip_comm_default_ip_set  lwip_comm.o
    0x080195ea   0x080195ea   0x00000002   PAD
    0x080195ec   0x080195ec   0x0000038c   Code   RO         9528    i.lwip_comm_init    lwip_comm.o
    0x08019978   0x08019978   0x00000050   Code   RO         8781    i.lwip_cyclic_timer  timeouts.o
    0x080199c8   0x080199c8   0x00000030   Code   RO         9820    i.lwip_data_send    lwip_demo.o
    0x080199f8   0x080199f8   0x0000020c   Code   RO         9821    i.lwip_demo         lwip_demo.o
    0x08019c04   0x08019c04   0x00000010   Code   RO          728    i.lwip_demo_task    freertos_demo.o
    0x08019c14   0x08019c14   0x0000001a   Code   RO         7185    i.lwip_htonl        def.o
    0x08019c2e   0x08019c2e   0x0000000c   Code   RO         7186    i.lwip_htons        def.o
    0x08019c3a   0x08019c3a   0x00000002   PAD
    0x08019c3c   0x08019c3c   0x00000044   Code   RO         7459    i.lwip_init         init.o
    0x08019c80   0x08019c80   0x00000002   Code   RO         9529    i.lwip_link_status_updated  lwip_comm.o
    0x08019c82   0x08019c82   0x00000002   PAD
    0x08019c84   0x08019c84   0x00000074   Code   RO         9530    i.lwip_link_thread  lwip_comm.o
    0x08019cf8   0x08019cf8   0x00000098   Code   RO         6659    i.lwip_listen       sockets.o
    0x08019d90   0x08019d90   0x0000004c   Code   RO         6172    i.lwip_netconn_do_bind  api_msg.o
    0x08019ddc   0x08019ddc   0x000000e8   Code   RO         6174    i.lwip_netconn_do_close  api_msg.o
    0x08019ec4   0x08019ec4   0x000002c4   Code   RO         6175    i.lwip_netconn_do_close_internal  api_msg.o
    0x0801a188   0x0801a188   0x00000194   Code   RO         6178    i.lwip_netconn_do_delconn  api_msg.o
    0x0801a31c   0x0801a31c   0x000000d0   Code   RO         6181    i.lwip_netconn_do_getaddr  api_msg.o
    0x0801a3ec   0x0801a3ec   0x000000dc   Code   RO         6183    i.lwip_netconn_do_listen  api_msg.o
    0x0801a4c8   0x0801a4c8   0x00000018   Code   RO         6184    i.lwip_netconn_do_newconn  api_msg.o
    0x0801a4e0   0x0801a4e0   0x00000048   Code   RO         6185    i.lwip_netconn_do_recv  api_msg.o
    0x0801a528   0x0801a528   0x00000064   Code   RO         6186    i.lwip_netconn_do_send  api_msg.o
    0x0801a58c   0x0801a58c   0x000000fc   Code   RO         6187    i.lwip_netconn_do_write  api_msg.o
    0x0801a688   0x0801a688   0x0000038c   Code   RO         6188    i.lwip_netconn_do_writemore  api_msg.o
    0x0801aa14   0x0801aa14   0x00000054   Code   RO         6189    i.lwip_netconn_err_to_msg  api_msg.o
    0x0801aa68   0x0801aa68   0x0000005c   Code   RO         6190    i.lwip_netconn_is_err_msg  api_msg.o
    0x0801aac4   0x0801aac4   0x00000030   Code   RO         9531    i.lwip_pkt_handle   lwip_comm.o
    0x0801aaf4   0x0801aaf4   0x00000048   Code   RO         6661    i.lwip_poll_should_wake  sockets.o
    0x0801ab3c   0x0801ab3c   0x00000022   Code   RO         6665    i.lwip_recv         sockets.o
    0x0801ab5e   0x0801ab5e   0x00000002   PAD
    0x0801ab60   0x0801ab60   0x0000020c   Code   RO         6666    i.lwip_recv_tcp     sockets.o
    0x0801ad6c   0x0801ad6c   0x00000050   Code   RO         6667    i.lwip_recv_tcp_from  sockets.o
    0x0801adbc   0x0801adbc   0x00000110   Code   RO         6668    i.lwip_recvfrom     sockets.o
    0x0801aecc   0x0801aecc   0x0000016c   Code   RO         6669    i.lwip_recvfrom_udp_raw  sockets.o
    0x0801b038   0x0801b038   0x000000a8   Code   RO         6673    i.lwip_send         sockets.o
    0x0801b0e0   0x0801b0e0   0x0000004c   Code   RO         9822    i.lwip_send_thread  lwip_demo.o
    0x0801b12c   0x0801b12c   0x00000148   Code   RO         6675    i.lwip_sendto       sockets.o
    0x0801b274   0x0801b274   0x000000cc   Code   RO         6679    i.lwip_sock_make_addr  sockets.o
    0x0801b340   0x0801b340   0x000000c0   Code   RO         6680    i.lwip_socket       sockets.o
    0x0801b400   0x0801b400   0x0000005e   Code   RO         7394    i.lwip_standard_chksum  inet_chksum.o
    0x0801b45e   0x0801b45e   0x00000002   PAD
    0x0801b460   0x0801b460   0x000001b0   Code   RO          729    i.lwip_test_ui      freertos_demo.o
    0x0801b610   0x0801b610   0x00000110   Code   RO           13    i.main              main.o
    0x0801b720   0x0801b720   0x000001a4   Code   RO         7557    i.mem_free          mem.o
    0x0801b8c4   0x0801b8c4   0x00000094   Code   RO         7558    i.mem_init          mem.o
    0x0801b958   0x0801b958   0x00000058   Code   RO         7559    i.mem_link_valid    mem.o
    0x0801b9b0   0x0801b9b0   0x00000240   Code   RO         7560    i.mem_malloc        mem.o
    0x0801bbf0   0x0801bbf0   0x00000010   Code   RO         7561    i.mem_to_ptr        mem.o
    0x0801bc00   0x0801bc00   0x000001dc   Code   RO         7562    i.mem_trim          mem.o
    0x0801bddc   0x0801bddc   0x00000050   Code   RO         7640    i.memp_free         memp.o
    0x0801be2c   0x0801be2c   0x00000020   Code   RO         7642    i.memp_init         memp.o
    0x0801be4c   0x0801be4c   0x0000002c   Code   RO         7643    i.memp_init_pool    memp.o
    0x0801be78   0x0801be78   0x00000050   Code   RO         7644    i.memp_malloc       memp.o
    0x0801bec8   0x0801bec8   0x0000006c   Code   RO         5812    i.my_mem_free       malloc.o
    0x0801bf34   0x0801bf34   0x00000030   Code   RO         5813    i.my_mem_init       malloc.o
    0x0801bf64   0x0801bf64   0x000000a8   Code   RO         5814    i.my_mem_malloc     malloc.o
    0x0801c00c   0x0801c00c   0x00000040   Code   RO         5815    i.my_mem_perused    malloc.o
    0x0801c04c   0x0801c04c   0x00000014   Code   RO         5816    i.my_mem_set        malloc.o
    0x0801c060   0x0801c060   0x00000024   Code   RO         5817    i.myfree            malloc.o
    0x0801c084   0x0801c084   0x00000028   Code   RO         5818    i.mymalloc          malloc.o
    0x0801c0ac   0x0801c0ac   0x00000020   Code   RO         6483    i.netbuf_delete     netbuf.o
    0x0801c0cc   0x0801c0cc   0x00000048   Code   RO         6485    i.netbuf_free       netbuf.o
    0x0801c114   0x0801c114   0x0000006c   Code   RO         6488    i.netbuf_ref        netbuf.o
    0x0801c180   0x0801c180   0x00000108   Code   RO         5893    i.netconn_accept    api_lib.o
    0x0801c288   0x0801c288   0x000000bc   Code   RO         6191    i.netconn_alloc     api_msg.o
    0x0801c344   0x0801c344   0x00000026   Code   RO         5894    i.netconn_apimsg    api_lib.o
    0x0801c36a   0x0801c36a   0x00000002   PAD
    0x0801c36c   0x0801c36c   0x00000060   Code   RO         5895    i.netconn_bind      api_lib.o
    0x0801c3cc   0x0801c3cc   0x0000005c   Code   RO         5898    i.netconn_close_shutdown  api_lib.o
    0x0801c428   0x0801c428   0x0000001e   Code   RO         5900    i.netconn_delete    api_lib.o
    0x0801c446   0x0801c446   0x000000a2   Code   RO         6192    i.netconn_drain     api_msg.o
    0x0801c4e8   0x0801c4e8   0x00000022   Code   RO         5902    i.netconn_err       api_lib.o
    0x0801c50a   0x0801c50a   0x00000002   PAD
    0x0801c50c   0x0801c50c   0x00000104   Code   RO         6193    i.netconn_free      api_msg.o
    0x0801c610   0x0801c610   0x000000d0   Code   RO         5903    i.netconn_getaddr   api_lib.o
    0x0801c6e0   0x0801c6e0   0x00000054   Code   RO         5905    i.netconn_listen_with_backlog  api_lib.o
    0x0801c734   0x0801c734   0x00000130   Code   RO         5906    i.netconn_new_with_proto_and_callback  api_lib.o
    0x0801c864   0x0801c864   0x00000030   Code   RO         5907    i.netconn_prepare_delete  api_lib.o
    0x0801c894   0x0801c894   0x00000174   Code   RO         5909    i.netconn_recv_data  api_lib.o
    0x0801ca08   0x0801ca08   0x000000c6   Code   RO         5910    i.netconn_recv_data_tcp  api_lib.o
    0x0801cace   0x0801cace   0x00000002   PAD
    0x0801cad0   0x0801cad0   0x00000058   Code   RO         5912    i.netconn_recv_tcp_pbuf_flags  api_lib.o
    0x0801cb28   0x0801cb28   0x00000060   Code   RO         5914    i.netconn_recv_udp_raw_netbuf_flags  api_lib.o
    0x0801cb88   0x0801cb88   0x00000058   Code   RO         5915    i.netconn_send      api_lib.o
    0x0801cbe0   0x0801cbe0   0x00000060   Code   RO         5918    i.netconn_tcp_recvd  api_lib.o
    0x0801cc40   0x0801cc40   0x00000060   Code   RO         5919    i.netconn_tcp_recvd_msg  api_lib.o
    0x0801cca0   0x0801cca0   0x00000028   Code   RO         5920    i.netconn_write_partly  api_lib.o
    0x0801ccc8   0x0801ccc8   0x0000016c   Code   RO         5921    i.netconn_write_vectors_partly  api_lib.o
    0x0801ce34   0x0801ce34   0x000001d0   Code   RO         7745    i.netif_add         netif.o
    0x0801d004   0x0801d004   0x00000018   Code   RO         7747    i.netif_do_ip_addr_changed  netif.o
    0x0801d01c   0x0801d01c   0x0000002a   Code   RO         7748    i.netif_do_set_gw   netif.o
    0x0801d046   0x0801d046   0x00000002   PAD
    0x0801d048   0x0801d048   0x00000078   Code   RO         7749    i.netif_do_set_ipaddr  netif.o
    0x0801d0c0   0x0801d0c0   0x0000002a   Code   RO         7750    i.netif_do_set_netmask  netif.o
    0x0801d0ea   0x0801d0ea   0x00000002   PAD
    0x0801d0ec   0x0801d0ec   0x00000028   Code   RO         7752    i.netif_get_by_index  netif.o
    0x0801d114   0x0801d114   0x00000002   Code   RO         7754    i.netif_init        netif.o
    0x0801d116   0x0801d116   0x00000002   PAD
    0x0801d118   0x0801d118   0x00000070   Code   RO         7756    i.netif_issue_reports  netif.o
    0x0801d188   0x0801d188   0x00000008   Code   RO         7758    i.netif_null_output_ip4  netif.o
    0x0801d190   0x0801d190   0x00000060   Code   RO         7760    i.netif_set_addr    netif.o
    0x0801d1f0   0x0801d1f0   0x00000010   Code   RO         7761    i.netif_set_default  netif.o
    0x0801d200   0x0801d200   0x00000064   Code   RO         7762    i.netif_set_down    netif.o
    0x0801d264   0x0801d264   0x00000006   Code   RO         7765    i.netif_set_link_callback  netif.o
    0x0801d26a   0x0801d26a   0x00000002   PAD
    0x0801d26c   0x0801d26c   0x00000068   Code   RO         7766    i.netif_set_link_down  netif.o
    0x0801d2d4   0x0801d2d4   0x00000070   Code   RO         7767    i.netif_set_link_up  netif.o
    0x0801d344   0x0801d344   0x00000058   Code   RO         7769    i.netif_set_up      netif.o
    0x0801d39c   0x0801d39c   0x0000002c   Code   RO          730    i.ota_task          freertos_demo.o
    0x0801d3c8   0x0801d3c8   0x00000012   Code   RO         7934    i.pbuf_add_header   pbuf.o
    0x0801d3da   0x0801d3da   0x00000002   PAD
    0x0801d3dc   0x0801d3dc   0x00000090   Code   RO         7936    i.pbuf_add_header_impl  pbuf.o
    0x0801d46c   0x0801d46c   0x00000224   Code   RO         7937    i.pbuf_alloc        pbuf.o
    0x0801d690   0x0801d690   0x00000060   Code   RO         7938    i.pbuf_alloc_reference  pbuf.o
    0x0801d6f0   0x0801d6f0   0x0000005a   Code   RO         7939    i.pbuf_alloced_custom  pbuf.o
    0x0801d74a   0x0801d74a   0x00000002   PAD
    0x0801d74c   0x0801d74c   0x000000dc   Code   RO         7940    i.pbuf_cat          pbuf.o
    0x0801d828   0x0801d828   0x0000001a   Code   RO         7941    i.pbuf_chain        pbuf.o
    0x0801d842   0x0801d842   0x00000012   Code   RO         7942    i.pbuf_clen         pbuf.o
    0x0801d854   0x0801d854   0x00000050   Code   RO         7943    i.pbuf_clone        pbuf.o
    0x0801d8a4   0x0801d8a4   0x0000004c   Code   RO         7945    i.pbuf_copy         pbuf.o
    0x0801d8f0   0x0801d8f0   0x000000d8   Code   RO         7946    i.pbuf_copy_partial  pbuf.o
    0x0801d9c8   0x0801d9c8   0x00000248   Code   RO         7947    i.pbuf_copy_partial_pbuf  pbuf.o
    0x0801dc10   0x0801dc10   0x00000138   Code   RO         7949    i.pbuf_free         pbuf.o
    0x0801dd48   0x0801dd48   0x00000040   Code   RO         7950    i.pbuf_free_header  pbuf.o
    0x0801dd88   0x0801dd88   0x00000012   Code   RO         7954    i.pbuf_header_force  pbuf.o
    0x0801dd9a   0x0801dd9a   0x00000022   Code   RO         7955    i.pbuf_header_impl  pbuf.o
    0x0801ddbc   0x0801ddbc   0x0000001e   Code   RO         7956    i.pbuf_init_alloced_pbuf  pbuf.o
    0x0801ddda   0x0801ddda   0x0000002a   Code   RO         7959    i.pbuf_put_at       pbuf.o
    0x0801de04   0x0801de04   0x000000f0   Code   RO         7960    i.pbuf_realloc      pbuf.o
    0x0801def4   0x0801def4   0x00000048   Code   RO         7961    i.pbuf_ref          pbuf.o
    0x0801df3c   0x0801df3c   0x00000090   Code   RO         7962    i.pbuf_remove_header  pbuf.o
    0x0801dfcc   0x0801dfcc   0x0000001c   Code   RO         7963    i.pbuf_skip         pbuf.o
    0x0801dfe8   0x0801dfe8   0x00000022   Code   RO         7964    i.pbuf_skip_const   pbuf.o
    0x0801e00a   0x0801e00a   0x00000002   PAD
    0x0801e00c   0x0801e00c   0x00000144   Code   RO         7966    i.pbuf_take         pbuf.o
    0x0801e150   0x0801e150   0x000000a8   Code   RO         7967    i.pbuf_take_at      pbuf.o
    0x0801e1f8   0x0801e1f8   0x000000a8   Code   RO         6194    i.pcb_new           api_msg.o
    0x0801e2a0   0x0801e2a0   0x00000160   Code   RO         7563    i.plug_holes        mem.o
    0x0801e400   0x0801e400   0x000000a4   Code   RO         6195    i.poll_tcp          api_msg.o
    0x0801e4a4   0x0801e4a4   0x000000cc   Code   RO        10522    i.prvAddCurrentTaskToDelayedList  tasks.o
    0x0801e570   0x0801e570   0x000000ec   Code   RO        10523    i.prvAddNewTaskToReadyList  tasks.o
    0x0801e65c   0x0801e65c   0x00000064   Code   RO        10947    i.prvCheckForValidListAndQueue  timers.o
    0x0801e6c0   0x0801e6c0   0x00000048   Code   RO        10524    i.prvCheckTasksWaitingTermination  tasks.o
    0x0801e708   0x0801e708   0x0000002a   Code   RO        10085    i.prvCopyDataFromQueue  queue.o
    0x0801e732   0x0801e732   0x0000007e   Code   RO        10086    i.prvCopyDataToQueue  queue.o
    0x0801e7b0   0x0801e7b0   0x00000012   Code   RO        10525    i.prvDeleteTCB      tasks.o
    0x0801e7c2   0x0801e7c2   0x00000014   Code   RO        10087    i.prvGetDisinheritPriorityAfterTimeout  queue.o
    0x0801e7d6   0x0801e7d6   0x00000002   PAD
    0x0801e7d8   0x0801e7d8   0x00000028   Code   RO        10948    i.prvGetNextExpireTime  timers.o
    0x0801e800   0x0801e800   0x0000007c   Code   RO        11121    i.prvHeapInit       heap_4.o
    0x0801e87c   0x0801e87c   0x00000028   Code   RO        10526    i.prvIdleTask       tasks.o
    0x0801e8a4   0x0801e8a4   0x0000001e   Code   RO        10088    i.prvInitialiseMutex  queue.o
    0x0801e8c2   0x0801e8c2   0x0000002e   Code   RO        10089    i.prvInitialiseNewQueue  queue.o
    0x0801e8f0   0x0801e8f0   0x00000104   Code   RO        10527    i.prvInitialiseNewTask  tasks.o
    0x0801e9f4   0x0801e9f4   0x00000068   Code   RO        10528    i.prvInitialiseTaskLists  tasks.o
    0x0801ea5c   0x0801ea5c   0x00000068   Code   RO        11122    i.prvInsertBlockIntoFreeList  heap_4.o
    0x0801eac4   0x0801eac4   0x00000058   Code   RO        10950    i.prvInsertTimerInActiveList  timers.o
    0x0801eb1c   0x0801eb1c   0x0000001a   Code   RO        10090    i.prvIsQueueEmpty   queue.o
    0x0801eb36   0x0801eb36   0x0000001e   Code   RO        10091    i.prvIsQueueFull    queue.o
    0x0801eb54   0x0801eb54   0x000000c4   Code   RO        10092    i.prvNotifyQueueSetContainer  queue.o
    0x0801ec18   0x0801ec18   0x00000044   Code   RO        10951    i.prvProcessExpiredTimer  timers.o
    0x0801ec5c   0x0801ec5c   0x0000016c   Code   RO        10952    i.prvProcessReceivedCommands  timers.o
    0x0801edc8   0x0801edc8   0x00000074   Code   RO        10953    i.prvProcessTimerOrBlockTask  timers.o
    0x0801ee3c   0x0801ee3c   0x00000028   Code   RO        10954    i.prvReloadTimer    timers.o
    0x0801ee64   0x0801ee64   0x00000030   Code   RO        10530    i.prvResetNextTaskUnblockTime  tasks.o
    0x0801ee94   0x0801ee94   0x0000002c   Code   RO        10955    i.prvSampleTimeNow  timers.o
    0x0801eec0   0x0801eec0   0x00000044   Code   RO        10956    i.prvSwitchTimerLists  timers.o
    0x0801ef04   0x0801ef04   0x00000080   Code   RO        11189    i.prvTaskExitError  port.o
    0x0801ef84   0x0801ef84   0x0000001a   Code   RO        10957    i.prvTimerTask      timers.o
    0x0801ef9e   0x0801ef9e   0x00000090   Code   RO        10093    i.prvUnlockQueue    queue.o
    0x0801f02e   0x0801f02e   0x00000002   PAD
    0x0801f030   0x0801f030   0x00000010   Code   RO         7564    i.ptr_to_mem        mem.o
    0x0801f040   0x0801f040   0x00000194   Code   RO        11123    i.pvPortMalloc      heap_4.o
    0x0801f1d4   0x0801f1d4   0x00000020   Code   RO        10535    i.pvTaskIncrementMutexHeldCount  tasks.o
    0x0801f1f4   0x0801f1f4   0x0000002c   Code   RO        11190    i.pxPortInitialiseStack  port.o
    0x0801f220   0x0801f220   0x00000006   Code   RO         5577    i.read_addr         usmart.o
    0x0801f226   0x0801f226   0x00000002   PAD
    0x0801f228   0x0801f228   0x00000134   Code   RO         6196    i.recv_tcp          api_msg.o
    0x0801f35c   0x0801f35c   0x00000120   Code   RO         6197    i.recv_udp          api_msg.o
    0x0801f47c   0x0801f47c   0x00000108   Code   RO         6688    i.select_check_waiters  sockets.o
    0x0801f584   0x0801f584   0x0000000e   Code   RO         5229    i.sensor_hw_init    sensor.o
    0x0801f592   0x0801f592   0x00000002   PAD
    0x0801f594   0x0801f594   0x0000008c   Code   RO         6198    i.sent_tcp          api_msg.o
    0x0801f620   0x0801f620   0x00000044   Code   RO         6199    i.setup_tcp         api_msg.o
    0x0801f664   0x0801f664   0x000001f0   Code   RO         5079    i.sram_init         sram.o
    0x0801f854   0x0801f854   0x000003a0   Code   RO          731    i.start_task        freertos_demo.o
    0x0801fbf4   0x0801fbf4   0x000000b0   Code   RO          904    i.stmflash_get_flash_sector  ota.o
    0x0801fca4   0x0801fca4   0x000000bc   Code   RO         9648    i.sys_arch_mbox_fetch  sys_arch.o
    0x0801fd60   0x0801fd60   0x00000090   Code   RO         9649    i.sys_arch_mbox_tryfetch  sys_arch.o
    0x0801fdf0   0x0801fdf0   0x0000000a   Code   RO         9651    i.sys_arch_protect  sys_arch.o
    0x0801fdfa   0x0801fdfa   0x00000002   PAD
    0x0801fdfc   0x0801fdfc   0x000000b0   Code   RO         9652    i.sys_arch_sem_wait  sys_arch.o
    0x0801feac   0x0801feac   0x0000000a   Code   RO         9653    i.sys_arch_unprotect  sys_arch.o
    0x0801feb6   0x0801feb6   0x00000002   PAD
    0x0801feb8   0x0801feb8   0x00000054   Code   RO         8782    i.sys_check_timeouts  timeouts.o
    0x0801ff0c   0x0801ff0c   0x00000002   Code   RO         9654    i.sys_init          sys_arch.o
    0x0801ff0e   0x0801ff0e   0x00000002   PAD
    0x0801ff10   0x0801ff10   0x00000054   Code   RO         9656    i.sys_mbox_free     sys_arch.o
    0x0801ff64   0x0801ff64   0x00000060   Code   RO         9657    i.sys_mbox_new      sys_arch.o
    0x0801ffc4   0x0801ffc4   0x0000008c   Code   RO         9659    i.sys_mbox_trypost  sys_arch.o
    0x08020050   0x08020050   0x00000088   Code   RO         9662    i.sys_mutex_lock    sys_arch.o
    0x080200d8   0x080200d8   0x0000003c   Code   RO         9663    i.sys_mutex_new     sys_arch.o
    0x08020114   0x08020114   0x00000084   Code   RO         9664    i.sys_mutex_unlock  sys_arch.o
    0x08020198   0x08020198   0x00000008   Code   RO         9665    i.sys_now           sys_arch.o
    0x080201a0   0x080201a0   0x00000054   Code   RO         9666    i.sys_sem_free      sys_arch.o
    0x080201f4   0x080201f4   0x000000c0   Code   RO         9667    i.sys_sem_new       sys_arch.o
    0x080202b4   0x080202b4   0x00000090   Code   RO         9668    i.sys_sem_signal    sys_arch.o
    0x08020344   0x08020344   0x000000cc   Code   RO         1047    i.sys_stm32_clock_init  sys.o
    0x08020410   0x08020410   0x00000084   Code   RO         9669    i.sys_thread_new    sys_arch.o
    0x08020494   0x08020494   0x0000006c   Code   RO         8784    i.sys_timeout       timeouts.o
    0x08020500   0x08020500   0x000000dc   Code   RO         8785    i.sys_timeout_abs   timeouts.o
    0x080205dc   0x080205dc   0x00000028   Code   RO         8786    i.sys_timeouts_init  timeouts.o
    0x08020604   0x08020604   0x00000068   Code   RO         8787    i.sys_timeouts_sleeptime  timeouts.o
    0x0802066c   0x0802066c   0x00000334   Code   RO          845    i.system_config_to_printf  system_config.o
    0x080209a0   0x080209a0   0x00000164   Code   RO         8212    i.tcp_abandon       tcp.o
    0x08020b04   0x08020b04   0x0000000e   Code   RO         8213    i.tcp_abort         tcp.o
    0x08020b12   0x08020b12   0x00000010   Code   RO         8214    i.tcp_accept        tcp.o
    0x08020b22   0x08020b22   0x00000002   PAD
    0x08020b24   0x08020b24   0x00000044   Code   RO         8215    i.tcp_accept_null   tcp.o
    0x08020b68   0x08020b68   0x000000cc   Code   RO         8216    i.tcp_alloc         tcp.o
    0x08020c34   0x08020c34   0x00000006   Code   RO         8217    i.tcp_arg           tcp.o
    0x08020c3a   0x08020c3a   0x00000002   PAD
    0x08020c3c   0x08020c3c   0x00000108   Code   RO         8218    i.tcp_bind          tcp.o
    0x08020d44   0x08020d44   0x00000054   Code   RO         8220    i.tcp_close         tcp.o
    0x08020d98   0x08020d98   0x000001a0   Code   RO         8221    i.tcp_close_shutdown  tcp.o
    0x08020f38   0x08020f38   0x00000088   Code   RO         8222    i.tcp_close_shutdown_fin  tcp.o
    0x08020fc0   0x08020fc0   0x00000170   Code   RO         8621    i.tcp_create_segment  tcp_out.o
    0x08021130   0x08021130   0x00000070   Code   RO         8225    i.tcp_eff_send_mss_netif  tcp.o
    0x080211a0   0x080211a0   0x00000240   Code   RO         8622    i.tcp_enqueue_flags  tcp_out.o
    0x080213e0   0x080213e0   0x0000004c   Code   RO         8226    i.tcp_err           tcp.o
    0x0802142c   0x0802142c   0x000000a4   Code   RO         8227    i.tcp_fasttmr       tcp.o
    0x080214d0   0x080214d0   0x00000038   Code   RO         8228    i.tcp_free          tcp.o
    0x08021508   0x08021508   0x000000fc   Code   RO         8537    i.tcp_free_acked_segments  tcp_in.o
    0x08021604   0x08021604   0x00000040   Code   RO         8229    i.tcp_free_listen   tcp.o
    0x08021644   0x08021644   0x00000048   Code   RO         8538    i.tcp_get_next_optbyte  tcp_in.o
    0x0802168c   0x0802168c   0x00000038   Code   RO         8230    i.tcp_handle_closepend  tcp.o
    0x080216c4   0x080216c4   0x00000018   Code   RO         8231    i.tcp_init          tcp.o
    0x080216dc   0x080216dc   0x0000079c   Code   RO         8539    i.tcp_input         tcp_in.o
    0x08021e78   0x08021e78   0x00000084   Code   RO         8540    i.tcp_input_delayed_close  tcp_in.o
    0x08021efc   0x08021efc   0x0000008c   Code   RO         8623    i.tcp_keepalive     tcp_out.o
    0x08021f88   0x08021f88   0x0000006c   Code   RO         8232    i.tcp_kill_prio     tcp.o
    0x08021ff4   0x08021ff4   0x00000074   Code   RO         8233    i.tcp_kill_state    tcp.o
    0x08022068   0x08022068   0x00000040   Code   RO         8234    i.tcp_kill_timewait  tcp.o
    0x080220a8   0x080220a8   0x0000006c   Code   RO         8235    i.tcp_listen_closed  tcp.o
    0x08022114   0x08022114   0x00000198   Code   RO         8541    i.tcp_listen_input  tcp_in.o
    0x080222ac   0x080222ac   0x00000158   Code   RO         8237    i.tcp_listen_with_backlog_and_err  tcp.o
    0x08022404   0x08022404   0x0000004c   Code   RO         8238    i.tcp_netif_ip_addr_changed  tcp.o
    0x08022450   0x08022450   0x00000074   Code   RO         8239    i.tcp_netif_ip_addr_changed_pcblist  tcp.o
    0x080224c4   0x080224c4   0x00000010   Code   RO         8241    i.tcp_new_ip_type   tcp.o
    0x080224d4   0x080224d4   0x00000068   Code   RO         8242    i.tcp_new_port      tcp.o
    0x0802253c   0x0802253c   0x0000004c   Code   RO         8243    i.tcp_next_iss      tcp.o
    0x08022588   0x08022588   0x00000300   Code   RO         8624    i.tcp_output        tcp_out.o
    0x08022888   0x08022888   0x00000074   Code   RO         8625    i.tcp_output_alloc_header  tcp_out.o
    0x080228fc   0x080228fc   0x000000c0   Code   RO         8626    i.tcp_output_alloc_header_common  tcp_out.o
    0x080229bc   0x080229bc   0x00000094   Code   RO         8627    i.tcp_output_control_segment  tcp_out.o
    0x08022a50   0x08022a50   0x000000b8   Code   RO         8628    i.tcp_output_fill_options  tcp_out.o
    0x08022b08   0x08022b08   0x000001d8   Code   RO         8629    i.tcp_output_segment  tcp_out.o
    0x08022ce0   0x08022ce0   0x0000004c   Code   RO         8630    i.tcp_output_segment_busy  tcp_out.o
    0x08022d2c   0x08022d2c   0x000000e0   Code   RO         8542    i.tcp_parseopt      tcp_in.o
    0x08022e0c   0x08022e0c   0x00000104   Code   RO         8631    i.tcp_pbuf_prealloc  tcp_out.o
    0x08022f10   0x08022f10   0x00000088   Code   RO         8244    i.tcp_pcb_purge     tcp.o
    0x08022f98   0x08022f98   0x00000128   Code   RO         8245    i.tcp_pcb_remove    tcp.o
    0x080230c0   0x080230c0   0x00000070   Code   RO         8246    i.tcp_poll          tcp.o
    0x08023130   0x08023130   0x000006d4   Code   RO         8543    i.tcp_process       tcp_in.o
    0x08023804   0x08023804   0x000000dc   Code   RO         8247    i.tcp_process_refused_data  tcp.o
    0x080238e0   0x080238e0   0x0000074c   Code   RO         8544    i.tcp_receive       tcp_in.o
    0x0802402c   0x0802402c   0x0000004c   Code   RO         8248    i.tcp_recv          tcp.o
    0x08024078   0x08024078   0x00000060   Code   RO         8249    i.tcp_recv_null     tcp.o
    0x080240d8   0x080240d8   0x000000b8   Code   RO         8250    i.tcp_recved        tcp.o
    0x08024190   0x08024190   0x00000054   Code   RO         8251    i.tcp_remove_listener  tcp.o
    0x080241e4   0x080241e4   0x000000a0   Code   RO         8632    i.tcp_rexmit        tcp_out.o
    0x08024284   0x08024284   0x000000ac   Code   RO         8633    i.tcp_rexmit_fast   tcp_out.o
    0x08024330   0x08024330   0x00000040   Code   RO         8634    i.tcp_rexmit_rto    tcp_out.o
    0x08024370   0x08024370   0x00000054   Code   RO         8635    i.tcp_rexmit_rto_commit  tcp_out.o
    0x080243c4   0x080243c4   0x000000c4   Code   RO         8636    i.tcp_rexmit_rto_prepare  tcp_out.o
    0x08024488   0x08024488   0x0000001e   Code   RO         8637    i.tcp_route         tcp_out.o
    0x080244a6   0x080244a6   0x00000002   PAD
    0x080244a8   0x080244a8   0x000000c4   Code   RO         8638    i.tcp_rst           tcp_out.o
    0x0802456c   0x0802456c   0x0000001a   Code   RO         8252    i.tcp_seg_free      tcp.o
    0x08024586   0x08024586   0x00000018   Code   RO         8253    i.tcp_segs_free     tcp.o
    0x0802459e   0x0802459e   0x00000002   PAD
    0x080245a0   0x080245a0   0x000000e0   Code   RO         8639    i.tcp_send_empty_ack  tcp_out.o
    0x08024680   0x08024680   0x0000007c   Code   RO         8640    i.tcp_send_fin      tcp_out.o
    0x080246fc   0x080246fc   0x0000006c   Code   RO          732    i.tcp_send_task     freertos_demo.o
    0x08024768   0x08024768   0x00000048   Code   RO         8254    i.tcp_sent          tcp.o
    0x080247b0   0x080247b0   0x00000098   Code   RO         8256    i.tcp_shutdown      tcp.o
    0x08024848   0x08024848   0x00000688   Code   RO         8257    i.tcp_slowtmr       tcp.o
    0x08024ed0   0x08024ed0   0x00000260   Code   RO         8641    i.tcp_split_unsent_seg  tcp_out.o
    0x08025130   0x08025130   0x00000038   Code   RO         8789    i.tcp_timer_needed  timeouts.o
    0x08025168   0x08025168   0x000000dc   Code   RO         8545    i.tcp_timewait_input  tcp_in.o
    0x08025244   0x08025244   0x00000024   Code   RO         8259    i.tcp_tmr           tcp.o
    0x08025268   0x08025268   0x00000014   Code   RO         8546    i.tcp_trigger_input_pcb_close  tcp_in.o
    0x0802527c   0x0802527c   0x000000b0   Code   RO         8261    i.tcp_update_rcv_ann_wnd  tcp.o
    0x0802532c   0x0802532c   0x00000814   Code   RO         8642    i.tcp_write         tcp_out.o
    0x08025b40   0x08025b40   0x00000144   Code   RO         8643    i.tcp_write_checks  tcp_out.o
    0x08025c84   0x08025c84   0x00000120   Code   RO         8644    i.tcp_zero_window_probe  tcp_out.o
    0x08025da4   0x08025da4   0x000000c0   Code   RO         6985    i.tcpip_init        tcpip.o
    0x08025e64   0x08025e64   0x0000006c   Code   RO         6986    i.tcpip_inpkt       tcpip.o
    0x08025ed0   0x08025ed0   0x00000030   Code   RO         6987    i.tcpip_input       tcpip.o
    0x08025f00   0x08025f00   0x00000020   Code   RO         6988    i.tcpip_send_msg_wait_sem  tcpip.o
    0x08025f20   0x08025f20   0x00000038   Code   RO         8790    i.tcpip_tcp_timer   timeouts.o
    0x08025f58   0x08025f58   0x00000074   Code   RO         6989    i.tcpip_thread      tcpip.o
    0x08025fcc   0x08025fcc   0x00000088   Code   RO         6990    i.tcpip_thread_handle_msg  tcpip.o
    0x08026054   0x08026054   0x00000060   Code   RO         6991    i.tcpip_timeouts_mbox_fetch  tcpip.o
    0x080260b4   0x080260b4   0x0000001a   Code   RO         6689    i.tryget_socket     sockets.o
    0x080260ce   0x080260ce   0x00000010   Code   RO         6690    i.tryget_socket_unconn  sockets.o
    0x080260de   0x080260de   0x00000002   PAD
    0x080260e0   0x080260e0   0x00000020   Code   RO         6692    i.tryget_socket_unconn_nouse  sockets.o
    0x08026100   0x08026100   0x000000e8   Code   RO         8872    i.udp_bind          udp.o
    0x080261e8   0x080261e8   0x00000018   Code   RO         8876    i.udp_init          udp.o
    0x08026200   0x08026200   0x00000214   Code   RO         8877    i.udp_input         udp.o
    0x08026414   0x08026414   0x000000d0   Code   RO         8878    i.udp_input_local_match  udp.o
    0x080264e4   0x080264e4   0x00000030   Code   RO         8879    i.udp_netif_ip_addr_changed  udp.o
    0x08026514   0x08026514   0x0000001c   Code   RO         8880    i.udp_new           udp.o
    0x08026530   0x08026530   0x0000000e   Code   RO         8881    i.udp_new_ip_type   udp.o
    0x0802653e   0x0802653e   0x00000002   PAD
    0x08026540   0x08026540   0x00000058   Code   RO         8882    i.udp_new_port      udp.o
    0x08026598   0x08026598   0x0000003c   Code   RO         8883    i.udp_recv          udp.o
    0x080265d4   0x080265d4   0x00000070   Code   RO         8884    i.udp_remove        udp.o
    0x08026644   0x08026644   0x00000070   Code   RO         8885    i.udp_send          udp.o
    0x080266b4   0x080266b4   0x000000e0   Code   RO         8886    i.udp_sendto        udp.o
    0x08026794   0x08026794   0x0000011c   Code   RO         8887    i.udp_sendto_if     udp.o
    0x080268b0   0x080268b0   0x00000248   Code   RO         8888    i.udp_sendto_if_src  udp.o
    0x08026af8   0x08026af8   0x00000038   Code   RO         1114    i.usart_init        usart.o
    0x08026b30   0x08026b30   0x000000b0   Code   RO         5578    i.usmart_cmd_rec    usmart.o
    0x08026be0   0x08026be0   0x000002d4   Code   RO         5579    i.usmart_exe        usmart.o
    0x08026eb4   0x08026eb4   0x000000d4   Code   RO         5727    i.usmart_get_aparm  usmart_str.o
    0x08026f88   0x08026f88   0x00000036   Code   RO         5728    i.usmart_get_cmdname  usmart_str.o
    0x08026fbe   0x08026fbe   0x00000002   PAD
    0x08026fc0   0x08026fc0   0x000001c0   Code   RO         5729    i.usmart_get_fname  usmart_str.o
    0x08027180   0x08027180   0x0000010c   Code   RO         5730    i.usmart_get_fparam  usmart_str.o
    0x0802728c   0x0802728c   0x00000028   Code   RO         5677    i.usmart_get_input_string  usmart_port.o
    0x080272b4   0x080272b4   0x00000020   Code   RO         5731    i.usmart_get_parmpos  usmart_str.o
    0x080272d4   0x080272d4   0x00000028   Code   RO         5580    i.usmart_init       usmart.o
    0x080272fc   0x080272fc   0x00000016   Code   RO         5732    i.usmart_pow        usmart_str.o
    0x08027312   0x08027312   0x00000002   PAD
    0x08027314   0x08027314   0x000000a8   Code   RO         5581    i.usmart_scan       usmart.o
    0x080273bc   0x080273bc   0x00000016   Code   RO         5733    i.usmart_search_nextc  usmart_str.o
    0x080273d2   0x080273d2   0x00000106   Code   RO         5734    i.usmart_str2num    usmart_str.o
    0x080274d8   0x080274d8   0x00000022   Code   RO         5735    i.usmart_strcmp     usmart_str.o
    0x080274fa   0x080274fa   0x00000016   Code   RO         5736    i.usmart_strcopy    usmart_str.o
    0x08027510   0x08027510   0x00000018   Code   RO         5737    i.usmart_strlen     usmart_str.o
    0x08027528   0x08027528   0x000006f4   Code   RO         5582    i.usmart_sys_cmd_exe  usmart.o
    0x08027c1c   0x08027c1c   0x00000044   Code   RO         5678    i.usmart_timx_get_time  usmart_port.o
    0x08027c60   0x08027c60   0x00000064   Code   RO         5679    i.usmart_timx_init  usmart_port.o
    0x08027cc4   0x08027cc4   0x00000034   Code   RO         5680    i.usmart_timx_reset_time  usmart_port.o
    0x08027cf8   0x08027cf8   0x00000028   Code   RO        10036    i.uxListRemove      list.o
    0x08027d20   0x08027d20   0x0000001a   Code   RO        10037    i.vListInitialise   list.o
    0x08027d3a   0x08027d3a   0x00000006   Code   RO        10038    i.vListInitialiseItem  list.o
    0x08027d40   0x08027d40   0x00000034   Code   RO        10039    i.vListInsert       list.o
    0x08027d74   0x08027d74   0x00000018   Code   RO        10040    i.vListInsertEnd    list.o
    0x08027d8c   0x08027d8c   0x00000098   Code   RO        11192    i.vPortEnterCritical  port.o
    0x08027e24   0x08027e24   0x00000080   Code   RO        11193    i.vPortExitCritical  port.o
    0x08027ea4   0x08027ea4   0x000000d8   Code   RO        11124    i.vPortFree         heap_4.o
    0x08027f7c   0x08027f7c   0x00000028   Code   RO        11194    i.vPortSetupTimerInterrupt  port.o
    0x08027fa4   0x08027fa4   0x000000b0   Code   RO        11195    i.vPortValidateInterruptPriority  port.o
    0x08028054   0x08028054   0x0000008c   Code   RO        10099    i.vQueueAddToRegistry  queue.o
    0x080280e0   0x080280e0   0x00000058   Code   RO        10100    i.vQueueDelete      queue.o
    0x08028138   0x08028138   0x00000074   Code   RO        10102    i.vQueueUnregisterQueue  queue.o
    0x080281ac   0x080281ac   0x0000004a   Code   RO        10103    i.vQueueWaitForMessageRestricted  queue.o
    0x080281f6   0x080281f6   0x00000002   PAD
    0x080281f8   0x080281f8   0x00000084   Code   RO        10545    i.vTaskDelay        tasks.o
    0x0802827c   0x0802827c   0x00000124   Code   RO        10546    i.vTaskDelete       tasks.o
    0x080283a0   0x080283a0   0x00000018   Code   RO        10550    i.vTaskInternalSetTimeOutState  tasks.o
    0x080283b8   0x080283b8   0x0000000c   Code   RO        10552    i.vTaskMissedYield  tasks.o
    0x080283c4   0x080283c4   0x00000064   Code   RO        10553    i.vTaskPlaceOnEventList  tasks.o
    0x08028428   0x08028428   0x0000008c   Code   RO        10554    i.vTaskPlaceOnEventListRestricted  tasks.o
    0x080284b4   0x080284b4   0x00000138   Code   RO        10556    i.vTaskPriorityDisinheritAfterTimeout  tasks.o
    0x080285ec   0x080285ec   0x000000c4   Code   RO        10562    i.vTaskStartScheduler  tasks.o
    0x080286b0   0x080286b0   0x0000012c   Code   RO        10563    i.vTaskSuspend      tasks.o
    0x080287dc   0x080287dc   0x00000010   Code   RO        10564    i.vTaskSuspendAll   tasks.o
    0x080287ec   0x080287ec   0x000000b8   Code   RO        10565    i.vTaskSwitchContext  tasks.o
    0x080288a4   0x080288a4   0x00000004   Code   RO         5583    i.write_addr        usmart.o
    0x080288a8   0x080288a8   0x000001ac   Code   RO        11196    i.xPortStartScheduler  port.o
    0x08028a54   0x08028a54   0x00000034   Code   RO        11197    i.xPortSysTickHandler  port.o
    0x08028a88   0x08028a88   0x00000022   Code   RO        10106    i.xQueueCreateMutex  queue.o
    0x08028aaa   0x08028aaa   0x00000002   PAD
    0x08028aac   0x08028aac   0x00000090   Code   RO        10108    i.xQueueGenericCreate  queue.o
    0x08028b3c   0x08028b3c   0x000000fc   Code   RO        10109    i.xQueueGenericReset  queue.o
    0x08028c38   0x08028c38   0x000001e4   Code   RO        10110    i.xQueueGenericSend  queue.o
    0x08028e1c   0x08028e1c   0x00000124   Code   RO        10112    i.xQueueGiveFromISR  queue.o
    0x08028f40   0x08028f40   0x00000074   Code   RO        10113    i.xQueueGiveMutexRecursive  queue.o
    0x08028fb4   0x08028fb4   0x00000180   Code   RO        10118    i.xQueueReceive     queue.o
    0x08029134   0x08029134   0x000001c4   Code   RO        10123    i.xQueueSemaphoreTake  queue.o
    0x080292f8   0x080292f8   0x00000078   Code   RO        10124    i.xQueueTakeMutexRecursive  queue.o
    0x08029370   0x08029370   0x000000cc   Code   RO        10568    i.xTaskCheckForTimeOut  tasks.o
    0x0802943c   0x0802943c   0x00000060   Code   RO        10569    i.xTaskCreate       tasks.o
    0x0802949c   0x0802949c   0x000001dc   Code   RO        10571    i.xTaskGenericNotify  tasks.o
    0x08029678   0x08029678   0x000000f8   Code   RO        10574    i.xTaskGenericNotifyWait  tasks.o
    0x08029770   0x08029770   0x0000000c   Code   RO        10575    i.xTaskGetCurrentTaskHandle  tasks.o
    0x0802977c   0x0802977c   0x00000020   Code   RO        10578    i.xTaskGetSchedulerState  tasks.o
    0x0802979c   0x0802979c   0x0000000c   Code   RO        10579    i.xTaskGetTickCount  tasks.o
    0x080297a8   0x080297a8   0x000001e8   Code   RO        10581    i.xTaskIncrementTick  tasks.o
    0x08029990   0x08029990   0x00000110   Code   RO        10582    i.xTaskPriorityDisinherit  tasks.o
    0x08029aa0   0x08029aa0   0x000000ec   Code   RO        10583    i.xTaskPriorityInherit  tasks.o
    0x08029b8c   0x08029b8c   0x0000014c   Code   RO        10584    i.xTaskRemoveFromEventList  tasks.o
    0x08029cd8   0x08029cd8   0x000001a0   Code   RO        10585    i.xTaskResumeAll    tasks.o
    0x08029e78   0x08029e78   0x00000080   Code   RO        10965    i.xTimerCreateTimerTask  timers.o
    0x08029ef8   0x08029ef8   0x0000002c   Code   RO        11546    locale$$code        c_w.l(lc_numeric_c.o)
    0x08029f24   0x08029f24   0x0000005a   Code   RO        11383    x$fpl$dfixu         fz_wm.l(dfixu.o)
    0x08029f7e   0x08029f7e   0x00000026   Code   RO        11387    x$fpl$dfltu         fz_wm.l(dflt_clz.o)
    0x08029fa4   0x08029fa4   0x00000154   Code   RO        11393    x$fpl$dmul          fz_wm.l(dmul.o)
    0x0802a0f8   0x0802a0f8   0x0000009c   Code   RO        11481    x$fpl$dnaninf       fz_wm.l(dnaninf.o)
    0x0802a194   0x0802a194   0x0000000c   Code   RO        11483    x$fpl$dretinf       fz_wm.l(dretinf.o)
    0x0802a1a0   0x0802a1a0   0x00000056   Code   RO        11395    x$fpl$f2d           fz_wm.l(f2d.o)
    0x0802a1f6   0x0802a1f6   0x0000008c   Code   RO        11485    x$fpl$fnaninf       fz_wm.l(fnaninf.o)
    0x0802a282   0x0802a282   0x0000000a   Code   RO        11552    x$fpl$fpinit        fz_wm.l(fpinit.o)
    0x0802a28c   0x0802a28c   0x00000004   Code   RO        11397    x$fpl$printf1       fz_wm.l(printf1.o)
    0x0802a290   0x0802a290   0x00000000   Code   RO        11487    x$fpl$usenofp       fz_wm.l(usenofp.o)
    0x0802a290   0x0802a290   0x00000018   Data   RO          687    .constdata          system_stm32f4xx.o
    0x0802a2a8   0x0802a2a8   0x00000008   Data   RO         3825    .constdata          stm32f4xx_hal_dma.o
    0x0802a2b0   0x0802a2b0   0x00002f80   Data   RO         4825    .constdata          lcd.o
    0x0802d230   0x0802d230   0x00000024   Data   RO         5825    .constdata          malloc.o
    0x0802d254   0x0802d254   0x00000003   Data   RO         6200    .constdata          api_msg.o
    0x0802d257   0x0802d257   0x00000001   PAD
    0x0802d258   0x0802d258   0x00000044   Data   RO         6389    .constdata          err.o
    0x0802d29c   0x0802d29c   0x00000118   Data   RO         7647    .constdata          memp.o
    0x0802d3b4   0x0802d3b4   0x00000050   Data   RO         8262    .constdata          tcp.o
    0x0802d404   0x0802d404   0x00000024   Data   RO         8791    .constdata          timeouts.o
    0x0802d428   0x0802d428   0x00000008   Data   RO         9271    .constdata          ip4_addr.o
    0x0802d430   0x0802d430   0x0000000c   Data   RO         9415    .constdata          ethernet_1.o
    0x0802d43c   0x0802d43c   0x00000028   Data   RO        11304    .constdata          c_w.l(_printf_hex_int.o)
    0x0802d464   0x0802d464   0x00000011   Data   RO        11339    .constdata          c_w.l(__printf_flags_ss_wp.o)
    0x0802d475   0x0802d475   0x00000003   PAD
    0x0802d478   0x0802d478   0x00000094   Data   RO        11517    .constdata          c_w.l(bigflt0.o)
    0x0802d50c   0x0802d50c   0x00000028   Data   RO         5584    .conststring        usmart.o
    0x0802d534   0x0802d534   0x000000dc   Data   RO         5651    .conststring        usmart_config.o
    0x0802d610   0x0802d610   0x00000041   Data   RO         7460    .conststring        init.o
    0x0802d651   0x0802d651   0x00000003   PAD
    0x0802d654   0x0802d654   0x000000a0   Data   RO         7648    .conststring        memp.o
    0x0802d6f4   0x0802d6f4   0x0000006d   Data   RO         8263    .conststring        tcp.o
    0x0802d761   0x0802d761   0x00000003   PAD
    0x0802d764   0x0802d764   0x00000055   Data   RO         8645    .conststring        tcp_out.o
    0x0802d7b9   0x0802d7b9   0x00000003   PAD
    0x0802d7bc   0x0802d7bc   0x00000041   Data   RO         9053    .conststring        etharp.o
    0x0802d7fd   0x0802d7fd   0x00000003   PAD
    0x0802d800   0x0802d800   0x00000020   Data   RO        11640    Region$$Table       anon$$obj.o
    0x0802d820   0x0802d820   0x0000001c   Data   RO        11545    locale$$data        c_w.l(lc_numeric_c.o)


    Execution Region RW_IRAM1 (Exec base: 0x20000000, Load base: 0x0802d83c, Size: 0x0001ea28, Max: 0x00020000, ABSOLUTE, COMPRESSED[0x000000b4])

    Exec Addr    Load Addr    Size         Type   Attr      Idx    E Section Name        Object

    0x20000000   COMPRESSED   0x00000004   Data   RW          688    .data               system_stm32f4xx.o
    0x20000004   COMPRESSED   0x00000038   Data   RW          733    .data               freertos_demo.o
    0x2000003c   COMPRESSED   0x0000001c   Data   RW          906    .data               ota.o
    0x20000058   COMPRESSED   0x00000004   Data   RW         1001    .data               delay.o
    0x2000005c   COMPRESSED   0x00000007   Data   RW         1116    .data               usart.o
    0x20000063   COMPRESSED   0x00000001   PAD
    0x20000064   COMPRESSED   0x00000009   Data   RW         1211    .data               stm32f4xx_hal.o
    0x2000006d   COMPRESSED   0x00000003   PAD
    0x20000070   COMPRESSED   0x00000008   Data   RW         4826    .data               lcd.o
    0x20000078   COMPRESSED   0x00000001   Data   RW         5050    .data               key.o
    0x20000079   COMPRESSED   0x00000003   PAD
    0x2000007c   COMPRESSED   0x00000010   Data   RW         5143    .data               ethernet.o
    0x2000008c   COMPRESSED   0x00000010   Data   RW         5231    .data               sensor.o
    0x2000009c   COMPRESSED   0x0000001c   Data   RW         5585    .data               usmart.o
    0x200000b8   COMPRESSED   0x00000124   Data   RW         5652    .data               usmart_config.o
    0x200001dc   COMPRESSED   0x00000024   Data   RW         5826    .data               malloc.o
    0x20000200   COMPRESSED   0x00000004   Data   RW         6694    .data               sockets.o
    0x20000204   COMPRESSED   0x00000010   Data   RW         6993    .data               tcpip.o
    0x20000214   COMPRESSED   0x0000000c   Data   RW         7261    .data               dns.o
    0x20000220   COMPRESSED   0x00000010   Data   RW         7566    .data               mem.o
    0x20000230   COMPRESSED   0x00000038   Data   RW         7649    .data               memp.o
    0x20000268   COMPRESSED   0x00000009   Data   RW         7770    .data               netif.o
    0x20000271   COMPRESSED   0x00000003   PAD
    0x20000274   COMPRESSED   0x00000020   Data   RW         8264    .data               tcp.o
    0x20000294   COMPRESSED   0x00000028   Data   RW         8548    .data               tcp_in.o
    0x200002bc   COMPRESSED   0x0000000c   Data   RW         8792    .data               timeouts.o
    0x200002c8   COMPRESSED   0x00000008   Data   RW         8889    .data               udp.o
    0x200002d0   COMPRESSED   0x00000001   Data   RW         9054    .data               etharp.o
    0x200002d1   COMPRESSED   0x00000001   PAD
    0x200002d2   COMPRESSED   0x00000002   Data   RW         9215    .data               ip4.o
    0x200002d4   COMPRESSED   0x00000006   Data   RW         9343    .data               ip4_frag.o
    0x200002da   COMPRESSED   0x00000002   PAD
    0x200002dc   COMPRESSED   0x00000004   Data   RW         9454    .data               ethernetif.o
    0x200002e0   COMPRESSED   0x00000004   Data   RW         9670    .data               sys_arch.o
    0x200002e4   COMPRESSED   0x0000001c   Data   RW         9824    .data               lwip_demo.o
    0x20000300   COMPRESSED   0x00000040   Data   RW        10588    .data               tasks.o
    0x20000340   COMPRESSED   0x00000014   Data   RW        10974    .data               timers.o
    0x20000354   COMPRESSED   0x00000020   Data   RW        11130    .data               heap_4.o
    0x20000374   COMPRESSED   0x0000000c   Data   RW        11198    .data               port.o
    0x20000380        -       0x0000100c   Zero   RW          905    .bss                ota.o
    0x2000138c        -       0x0000010c   Zero   RW         1115    .bss                usart.o
    0x20001498        -       0x00000020   Zero   RW         4038    .bss                stm32f4xx_hal_flash.o
    0x200014b8        -       0x0000005e   Zero   RW         4824    .bss                lcd.o
    0x20001516   COMPRESSED   0x00000002   PAD
    0x20001518        -       0x00000050   Zero   RW         5084    .bss                sram.o
    0x20001568        -       0x00000048   Zero   RW         5142    .bss                ethernet.o
    0x200015b0        -       0x0000020d   Zero   RW         5230    .bss                sensor.o
    0x200017bd   COMPRESSED   0x00000003   PAD
    0x200017c0        -       0x00000020   Zero   RW         5332    .bss                rtc.o
    0x200017e0        -       0x0000000c   Zero   RW         5408    .bss                iwdg.o
    0x200017ec        -       0x00000048   Zero   RW         5681    .bss                usmart_port.o
    0x20001834   COMPRESSED   0x0000000c   PAD
    0x20001840        -       0x00007f80   Zero   RW         5824    .bss                malloc.o
    0x200097c0        -       0x00000040   Zero   RW         6693    .bss                sockets.o
    0x20009800        -       0x00000480   Zero   RW         7259    .bss                dns.o
    0x20009c80        -       0x00000018   Zero   RW         7532    .bss                ip.o
    0x20009c98        -       0x00003013   Zero   RW         7565    .bss                mem.o
    0x2000ccab        -       0x00001dde   Zero   RW         7646    .bss                memp.o
    0x2000ea89   COMPRESSED   0x00000003   PAD
    0x2000ea8c        -       0x00000014   Zero   RW         8547    .bss                tcp_in.o
    0x2000eaa0        -       0x000000f0   Zero   RW         9052    .bss                etharp.o
    0x2000eb90        -       0x00000050   Zero   RW         9532    .bss                lwip_comm.o
    0x2000ebe0        -       0x000005b4   Zero   RW         9823    .bss                lwip_demo.o
    0x2000f194        -       0x00000040   Zero   RW        10125    .bss                queue.o
    0x2000f1d4        -       0x000002e4   Zero   RW        10587    .bss                tasks.o
    0x2000f4b8        -       0x00000028   Zero   RW        10973    .bss                timers.o
    0x2000f4e0        -       0x0000f000   Zero   RW        11129    .bss                heap_4.o
    0x2001e4e0        -       0x000000e4   Zero   RW        11352    .bss                c_w.l(rand.o)
    0x2001e5c4        -       0x00000060   Zero   RW        11489    .bss                c_w.l(libspace.o)
    0x2001e624   COMPRESSED   0x00000004   PAD
    0x2001e628        -       0x00000000   Zero   RW            2    HEAP                startup_stm32f407xx.o
    0x2001e628        -       0x00000400   Zero   RW            1    STACK               startup_stm32f407xx.o



  Load Region LR$$.ARM.__AT_0x10000000 (Base: 0x10000000, Size: 0x00000000, Max: 0x0000f000, ABSOLUTE)

    Execution Region ER$$.ARM.__AT_0x10000000 (Exec base: 0x10000000, Load base: 0x10000000, Size: 0x0000f000, Max: 0x0000f000, ABSOLUTE, UNINIT)

    Exec Addr    Load Addr    Size         Type   Attr      Idx    E Section Name        Object

    0x10000000        -       0x0000f000   Zero   RW         5820    .ARM.__AT_0x10000000  malloc.o



  Load Region LR$$.ARM.__AT_0x1000F000 (Base: 0x1000f000, Size: 0x00000000, Max: 0x00000f00, ABSOLUTE)

    Execution Region ER$$.ARM.__AT_0x1000F000 (Exec base: 0x1000f000, Load base: 0x1000f000, Size: 0x00000f00, Max: 0x00000f00, ABSOLUTE, UNINIT)

    Exec Addr    Load Addr    Size         Type   Attr      Idx    E Section Name        Object

    0x1000f000        -       0x00000f00   Zero   RW         5821    .ARM.__AT_0x1000F000  malloc.o



  Load Region LR$$.ARM.__AT_0x68000000 (Base: 0x68000000, Size: 0x00000000, Max: 0x0007d000, ABSOLUTE)

    Execution Region ER$$.ARM.__AT_0x68000000 (Exec base: 0x68000000, Load base: 0x68000000, Size: 0x0007d000, Max: 0x0007d000, ABSOLUTE, UNINIT)

    Exec Addr    Load Addr    Size         Type   Attr      Idx    E Section Name        Object

    0x68000000        -       0x0007d000   Zero   RW         5822    .ARM.__AT_0x68000000  malloc.o



  Load Region LR$$.ARM.__AT_0x6807D000 (Base: 0x6807d000, Size: 0x00000000, Max: 0x00007d00, ABSOLUTE)

    Execution Region ER$$.ARM.__AT_0x6807D000 (Exec base: 0x6807d000, Load base: 0x6807d000, Size: 0x00007d00, Max: 0x00007d00, ABSOLUTE, UNINIT)

    Exec Addr    Load Addr    Size         Type   Attr      Idx    E Section Name        Object

    0x6807d000        -       0x00007d00   Zero   RW         5823    .ARM.__AT_0x6807D000  malloc.o


==============================================================================

Image component sizes


      Code (inc. data)   RO Data    RW Data    ZI Data      Debug   Object Name

       292          0          0          0          0       4387   24c02.o
      2636        776          0          0          0      51462   api_lib.o
      5838       1392          3          0          0      36437   api_msg.o
        38          0          0          0          0       1178   def.o
       172          8          0          4          0       2745   delay.o
      1088        128          0         12       1152      15336   dns.o
        32          6         68          0          0       3747   err.o
      3200        530         65          1        240      12611   etharp.o
      1028         62          0         16         72       6104   ethernet.o
       380         58         12          0          0       2850   ethernet_1.o
       876         90          0          4          0       6474   ethernetif.o
         0          0          0          0          0      12244   event_groups.o
      2396        954          0         56          0      57635   freertos_demo.o
       848        218          0         32      61440       4451   heap_4.o
       860        156          0          0          0       5082   icmp.o
         0          0          0          0          0       3947   if_api.o
       180          0          0          0          0       2234   inet_chksum.o
        68          4         65          0          0       1884   init.o
         0          0          0          0         24       3262   ip.o
      1054         90          0          2          0       5820   ip4.o
        78          0          8          0          0       8754   ip4_addr.o
      2738        494          0          6          0      12874   ip4_frag.o
        48         14          0          0         12       1415   iwdg.o
       448         24          0          1          0       1914   key.o
     13796        188      12160          8         94      28114   lcd.o
       152         10          0          0          0       1015   led.o
       148          0          0          0          0       3670   list.o
      1164        256          0          0         80      21485   lwip_comm.o
       648        160          0         28       1460      13201   lwip_demo.o
       272         90          0          0          0     819337   main.o
       484         54         36         36     641920       6987   malloc.o
      2092        660          0         16      12307       9581   mem.o
       428        148        440         56       7646      11502   memp.o
       700        108          0          0          0       5246   myiic.o
       212         54          0          0          0      11599   netbuf.o
      1376        352          0          9          0      16494   netif.o
      1866        602          0         28       4108      11441   ota.o
      3626       1078          0          0          0      22041   pbuf.o
      1338        472          0         12          0      11597   port.o
      3356        662          0          0         64      22830   queue.o
       328         38          0          0         32       5793   rtc.o
      1136        134          0         16        525      10343   sensor.o
      4252        500          0          4         64      45564   sockets.o
       496         30          0          0         80       1709   sram.o
        76         28        392          0       1024       1024   startup_stm32f407xx.o
       226         40          0          9          0      10870   stm32f4xx_hal.o
       344         22          0          0          0      35437   stm32f4xx_hal_cortex.o
      1434         16          8          0          0       7426   stm32f4xx_hal_dma.o
      2870         50          0          0          0      17210   stm32f4xx_hal_eth.o
       652         64          0          0         32       6422   stm32f4xx_hal_flash.o
       432         26          0          0          0       3486   stm32f4xx_hal_flash_ex.o
       564         46          0          0          0       3656   stm32f4xx_hal_gpio.o
       108          0          0          0          0       1979   stm32f4xx_hal_iwdg.o
        28         10          0          0          0       1167   stm32f4xx_hal_pwr.o
      1820         84          0          0          0       5928   stm32f4xx_hal_rcc.o
       416         20          0          0          0       1492   stm32f4xx_hal_rcc_ex.o
      1224         28          0          0          0      10444   stm32f4xx_hal_rtc.o
        94          6          0          0          0       4145   stm32f4xx_hal_rtc_ex.o
        88          0          0          0          0       1296   stm32f4xx_hal_sram.o
       488         76          0          0          0       3480   stm32f4xx_hal_tim.o
      2580         44          0          0          0      19011   stm32f4xx_hal_uart.o
        20          0          0          0          0     599553   stm32f4xx_it.o
       232         10          0          0          0       2903   stm32f4xx_ll_fsmc.o
       204         12          0          0          0       1427   sys.o
      1738        678          0          4          0      14329   sys_arch.o
       820        594          0          0          0       2094   system_config.o
        20          6         24          4          0       1471   system_stm32f4xx.o
      5546       1340          0         64        740      41372   tasks.o
      6606       1862        189         32          0      43880   tcp.o
      6892       1266          0         40         20      21739   tcp_in.o
      7838       2040         85          0          0      34574   tcp_out.o
       728        226          0         16          0      10369   tcpip.o
       748        216         36         12          0       7831   timeouts.o
      1082        214          0         20         40      11940   timers.o
      2550        750          0          8          0      14045   udp.o
       464         60          0          7        268       5933   usart.o
      2898       1308         40         28          0       6334   usmart.o
         0          0        220        292          0       1648   usmart_config.o
       328         50          0          0         72       3750   usmart_port.o
      1400         20          0          0          0       9853   usmart_str.o

    ----------------------------------------------------------------------
    115838      21812      13896        896     733536    2313914   Object Totals
         0          0         32          0          0          0   (incl. Generated)
       112          0         13         13         20          0   (incl. Padding)

    ----------------------------------------------------------------------

      Code (inc. data)   RO Data    RW Data    ZI Data      Debug   Library Member Name

        90          0          0          0          0          0   __dczerorl2.o
         8          0          0          0          0         68   __main.o
       392          4         17          0          0         92   __printf_flags_ss_wp.o
        14          0          0          0          0         68   __printf_wp.o
         0          0          0          0          0          0   __rtentry.o
        12          0          0          0          0          0   __rtentry2.o
         6          0          0          0          0          0   __rtentry4.o
        52          8          0          0          0          0   __scatter.o
        28          0          0          0          0          0   __scatter_zi.o
         6          0          0          0          0          0   _printf_c.o
        44          0          0          0          0        108   _printf_char.o
        48          6          0          0          0         96   _printf_char_common.o
        36          4          0          0          0         80   _printf_char_file.o
         6          0          0          0          0          0   _printf_d.o
       120         16          0          0          0         92   _printf_dec.o
         6          0          0          0          0          0   _printf_f.o
      1054          0          0          0          0        216   _printf_fp_dec.o
       128         16          0          0          0         84   _printf_fp_infnan.o
        88          4         40          0          0         88   _printf_hex_int.o
       178          0          0          0          0         88   _printf_intcommon.o
        78          0          0          0          0        108   _printf_pad.o
         0          0          0          0          0          0   _printf_percent.o
         4          0          0          0          0          0   _printf_percent_end.o
         6          0          0          0          0          0   _printf_s.o
        82          0          0          0          0         80   _printf_str.o
         6          0          0          0          0          0   _printf_u.o
         6          0          0          0          0          0   _printf_x.o
        10          0          0          0          0         68   _sputc.o
        16          0          0          0          0         68   aeabi_memset.o
       228          4        148          0          0         96   bigflt0.o
      1936        128          0          0          0        672   btod.o
        18          0          0          0          0         80   exit.o
         8          0          0          0          0         68   ferror.o
         6          0          0          0          0        152   heapauxi.o
        44         10         28          0          0         76   lc_numeric_c.o
         2          0          0          0          0          0   libinit.o
        26          0          0          0          0          0   libinit2.o
         2          0          0          0          0          0   libshutdown.o
         2          0          0          0          0          0   libshutdown2.o
         8          4          0          0         96         68   libspace.o
       138          0          0          0          0         80   lludiv10.o
       238          0          0          0          0        100   lludivv7m.o
        88          0          0          0          0         76   memcmp.o
        24          4          0          0          0         84   noretval__2printf.o
        40          6          0          0          0         84   noretval__2sprintf.o
       112         18          0          0        228        160   rand.o
         8          4          0          0          0         68   rt_locale_intlibspace.o
        68          0          0          0          0         68   rt_memclr.o
        78          0          0          0          0         80   rt_memclr_w.o
       138          0          0          0          0         68   rt_memcpy_v6.o
       100          0          0          0          0         80   rt_memcpy_w.o
       132          0          0          0          0         68   rt_memmove_v6.o
       122          0          0          0          0         80   rt_memmove_w.o
         2          0          0          0          0          0   rtexit.o
        10          0          0          0          0          0   rtexit2.o
       128          0          0          0          0         68   strcmpv7m.o
        62          0          0          0          0         76   strlen.o
        74          0          0          0          0         80   sys_stackheap_outer.o
         2          0          0          0          0         68   use_no_semi.o
         2          0          0          0          0         68   use_no_semi_2.o
        90          4          0          0          0        140   dfixu.o
        38          0          0          0          0        116   dflt_clz.o
       340         12          0          0          0        152   dmul.o
       156          4          0          0          0        140   dnaninf.o
        12          0          0          0          0        116   dretinf.o
        86          4          0          0          0        132   f2d.o
       140          4          0          0          0        132   fnaninf.o
        10          0          0          0          0        116   fpinit.o
         4          0          0          0          0        116   printf1.o
         0          0          0          0          0          0   usenofp.o
        48          0          0          0          0        124   fpclassify.o

    ----------------------------------------------------------------------
      7306        264        236          0        328       5356   Library Totals
        12          0          3          0          4          0   (incl. Padding)

    ----------------------------------------------------------------------

      Code (inc. data)   RO Data    RW Data    ZI Data      Debug   Library Name

      6370        236        233          0        324       4072   c_w.l
       876         28          0          0          0       1160   fz_wm.l
        48          0          0          0          0        124   m_wm.l

    ----------------------------------------------------------------------
      7306        264        236          0        328       5356   Library Totals

    ----------------------------------------------------------------------

==============================================================================


      Code (inc. data)   RO Data    RW Data    ZI Data      Debug   

    123144      22076      14132        896     733864    2251430   Grand Totals
    123144      22076      14132        180     733864    2251430   ELF Image Totals (compressed)
    123144      22076      14132        180          0          0   ROM Totals

==============================================================================

    Total RO  Size (Code + RO Data)               137276 ( 134.06kB)
    Total RW  Size (RW Data + ZI Data)            734760 ( 717.54kB)
    Total ROM Size (Code + RO Data + RW Data)     137456 ( 134.23kB)

==============================================================================

