Component: ARM Compiler 5.06 update 6 (build 750) Tool: armlink [4d35ed]

==============================================================================

Section Cross References

    startup_stm32f407xx.o(STACK) refers (Special) to heapauxi.o(.text) for __use_two_region_memory
    startup_stm32f407xx.o(HEAP) refers (Special) to heapauxi.o(.text) for __use_two_region_memory
    startup_stm32f407xx.o(RESET) refers (Special) to heapauxi.o(.text) for __use_two_region_memory
    startup_stm32f407xx.o(RESET) refers to startup_stm32f407xx.o(STACK) for __initial_sp
    startup_stm32f407xx.o(RESET) refers to startup_stm32f407xx.o(.text) for Reset_Handler
    startup_stm32f407xx.o(RESET) refers to stm32f4xx_it.o(i.NMI_Handler) for NMI_Handler
    startup_stm32f407xx.o(RESET) refers to stm32f4xx_it.o(i.HardFault_Handler) for HardFault_Handler
    startup_stm32f407xx.o(RESET) refers to stm32f4xx_it.o(i.MemManage_Handler) for MemManage_Handler
    startup_stm32f407xx.o(RESET) refers to stm32f4xx_it.o(i.BusFault_Handler) for BusFault_Handler
    startup_stm32f407xx.o(RESET) refers to stm32f4xx_it.o(i.UsageFault_Handler) for UsageFault_Handler
    startup_stm32f407xx.o(RESET) refers to stm32f4xx_it.o(i.SVC_Handler) for SVC_Handler
    startup_stm32f407xx.o(RESET) refers to stm32f4xx_it.o(i.DebugMon_Handler) for DebugMon_Handler
    startup_stm32f407xx.o(RESET) refers to stm32f4xx_it.o(i.PendSV_Handler) for PendSV_Handler
    startup_stm32f407xx.o(RESET) refers to stm32f4xx_it.o(i.SysTick_Handler) for SysTick_Handler
    startup_stm32f407xx.o(RESET) refers to usmart_port.o(i.TIM4_IRQHandler) for TIM4_IRQHandler
    startup_stm32f407xx.o(RESET) refers to usart.o(i.USART1_IRQHandler) for USART1_IRQHandler
    startup_stm32f407xx.o(.text) refers (Special) to heapauxi.o(.text) for __use_two_region_memory
    startup_stm32f407xx.o(.text) refers to system_stm32f4xx.o(i.SystemInit) for SystemInit
    startup_stm32f407xx.o(.text) refers to __main.o(!!!main) for __main
    startup_stm32f407xx.o(.text) refers to startup_stm32f407xx.o(HEAP) for Heap_Mem
    startup_stm32f407xx.o(.text) refers to startup_stm32f407xx.o(STACK) for Stack_Mem
    main.o(i.IWDG_Feed) refers to stm32f4xx_hal_iwdg.o(i.HAL_IWDG_Refresh) for HAL_IWDG_Refresh
    main.o(i.IWDG_Feed) refers to main.o(.bss) for IWDG_Handler
    main.o(i.IWDG_Init) refers to stm32f4xx_hal_iwdg.o(i.HAL_IWDG_Init) for HAL_IWDG_Init
    main.o(i.IWDG_Init) refers to main.o(.bss) for IWDG_Handler
    main.o(i.main) refers to stm32f4xx_hal.o(i.HAL_Init) for HAL_Init
    main.o(i.main) refers to sys.o(i.sys_stm32_clock_init) for sys_stm32_clock_init
    main.o(i.main) refers to delay.o(i.delay_init) for delay_init
    main.o(i.main) refers to usart.o(i.usart_init) for usart_init
    main.o(i.main) refers to led.o(i.led_init) for led_init
    main.o(i.main) refers to lcd.o(i.lcd_init) for lcd_init
    main.o(i.main) refers to key.o(i.key_init) for key_init
    main.o(i.main) refers to 24c02.o(i.AT24CXX_Init) for AT24CXX_Init
    main.o(i.main) refers to noretval__2printf.o(.text) for __2printf
    main.o(i.main) refers to delay.o(i.delay_ms) for delay_ms
    main.o(i.main) refers to 24c02.o(i.AT24CXX_Check) for AT24CXX_Check
    main.o(i.main) refers to main.o(i.IWDG_Init) for IWDG_Init
    main.o(i.main) refers to main.o(i.IWDG_Feed) for IWDG_Feed
    main.o(i.main) refers to lcd.o(i.lcd_show_string) for lcd_show_string
    main.o(i.main) refers to bootloader.o(i.bootloader_start) for bootloader_start
    main.o(i.main) refers to usmart_config.o(.data) for usmart_dev
    stm32f4xx_it.o(i.SysTick_Handler) refers to stm32f4xx_hal.o(i.HAL_IncTick) for HAL_IncTick
    system_stm32f4xx.o(i.SystemCoreClockUpdate) refers to system_stm32f4xx.o(.data) for SystemCoreClock
    system_stm32f4xx.o(i.SystemCoreClockUpdate) refers to system_stm32f4xx.o(.constdata) for AHBPrescTable
    bootloader.o(i.bootInfoStruct_Init) refers to bootloader.o(.bss) for boot_info
    bootloader.o(i.bootInfoStruct_printf) refers to _printf_percent.o(.ARM.Collect$$_printf_percent$$00000000) for _printf_percent
    bootloader.o(i.bootInfoStruct_printf) refers to _printf_x.o(.ARM.Collect$$_printf_percent$$0000000C) for _printf_x
    bootloader.o(i.bootInfoStruct_printf) refers to _printf_hex_int.o(.text) for _printf_longlong_hex
    bootloader.o(i.bootInfoStruct_printf) refers to _printf_d.o(.ARM.Collect$$_printf_percent$$00000009) for _printf_d
    bootloader.o(i.bootInfoStruct_printf) refers to _printf_dec.o(.text) for _printf_int_dec
    bootloader.o(i.bootInfoStruct_printf) refers to noretval__2printf.o(.text) for __2printf
    bootloader.o(i.bootInfoStruct_printf) refers to bootloader.o(.bss) for boot_info
    bootloader.o(i.bootInfoStruct_readFrom24C02) refers to 24c02.o(i.AT24CXX_Read) for AT24CXX_Read
    bootloader.o(i.bootInfoStruct_readFrom24C02) refers to bootloader.o(.bss) for boot_info
    bootloader.o(i.bootInfoStruct_storageTo24C02) refers to 24c02.o(i.AT24CXX_Write) for AT24CXX_Write
[...]
    i.UART_DMAAbortOnError                   0x08002668   Section        0  stm32f4xx_hal_uart.o(i.UART_DMAAbortOnError)
    UART_DMAAbortOnError                     0x08002669   Thumb Code    20  stm32f4xx_hal_uart.o(i.UART_DMAAbortOnError)
    i.UART_EndRxTransfer                     0x0800267c   Section        0  stm32f4xx_hal_uart.o(i.UART_EndRxTransfer)
    UART_EndRxTransfer                       0x0800267d   Thumb Code    54  stm32f4xx_hal_uart.o(i.UART_EndRxTransfer)
    i.UART_EndTransmit_IT                    0x080026b2   Section        0  stm32f4xx_hal_uart.o(i.UART_EndTransmit_IT)
    UART_EndTransmit_IT                      0x080026b3   Thumb Code    32  stm32f4xx_hal_uart.o(i.UART_EndTransmit_IT)
    i.UART_Receive_IT                        0x080026d2   Section        0  stm32f4xx_hal_uart.o(i.UART_Receive_IT)
    UART_Receive_IT                          0x080026d3   Thumb Code   190  stm32f4xx_hal_uart.o(i.UART_Receive_IT)
    i.UART_SetConfig                         0x08002790   Section        0  stm32f4xx_hal_uart.o(i.UART_SetConfig)
    UART_SetConfig                           0x08002791   Thumb Code   546  stm32f4xx_hal_uart.o(i.UART_SetConfig)
    i.UART_Start_Receive_IT                  0x080029bc   Section        0  stm32f4xx_hal_uart.o(i.UART_Start_Receive_IT)
    i.UART_Transmit_IT                       0x08002a02   Section        0  stm32f4xx_hal_uart.o(i.UART_Transmit_IT)
    UART_Transmit_IT                         0x08002a03   Thumb Code    96  stm32f4xx_hal_uart.o(i.UART_Transmit_IT)
    i.USART1_IRQHandler                      0x08002a64   Section        0  usart.o(i.USART1_IRQHandler)
    i.UsageFault_Handler                     0x08002a74   Section        0  stm32f4xx_it.o(i.UsageFault_Handler)
    i.__NVIC_GetPriorityGrouping             0x08002a78   Section        0  stm32f4xx_hal_cortex.o(i.__NVIC_GetPriorityGrouping)
    __NVIC_GetPriorityGrouping               0x08002a79   Thumb Code    10  stm32f4xx_hal_cortex.o(i.__NVIC_GetPriorityGrouping)
    i.__NVIC_SetPriority                     0x08002a88   Section        0  stm32f4xx_hal_cortex.o(i.__NVIC_SetPriority)
    __NVIC_SetPriority                       0x08002a89   Thumb Code    32  stm32f4xx_hal_cortex.o(i.__NVIC_SetPriority)
    i._is_digit                              0x08002ab0   Section        0  __printf_wp.o(i._is_digit)
    i._sys_exit                              0x08002abe   Section        0  usart.o(i._sys_exit)
    i.bootInfoStruct_Init                    0x08002ac4   Section        0  bootloader.o(i.bootInfoStruct_Init)
    i.bootInfoStruct_printf                  0x08002ae0   Section        0  bootloader.o(i.bootInfoStruct_printf)
    i.bootInfoStruct_readFrom24C02           0x08002c18   Section        0  bootloader.o(i.bootInfoStruct_readFrom24C02)
    i.bootInfoStruct_storageTo24C02          0x08002c2c   Section        0  bootloader.o(i.bootInfoStruct_storageTo24C02)
    i.bootloader_start                       0x08002c40   Section        0  bootloader.o(i.bootloader_start)
    i.delay_init                             0x08002d18   Section        0  delay.o(i.delay_init)
    i.delay_ms                               0x08002d24   Section        0  delay.o(i.delay_ms)
    i.delay_us                               0x08002d38   Section        0  delay.o(i.delay_us)
    i.fputc                                  0x08002d80   Section        0  usart.o(i.fputc)
    i.key_init                               0x08002d9c   Section        0  key.o(i.key_init)
    i.lcd_clear                              0x08002e98   Section        0  lcd.o(i.lcd_clear)
    i.lcd_display_dir                        0x08002ecc   Section        0  lcd.o(i.lcd_display_dir)
    i.lcd_draw_circle                        0x08003038   Section        0  lcd.o(i.lcd_draw_circle)
    i.lcd_draw_line                          0x080030e2   Section        0  lcd.o(i.lcd_draw_line)
    i.lcd_draw_point                         0x08003190   Section        0  lcd.o(i.lcd_draw_point)
    i.lcd_draw_rectangle                     0x080031b0   Section        0  lcd.o(i.lcd_draw_rectangle)
    i.lcd_ex_ili9341_reginit                 0x080031fa   Section        0  lcd.o(i.lcd_ex_ili9341_reginit)
    i.lcd_ex_ili9806_reginit                 0x08003426   Section        0  lcd.o(i.lcd_ex_ili9806_reginit)
    i.lcd_ex_nt35310_reginit                 0x08003766   Section        0  lcd.o(i.lcd_ex_nt35310_reginit)
    i.lcd_ex_nt35510_reginit                 0x08004658   Section        0  lcd.o(i.lcd_ex_nt35510_reginit)
    i.lcd_ex_ssd1963_reginit                 0x080055c6   Section        0  lcd.o(i.lcd_ex_ssd1963_reginit)
    i.lcd_ex_st7789_reginit                  0x08005734   Section        0  lcd.o(i.lcd_ex_st7789_reginit)
    i.lcd_ex_st7796_reginit                  0x080058dc   Section        0  lcd.o(i.lcd_ex_st7796_reginit)
    i.lcd_fill                               0x08005aa4   Section        0  lcd.o(i.lcd_fill)
    i.lcd_init                               0x08005af8   Section        0  lcd.o(i.lcd_init)
    i.lcd_opt_delay                          0x08006020   Section        0  lcd.o(i.lcd_opt_delay)
    lcd_opt_delay                            0x08006021   Thumb Code    12  lcd.o(i.lcd_opt_delay)
    i.lcd_pow                                0x0800602c   Section        0  lcd.o(i.lcd_pow)
    lcd_pow                                  0x0800602d   Thumb Code    22  lcd.o(i.lcd_pow)
    i.lcd_rd_data                            0x08006044   Section        0  lcd.o(i.lcd_rd_data)
    lcd_rd_data                              0x08006045   Thumb Code    20  lcd.o(i.lcd_rd_data)
    i.lcd_read_point                         0x0800605c   Section        0  lcd.o(i.lcd_read_point)
    i.lcd_scan_dir                           0x080060f4   Section        0  lcd.o(i.lcd_scan_dir)
    i.lcd_set_cursor                         0x08006330   Section        0  lcd.o(i.lcd_set_cursor)
    i.lcd_show_char                          0x08006450   Section        0  lcd.o(i.lcd_show_char)
    i.lcd_show_num                           0x08006590   Section        0  lcd.o(i.lcd_show_num)
    i.lcd_show_string                        0x08006628   Section        0  lcd.o(i.lcd_show_string)
    i.lcd_show_xnum                          0x08006692   Section        0  lcd.o(i.lcd_show_xnum)
    i.lcd_ssd_backlight_set                  0x08006758   Section        0  lcd.o(i.lcd_ssd_backlight_set)
    i.lcd_wr_data                            0x080067b8   Section        0  lcd.o(i.lcd_wr_data)
    i.lcd_wr_regno                           0x080067d0   Section        0  lcd.o(i.lcd_wr_regno)
    i.lcd_write_ram_prepare                  0x080067e8   Section        0  lcd.o(i.lcd_write_ram_prepare)
    i.lcd_write_reg                          0x080067fc   Section        0  lcd.o(i.lcd_write_reg)
    i.led_init                               0x08006810   Section        0  led.o(i.led_init)
    i.main                                   0x080068a8   Section        0  main.o(i.main)
    i.read_addr                              0x080069ac   Section        0  usmart.o(i.read_addr)
    i.stmflash_get_flash_sector              0x080069b4   Section        0  stmflash.o(i.stmflash_get_flash_sector)
    i.stmflash_read_word                     0x08006a54   Section        0  stmflash.o(i.stmflash_read_word)
    i.stmflash_write                         0x08006a5c   Section        0  stmflash.o(i.stmflash_write)
    i.sys_stm32_clock_init                   0x08006b30   Section        0  sys.o(i.sys_stm32_clock_init)
    i.test_write                             0x08006c0c   Section        0  stmflash.o(i.test_write)
    i.usart_init                             0x08006c1c   Section        0  usart.o(i.usart_init)
    i.usmart_cmd_rec                         0x08006c54   Section        0  usmart.o(i.usmart_cmd_rec)
    i.usmart_exe                             0x08006d04   Section        0  usmart.o(i.usmart_exe)
    i.usmart_get_aparm                       0x08006fd8   Section        0  usmart_str.o(i.usmart_get_aparm)
    i.usmart_get_cmdname                     0x080070ac   Section        0  usmart_str.o(i.usmart_get_cmdname)
    i.usmart_get_fname                       0x080070e4   Section        0  usmart_str.o(i.usmart_get_fname)
    i.usmart_get_fparam                      0x080072a4   Section        0  usmart_str.o(i.usmart_get_fparam)
    i.usmart_get_input_string                0x080073b0   Section        0  usmart_port.o(i.usmart_get_input_string)
    i.usmart_get_parmpos                     0x080073d8   Section        0  usmart_str.o(i.usmart_get_parmpos)
    i.usmart_init                            0x080073f8   Section        0  usmart.o(i.usmart_init)
    i.usmart_pow                             0x08007420   Section        0  usmart_str.o(i.usmart_pow)
    i.usmart_scan                            0x08007438   Section        0  usmart.o(i.usmart_scan)
    i.usmart_search_nextc                    0x080074e0   Section        0  usmart_str.o(i.usmart_search_nextc)
    i.usmart_str2num                         0x080074f6   Section        0  usmart_str.o(i.usmart_str2num)
    i.usmart_strcmp                          0x080075fc   Section        0  usmart_str.o(i.usmart_strcmp)
    i.usmart_strcopy                         0x0800761e   Section        0  usmart_str.o(i.usmart_strcopy)
    i.usmart_strlen                          0x08007634   Section        0  usmart_str.o(i.usmart_strlen)
    i.usmart_sys_cmd_exe                     0x0800764c   Section        0  usmart.o(i.usmart_sys_cmd_exe)
    i.usmart_timx_get_time                   0x08007d40   Section        0  usmart_port.o(i.usmart_timx_get_time)
    i.usmart_timx_init                       0x08007d84   Section        0  usmart_port.o(i.usmart_timx_init)
    i.usmart_timx_reset_time                 0x08007de8   Section        0  usmart_port.o(i.usmart_timx_reset_time)
    i.write_addr                             0x08007e1c   Section        0  usmart.o(i.write_addr)
    x$fpl$dfixu                              0x08007e20   Section       90  dfixu.o(x$fpl$dfixu)
    $v0                                      0x08007e20   Number         0  dfixu.o(x$fpl$dfixu)
    x$fpl$dfltu                              0x08007e7a   Section       38  dflt_clz.o(x$fpl$dfltu)
    $v0                                      0x08007e7a   Number         0  dflt_clz.o(x$fpl$dfltu)
    x$fpl$dmul                               0x08007ea0   Section      340  dmul.o(x$fpl$dmul)
    $v0                                      0x08007ea0   Number         0  dmul.o(x$fpl$dmul)
    x$fpl$dnaninf                            0x08007ff4   Section      156  dnaninf.o(x$fpl$dnaninf)
    $v0                                      0x08007ff4   Number         0  dnaninf.o(x$fpl$dnaninf)
    x$fpl$dretinf                            0x08008090   Section       12  dretinf.o(x$fpl$dretinf)
    $v0                                      0x08008090   Number         0  dretinf.o(x$fpl$dretinf)
    x$fpl$fpinit                             0x0800809c   Section       10  fpinit.o(x$fpl$fpinit)
    $v0                                      0x0800809c   Number         0  fpinit.o(x$fpl$fpinit)
    .constdata                               0x080080a6   Section       24  system_stm32f4xx.o(.constdata)
    x$fpl$usenofp                            0x080080a6   Section        0  usenofp.o(x$fpl$usenofp)
    .constdata                               0x080080be   Section    12160  lcd.o(.constdata)
    .constdata                               0x0800b03e   Section       40  _printf_hex_int.o(.constdata)
    uc_hextab                                0x0800b03e   Data          20  _printf_hex_int.o(.constdata)
    lc_hextab                                0x0800b052   Data          20  _printf_hex_int.o(.constdata)
    .constdata                               0x0800b066   Section       17  __printf_flags_ss_wp.o(.constdata)
    maptable                                 0x0800b066   Data          17  __printf_flags_ss_wp.o(.constdata)
    .conststring                             0x0800b078   Section       40  usmart.o(.conststring)
    .conststring                             0x0800b0a0   Section     1084  usmart_config.o(.conststring)
    .data                                    0x20000000   Section        4  system_stm32f4xx.o(.data)
    .data                                    0x20000004   Section        4  delay.o(.data)
    g_fac_us                                 0x20000004   Data           4  delay.o(.data)
    .data                                    0x20000008   Section        7  usart.o(.data)
    .data                                    0x20000010   Section        9  stm32f4xx_hal.o(.data)
    .data                                    0x2000001c   Section        8  lcd.o(.data)
    .data                                    0x20000024   Section       28  usmart.o(.data)
    .data                                    0x20000040   Section      396  usmart_config.o(.data)
    .bss                                     0x200001cc   Section       12  main.o(.bss)
    .bss                                     0x200001d8   Section       12  bootloader.o(.bss)
    .bss                                     0x200001e4   Section      268  usart.o(.bss)
    .bss                                     0x200002f0   Section       32  stm32f4xx_hal_flash.o(.bss)
    .bss                                     0x20000310   Section       94  lcd.o(.bss)
    .bss                                     0x20000370   Section       72  usmart_port.o(.bss)
    .bss                                     0x200003b8   Section       96  libspace.o(.bss)
    HEAP                                     0x20000418   Section        0  startup_stm32f407xx.o(HEAP)
    STACK                                    0x20000418   Section     1024  startup_stm32f407xx.o(STACK)
    Heap_Mem                                 0x20000418   Data           0  startup_stm32f407xx.o(HEAP)
    Stack_Mem                                0x20000418   Data        1024  startup_stm32f407xx.o(STACK)
    __initial_sp                             0x20000818   Data           0  startup_stm32f407xx.o(STACK)

    Global Symbols

    Symbol Name                              Value     Ov Type        Size  Object(Section)

    BuildAttributes$$THM_ISAv4$E$P$D$K$B$S$7EM$VFPi3$EXTD16$VFPS$VFMA$PE$A:L22UL41UL21$X:L11$S22US41US21$IEEE1$IW$USESV6$~STKCKD$USESV7$~SHL$OSPACE$ROPI$EBA8$UX$STANDARDLIB$REQ8$PRES8$EABIv2 0x00000000   Number         0  anon$$obj.o ABSOLUTE
    __ARM_use_no_argv                        0x00000000   Number         0  main.o ABSOLUTE
    _printf_flags                            0x00000000   Number         0  printf_stubs.o ABSOLUTE
    _printf_return_value                     0x00000000   Number         0  printf_stubs.o ABSOLUTE
    _printf_sizespec                         0x00000000   Number         0  printf_stubs.o ABSOLUTE
    _printf_widthprec                        0x00000000   Number         0  printf_stubs.o ABSOLUTE
    __ARM_exceptions_init                     - Undefined Weak Reference
    __alloca_initialize                       - Undefined Weak Reference
    __arm_preinit_                            - Undefined Weak Reference
    __cpp_initialize__aeabi_                  - Undefined Weak Reference
    __cxa_finalize                            - Undefined Weak Reference
    __rt_locale                               - Undefined Weak Reference
    __sigvec_lookup                           - Undefined Weak Reference
    _atexit_init                              - Undefined Weak Reference
    _call_atexit_fns                          - Undefined Weak Reference
    _clock_init                               - Undefined Weak Reference
    _fp_trap_init                             - Undefined Weak Reference
    _fp_trap_shutdown                         - Undefined Weak Reference
    _get_lc_collate                           - Undefined Weak Reference
    _get_lc_ctype                             - Undefined Weak Reference
    _get_lc_monetary                          - Undefined Weak Reference
    _get_lc_numeric                           - Undefined Weak Reference
    _get_lc_time                              - Undefined Weak Reference
    _getenv_init                              - Undefined Weak Reference
    _handle_redirection                       - Undefined Weak Reference
    _init_alloc                               - Undefined Weak Reference
    _init_user_alloc                          - Undefined Weak Reference
    _initio                                   - Undefined Weak Reference
    _mutex_acquire                            - Undefined Weak Reference
    _mutex_release                            - Undefined Weak Reference
    _printf_mbtowc                            - Undefined Weak Reference
    _printf_truncate_signed                   - Undefined Weak Reference
    _printf_truncate_unsigned                 - Undefined Weak Reference
    _rand_init                                - Undefined Weak Reference
    _signal_finish                            - Undefined Weak Reference
    _signal_init                              - Undefined Weak Reference
    _terminate_alloc                          - Undefined Weak Reference
    _terminate_user_alloc                     - Undefined Weak Reference
    _terminateio                              - Undefined Weak Reference
    __Vectors_Size                           0x00000188   Number         0  startup_stm32f407xx.o ABSOLUTE
    __Vectors                                0x08000000   Data           4  startup_stm32f407xx.o(RESET)
    __Vectors_End                            0x08000188   Data           0  startup_stm32f407xx.o(RESET)
    __main                                   0x08000189   Thumb Code     8  __main.o(!!!main)
    __scatterload                            0x08000191   Thumb Code     0  __scatter.o(!!!scatter)
    __scatterload_rt2                        0x08000191   Thumb Code    44  __scatter.o(!!!scatter)
    __scatterload_rt2_thumb_only             0x08000191   Thumb Code     0  __scatter.o(!!!scatter)
    __scatterload_null                       0x0800019f   Thumb Code     0  __scatter.o(!!!scatter)
    __decompress                             0x080001c5   Thumb Code    90  __dczerorl2.o(!!dczerorl2)
    __decompress1                            0x080001c5   Thumb Code     0  __dczerorl2.o(!!dczerorl2)
    __scatterload_zeroinit                   0x08000221   Thumb Code    28  __scatter_zi.o(!!handler_zi)
    _printf_d                                0x0800023d   Thumb Code     0  _printf_d.o(.ARM.Collect$$_printf_percent$$00000009)
    _printf_percent                          0x0800023d   Thumb Code     0  _printf_percent.o(.ARM.Collect$$_printf_percent$$00000000)
    _printf_u                                0x08000243   Thumb Code     0  _printf_u.o(.ARM.Collect$$_printf_percent$$0000000A)
    _printf_x                                0x08000249   Thumb Code     0  _printf_x.o(.ARM.Collect$$_printf_percent$$0000000C)
    _printf_c                                0x0800024f   Thumb Code     0  _printf_c.o(.ARM.Collect$$_printf_percent$$00000013)
    _printf_s                                0x08000255   Thumb Code     0  _printf_s.o(.ARM.Collect$$_printf_percent$$00000014)
    _printf_percent_end                      0x0800025b   Thumb Code     0  _printf_percent_end.o(.ARM.Collect$$_printf_percent$$00000017)
    __rt_lib_init                            0x0800025f   Thumb Code     0  libinit.o(.ARM.Collect$$libinit$$00000000)
    __rt_lib_init_fp_1                       0x08000261   Thumb Code     0  libinit2.o(.ARM.Collect$$libinit$$00000001)
    __rt_lib_init_alloca_1                   0x08000265   Thumb Code     0  libinit2.o(.ARM.Collect$$libinit$$0000002E)
    __rt_lib_init_argv_1                     0x08000265   Thumb Code     0  libinit2.o(.ARM.Collect$$libinit$$0000002C)
    __rt_lib_init_atexit_1                   0x08000265   Thumb Code     0  libinit2.o(.ARM.Collect$$libinit$$0000001B)
    __rt_lib_init_clock_1                    0x08000265   Thumb Code     0  libinit2.o(.ARM.Collect$$libinit$$00000021)
    __rt_lib_init_cpp_1                      0x08000265   Thumb Code     0  libinit2.o(.ARM.Collect$$libinit$$00000032)
    __rt_lib_init_exceptions_1               0x08000265   Thumb Code     0  libinit2.o(.ARM.Collect$$libinit$$00000030)
    __rt_lib_init_fp_trap_1                  0x08000265   Thumb Code     0  libinit2.o(.ARM.Collect$$libinit$$0000001F)
    __rt_lib_init_getenv_1                   0x08000265   Thumb Code     0  libinit2.o(.ARM.Collect$$libinit$$00000023)
    __rt_lib_init_heap_1                     0x08000265   Thumb Code     0  libinit2.o(.ARM.Collect$$libinit$$0000000A)
    __rt_lib_init_lc_collate_1               0x08000265   Thumb Code     0  libinit2.o(.ARM.Collect$$libinit$$00000011)
    __rt_lib_init_lc_ctype_1                 0x08000265   Thumb Code     0  libinit2.o(.ARM.Collect$$libinit$$00000013)
    __rt_lib_init_lc_monetary_1              0x08000265   Thumb Code     0  libinit2.o(.ARM.Collect$$libinit$$00000015)
    __rt_lib_init_lc_numeric_1               0x08000265   Thumb Code     0  libinit2.o(.ARM.Collect$$libinit$$00000017)
    __rt_lib_init_lc_time_1                  0x08000265   Thumb Code     0  libinit2.o(.ARM.Collect$$libinit$$00000019)
    __rt_lib_init_preinit_1                  0x08000265   Thumb Code     0  libinit2.o(.ARM.Collect$$libinit$$00000004)
    __rt_lib_init_rand_1                     0x08000265   Thumb Code     0  libinit2.o(.ARM.Collect$$libinit$$0000000E)
    __rt_lib_init_return                     0x08000265   Thumb Code     0  libinit2.o(.ARM.Collect$$libinit$$00000033)
    __rt_lib_init_signal_1                   0x08000265   Thumb Code     0  libinit2.o(.ARM.Collect$$libinit$$0000001D)
    __rt_lib_init_stdio_1                    0x08000265   Thumb Code     0  libinit2.o(.ARM.Collect$$libinit$$00000025)
    __rt_lib_init_user_alloc_1               0x08000265   Thumb Code     0  libinit2.o(.ARM.Collect$$libinit$$0000000C)
    __rt_lib_shutdown                        0x08000267   Thumb Code     0  libshutdown.o(.ARM.Collect$$libshutdown$$00000000)
    __rt_lib_shutdown_cpp_1                  0x08000269   Thumb Code     0  libshutdown2.o(.ARM.Collect$$libshutdown$$00000002)
    __rt_lib_shutdown_fp_trap_1              0x08000269   Thumb Code     0  libshutdown2.o(.ARM.Collect$$libshutdown$$00000007)
    __rt_lib_shutdown_heap_1                 0x08000269   Thumb Code     0  libshutdown2.o(.ARM.Collect$$libshutdown$$0000000F)
    __rt_lib_shutdown_return                 0x08000269   Thumb Code     0  libshutdown2.o(.ARM.Collect$$libshutdown$$00000010)
    __rt_lib_shutdown_signal_1               0x08000269   Thumb Code     0  libshutdown2.o(.ARM.Collect$$libshutdown$$0000000A)
    __rt_lib_shutdown_stdio_1                0x08000269   Thumb Code     0  libshutdown2.o(.ARM.Collect$$libshutdown$$00000004)
    __rt_lib_shutdown_user_alloc_1           0x08000269   Thumb Code     0  libshutdown2.o(.ARM.Collect$$libshutdown$$0000000C)
    __rt_entry                               0x0800026b   Thumb Code     0  __rtentry.o(.ARM.Collect$$rtentry$$00000000)
    __rt_entry_presh_1                       0x0800026b   Thumb Code     0  __rtentry2.o(.ARM.Collect$$rtentry$$00000002)
    __rt_entry_sh                            0x0800026b   Thumb Code     0  __rtentry4.o(.ARM.Collect$$rtentry$$00000004)
    __rt_entry_li                            0x08000271   Thumb Code     0  __rtentry2.o(.ARM.Collect$$rtentry$$0000000A)
    __rt_entry_postsh_1                      0x08000271   Thumb Code     0  __rtentry2.o(.ARM.Collect$$rtentry$$00000009)
    __rt_entry_main                          0x08000275   Thumb Code     0  __rtentry2.o(.ARM.Collect$$rtentry$$0000000D)
    __rt_entry_postli_1                      0x08000275   Thumb Code     0  __rtentry2.o(.ARM.Collect$$rtentry$$0000000C)
    __rt_exit                                0x0800027d   Thumb Code     0  rtexit.o(.ARM.Collect$$rtexit$$00000000)
    __rt_exit_ls                             0x0800027f   Thumb Code     0  rtexit2.o(.ARM.Collect$$rtexit$$00000003)
    __rt_exit_prels_1                        0x0800027f   Thumb Code     0  rtexit2.o(.ARM.Collect$$rtexit$$00000002)
    __rt_exit_exit                           0x08000283   Thumb Code     0  rtexit2.o(.ARM.Collect$$rtexit$$00000004)
    Reset_Handler                            0x08000289   Thumb Code    18  startup_stm32f407xx.o(.text)
    ADC_IRQHandler                           0x080002ad   Thumb Code     0  startup_stm32f407xx.o(.text)
    CAN1_RX0_IRQHandler                      0x080002ad   Thumb Code     0  startup_stm32f407xx.o(.text)
    CAN1_RX1_IRQHandler                      0x080002ad   Thumb Code     0  startup_stm32f407xx.o(.text)
    CAN1_SCE_IRQHandler                      0x080002ad   Thumb Code     0  startup_stm32f407xx.o(.text)
    CAN1_TX_IRQHandler                       0x080002ad   Thumb Code     0  startup_stm32f407xx.o(.text)
    CAN2_RX0_IRQHandler                      0x080002ad   Thumb Code     0  startup_stm32f407xx.o(.text)
    CAN2_RX1_IRQHandler                      0x080002ad   Thumb Code     0  startup_stm32f407xx.o(.text)
    CAN2_SCE_IRQHandler                      0x080002ad   Thumb Code     0  startup_stm32f407xx.o(.text)
    CAN2_TX_IRQHandler                       0x080002ad   Thumb Code     0  startup_stm32f407xx.o(.text)
    DCMI_IRQHandler                          0x080002ad   Thumb Code     0  startup_stm32f407xx.o(.text)
    DMA1_Stream0_IRQHandler                  0x080002ad   Thumb Code     0  startup_stm32f407xx.o(.text)
    DMA1_Stream1_IRQHandler                  0x080002ad   Thumb Code     0  startup_stm32f407xx.o(.text)
    DMA1_Stream2_IRQHandler                  0x080002ad   Thumb Code     0  startup_stm32f407xx.o(.text)
    DMA1_Stream3_IRQHandler                  0x080002ad   Thumb Code     0  startup_stm32f407xx.o(.text)
    DMA1_Stream4_IRQHandler                  0x080002ad   Thumb Code     0  startup_stm32f407xx.o(.text)
    DMA1_Stream5_IRQHandler                  0x080002ad   Thumb Code     0  startup_stm32f407xx.o(.text)
    DMA1_Stream6_IRQHandler                  0x080002ad   Thumb Code     0  startup_stm32f407xx.o(.text)
    DMA1_Stream7_IRQHandler                  0x080002ad   Thumb Code     0  startup_stm32f407xx.o(.text)
    DMA2_Stream0_IRQHandler                  0x080002ad   Thumb Code     0  startup_stm32f407xx.o(.text)
    DMA2_Stream1_IRQHandler                  0x080002ad   Thumb Code     0  startup_stm32f407xx.o(.text)
    DMA2_Stream2_IRQHandler                  0x080002ad   Thumb Code     0  startup_stm32f407xx.o(.text)
    DMA2_Stream3_IRQHandler                  0x080002ad   Thumb Code     0  startup_stm32f407xx.o(.text)
    DMA2_Stream4_IRQHandler                  0x080002ad   Thumb Code     0  startup_stm32f407xx.o(.text)
    DMA2_Stream5_IRQHandler                  0x080002ad   Thumb Code     0  startup_stm32f407xx.o(.text)
    DMA2_Stream6_IRQHandler                  0x080002ad   Thumb Code     0  startup_stm32f407xx.o(.text)
    DMA2_Stream7_IRQHandler                  0x080002ad   Thumb Code     0  startup_stm32f407xx.o(.text)
    ETH_IRQHandler                           0x080002ad   Thumb Code     0  startup_stm32f407xx.o(.text)
    ETH_WKUP_IRQHandler                      0x080002ad   Thumb Code     0  startup_stm32f407xx.o(.text)
    EXTI0_IRQHandler                         0x080002ad   Thumb Code     0  startup_stm32f407xx.o(.text)
    EXTI15_10_IRQHandler                     0x080002ad   Thumb Code     0  startup_stm32f407xx.o(.text)
    EXTI1_IRQHandler                         0x080002ad   Thumb Code     0  startup_stm32f407xx.o(.text)
    EXTI2_IRQHandler                         0x080002ad   Thumb Code     0  startup_stm32f407xx.o(.text)
    EXTI3_IRQHandler                         0x080002ad   Thumb Code     0  startup_stm32f407xx.o(.text)
    EXTI4_IRQHandler                         0x080002ad   Thumb Code     0  startup_stm32f407xx.o(.text)
    EXTI9_5_IRQHandler                       0x080002ad   Thumb Code     0  startup_stm32f407xx.o(.text)
    FLASH_IRQHandler                         0x080002ad   Thumb Code     0  startup_stm32f407xx.o(.text)
    FMC_IRQHandler                           0x080002ad   Thumb Code     0  startup_stm32f407xx.o(.text)
    FPU_IRQHandler                           0x080002ad   Thumb Code     0  startup_stm32f407xx.o(.text)
    HASH_RNG_IRQHandler                      0x080002ad   Thumb Code     0  startup_stm32f407xx.o(.text)
    I2C1_ER_IRQHandler                       0x080002ad   Thumb Code     0  startup_stm32f407xx.o(.text)
    I2C1_EV_IRQHandler                       0x080002ad   Thumb Code     0  startup_stm32f407xx.o(.text)
    I2C2_ER_IRQHandler                       0x080002ad   Thumb Code     0  startup_stm32f407xx.o(.text)
    I2C2_EV_IRQHandler                       0x080002ad   Thumb Code     0  startup_stm32f407xx.o(.text)
    I2C3_ER_IRQHandler                       0x080002ad   Thumb Code     0  startup_stm32f407xx.o(.text)
    I2C3_EV_IRQHandler                       0x080002ad   Thumb Code     0  startup_stm32f407xx.o(.text)
    OTG_FS_IRQHandler                        0x080002ad   Thumb Code     0  startup_stm32f407xx.o(.text)
    OTG_FS_WKUP_IRQHandler                   0x080002ad   Thumb Code     0  startup_stm32f407xx.o(.text)
    OTG_HS_EP1_IN_IRQHandler                 0x080002ad   Thumb Code     0  startup_stm32f407xx.o(.text)
    OTG_HS_EP1_OUT_IRQHandler                0x080002ad   Thumb Code     0  startup_stm32f407xx.o(.text)
    OTG_HS_IRQHandler                        0x080002ad   Thumb Code     0  startup_stm32f407xx.o(.text)
    OTG_HS_WKUP_IRQHandler                   0x080002ad   Thumb Code     0  startup_stm32f407xx.o(.text)
    PVD_IRQHandler                           0x080002ad   Thumb Code     0  startup_stm32f407xx.o(.text)
    RCC_IRQHandler                           0x080002ad   Thumb Code     0  startup_stm32f407xx.o(.text)
    RTC_Alarm_IRQHandler                     0x080002ad   Thumb Code     0  startup_stm32f407xx.o(.text)
    RTC_WKUP_IRQHandler                      0x080002ad   Thumb Code     0  startup_stm32f407xx.o(.text)
    SDIO_IRQHandler                          0x080002ad   Thumb Code     0  startup_stm32f407xx.o(.text)
    SPI1_IRQHandler                          0x080002ad   Thumb Code     0  startup_stm32f407xx.o(.text)
    SPI2_IRQHandler                          0x080002ad   Thumb Code     0  startup_stm32f407xx.o(.text)
    SPI3_IRQHandler                          0x080002ad   Thumb Code     0  startup_stm32f407xx.o(.text)
    TAMP_STAMP_IRQHandler                    0x080002ad   Thumb Code     0  startup_stm32f407xx.o(.text)
    TIM1_BRK_TIM9_IRQHandler                 0x080002ad   Thumb Code     0  startup_stm32f407xx.o(.text)
    TIM1_CC_IRQHandler                       0x080002ad   Thumb Code     0  startup_stm32f407xx.o(.text)
    TIM1_TRG_COM_TIM11_IRQHandler            0x080002ad   Thumb Code     0  startup_stm32f407xx.o(.text)
    TIM1_UP_TIM10_IRQHandler                 0x080002ad   Thumb Code     0  startup_stm32f407xx.o(.text)
    TIM2_IRQHandler                          0x080002ad   Thumb Code     0  startup_stm32f407xx.o(.text)
    TIM3_IRQHandler                          0x080002ad   Thumb Code     0  startup_stm32f407xx.o(.text)
    TIM5_IRQHandler                          0x080002ad   Thumb Code     0  startup_stm32f407xx.o(.text)
    TIM6_DAC_IRQHandler                      0x080002ad   Thumb Code     0  startup_stm32f407xx.o(.text)
    TIM7_IRQHandler                          0x080002ad   Thumb Code     0  startup_stm32f407xx.o(.text)
    TIM8_BRK_TIM12_IRQHandler                0x080002ad   Thumb Code     0  startup_stm32f407xx.o(.text)
    TIM8_CC_IRQHandler                       0x080002ad   Thumb Code     0  startup_stm32f407xx.o(.text)
    TIM8_TRG_COM_TIM14_IRQHandler            0x080002ad   Thumb Code     0  startup_stm32f407xx.o(.text)
    TIM8_UP_TIM13_IRQHandler                 0x080002ad   Thumb Code     0  startup_stm32f407xx.o(.text)
    UART4_IRQHandler                         0x080002ad   Thumb Code     0  startup_stm32f407xx.o(.text)
    UART5_IRQHandler                         0x080002ad   Thumb Code     0  startup_stm32f407xx.o(.text)
    USART2_IRQHandler                        0x080002ad   Thumb Code     0  startup_stm32f407xx.o(.text)
    USART3_IRQHandler                        0x080002ad   Thumb Code     0  startup_stm32f407xx.o(.text)
    USART6_IRQHandler                        0x080002ad   Thumb Code     0  startup_stm32f407xx.o(.text)
    WWDG_IRQHandler                          0x080002ad   Thumb Code     0  startup_stm32f407xx.o(.text)
    __user_initial_stackheap                 0x080002b1   Thumb Code     0  startup_stm32f407xx.o(.text)
    __use_no_semihosting                     0x080002d5   Thumb Code     2  use_no_semi_2.o(.text)
    __aeabi_uldivmod                         0x080002d7   Thumb Code     0  lludivv7m.o(.text)
    _ll_udiv                                 0x080002d7   Thumb Code   238  lludivv7m.o(.text)
    __2printf                                0x080003c5   Thumb Code    20  noretval__2printf.o(.text)
    _printf_pre_padding                      0x080003dd   Thumb Code    44  _printf_pad.o(.text)
    _printf_post_padding                     0x08000409   Thumb Code    34  _printf_pad.o(.text)
    _printf_str                              0x0800042b   Thumb Code    82  _printf_str.o(.text)
    _printf_int_dec                          0x0800047d   Thumb Code   104  _printf_dec.o(.text)
    _printf_int_hex                          0x080004f5   Thumb Code    84  _printf_hex_int.o(.text)
    _printf_longlong_hex                     0x080004f5   Thumb Code     0  _printf_hex_int.o(.text)
    __printf                                 0x0800054d   Thumb Code   388  __printf_flags_ss_wp.o(.text)
    __aeabi_memclr4                          0x080006d5   Thumb Code     0  rt_memclr_w.o(.text)
    __aeabi_memclr8                          0x080006d5   Thumb Code     0  rt_memclr_w.o(.text)
    __rt_memclr_w                            0x080006d5   Thumb Code    78  rt_memclr_w.o(.text)
    _memset_w                                0x080006d9   Thumb Code     0  rt_memclr_w.o(.text)
    __use_two_region_memory                  0x08000723   Thumb Code     2  heapauxi.o(.text)
    __rt_heap_escrow$2region                 0x08000725   Thumb Code     2  heapauxi.o(.text)
    __rt_heap_expand$2region                 0x08000727   Thumb Code     2  heapauxi.o(.text)
    __semihosting$guard                      0x08000729   Thumb Code     0  use_no_semi.o(.text)
    __use_no_semihosting_swi                 0x08000729   Thumb Code     2  use_no_semi.o(.text)
    _printf_int_common                       0x0800072b   Thumb Code   178  _printf_intcommon.o(.text)
    _printf_cs_common                        0x080007dd   Thumb Code    20  _printf_char.o(.text)
    _printf_char                             0x080007f1   Thumb Code    16  _printf_char.o(.text)
    _printf_string                           0x08000801   Thumb Code     8  _printf_char.o(.text)
    _printf_char_file                        0x08000809   Thumb Code    32  _printf_char_file.o(.text)
    _printf_char_common                      0x08000837   Thumb Code    32  _printf_char_common.o(.text)
    ferror                                   0x0800085d   Thumb Code     8  ferror.o(.text)
    __user_setup_stackheap                   0x08000865   Thumb Code    74  sys_stackheap_outer.o(.text)
    exit                                     0x080008af   Thumb Code    18  exit.o(.text)
    __user_libspace                          0x080008c1   Thumb Code     8  libspace.o(.text)
    __user_perproc_libspace                  0x080008c1   Thumb Code     0  libspace.o(.text)
    __user_perthread_libspace                0x080008c1   Thumb Code     0  libspace.o(.text)
    AT24CXX_Check                            0x080008c9   Thumb Code    46  24c02.o(i.AT24CXX_Check)
    AT24CXX_Init                             0x080008f7   Thumb Code     8  24c02.o(i.AT24CXX_Init)
    AT24CXX_Read                             0x080008ff   Thumb Code    34  24c02.o(i.AT24CXX_Read)
    AT24CXX_ReadOneByte                      0x08000921   Thumb Code    88  24c02.o(i.AT24CXX_ReadOneByte)
    AT24CXX_Write                            0x08000979   Thumb Code    36  24c02.o(i.AT24CXX_Write)
    AT24CXX_WriteOneByte                     0x0800099d   Thumb Code    80  24c02.o(i.AT24CXX_WriteOneByte)
    BusFault_Handler                         0x080009ed   Thumb Code     4  stm32f4xx_it.o(i.BusFault_Handler)
    DebugMon_Handler                         0x080009f1   Thumb Code     2  stm32f4xx_it.o(i.DebugMon_Handler)
    FLASH_Erase_Sector                       0x080009f5   Thumb Code    86  stm32f4xx_hal_flash_ex.o(i.FLASH_Erase_Sector)
    FLASH_FlushCaches                        0x08000a51   Thumb Code   114  stm32f4xx_hal_flash_ex.o(i.FLASH_FlushCaches)
    FLASH_WaitForLastOperation               0x08000c41   Thumb Code    90  stm32f4xx_hal_flash.o(i.FLASH_WaitForLastOperation)
    FSMC_NORSRAM_Extended_Timing_Init        0x08000ca5   Thumb Code    66  stm32f4xx_ll_fsmc.o(i.FSMC_NORSRAM_Extended_Timing_Init)
    FSMC_NORSRAM_Init                        0x08000ced   Thumb Code    88  stm32f4xx_ll_fsmc.o(i.FSMC_NORSRAM_Init)
    FSMC_NORSRAM_Timing_Init                 0x08000d49   Thumb Code    68  stm32f4xx_ll_fsmc.o(i.FSMC_NORSRAM_Timing_Init)
    HAL_DMA_Abort                            0x08000d8d   Thumb Code   170  stm32f4xx_hal_dma.o(i.HAL_DMA_Abort)
    HAL_DMA_Abort_IT                         0x08000e37   Thumb Code    40  stm32f4xx_hal_dma.o(i.HAL_DMA_Abort_IT)
    HAL_FLASHEx_Erase                        0x08000e61   Thumb Code   164  stm32f4xx_hal_flash_ex.o(i.HAL_FLASHEx_Erase)
    HAL_FLASH_Lock                           0x08000f0d   Thumb Code    16  stm32f4xx_hal_flash.o(i.HAL_FLASH_Lock)
    HAL_FLASH_Program                        0x08000f21   Thumb Code   142  stm32f4xx_hal_flash.o(i.HAL_FLASH_Program)
    HAL_FLASH_Unlock                         0x08000fb9   Thumb Code    38  stm32f4xx_hal_flash.o(i.HAL_FLASH_Unlock)
    HAL_GPIO_Init                            0x08000fed   Thumb Code   470  stm32f4xx_hal_gpio.o(i.HAL_GPIO_Init)
    HAL_GPIO_WritePin                        0x080011f1   Thumb Code    12  stm32f4xx_hal_gpio.o(i.HAL_GPIO_WritePin)
    HAL_GetREVID                             0x080011fd   Thumb Code     8  stm32f4xx_hal.o(i.HAL_GetREVID)
    HAL_GetTick                              0x08001209   Thumb Code     6  stm32f4xx_hal.o(i.HAL_GetTick)
    HAL_IWDG_Init                            0x08001215   Thumb Code    94  stm32f4xx_hal_iwdg.o(i.HAL_IWDG_Init)
    HAL_IWDG_Refresh                         0x08001273   Thumb Code    14  stm32f4xx_hal_iwdg.o(i.HAL_IWDG_Refresh)
    HAL_IncTick                              0x08001281   Thumb Code    16  stm32f4xx_hal.o(i.HAL_IncTick)
    HAL_Init                                 0x08001299   Thumb Code    44  stm32f4xx_hal.o(i.HAL_Init)
    HAL_InitTick                             0x080012c9   Thumb Code    64  stm32f4xx_hal.o(i.HAL_InitTick)
    HAL_MspInit                              0x08001315   Thumb Code     2  stm32f4xx_hal.o(i.HAL_MspInit)
    HAL_NVIC_EnableIRQ                       0x08001317   Thumb Code    32  stm32f4xx_hal_cortex.o(i.HAL_NVIC_EnableIRQ)
    HAL_NVIC_SetPriority                     0x08001337   Thumb Code   124  stm32f4xx_hal_cortex.o(i.HAL_NVIC_SetPriority)
    HAL_NVIC_SetPriorityGrouping             0x080013b5   Thumb Code    32  stm32f4xx_hal_cortex.o(i.HAL_NVIC_SetPriorityGrouping)
    HAL_RCC_ClockConfig                      0x080013dd   Thumb Code   368  stm32f4xx_hal_rcc.o(i.HAL_RCC_ClockConfig)
    HAL_RCC_GetHCLKFreq                      0x08001561   Thumb Code     6  stm32f4xx_hal_rcc.o(i.HAL_RCC_GetHCLKFreq)
    HAL_RCC_GetPCLK1Freq                     0x0800156d   Thumb Code    22  stm32f4xx_hal_rcc.o(i.HAL_RCC_GetPCLK1Freq)
    HAL_RCC_GetPCLK2Freq                     0x0800158d   Thumb Code    22  stm32f4xx_hal_rcc.o(i.HAL_RCC_GetPCLK2Freq)
    HAL_RCC_GetSysClockFreq                  0x080015ad   Thumb Code   162  stm32f4xx_hal_rcc.o(i.HAL_RCC_GetSysClockFreq)
    HAL_RCC_OscConfig                        0x0800165d   Thumb Code  1172  stm32f4xx_hal_rcc.o(i.HAL_RCC_OscConfig)
    HAL_SRAM_Init                            0x08001af9   Thumb Code    88  stm32f4xx_hal_sram.o(i.HAL_SRAM_Init)
    HAL_SRAM_MspInit                         0x08001b51   Thumb Code   152  lcd.o(i.HAL_SRAM_MspInit)
    HAL_SYSTICK_Config                       0x08001bf5   Thumb Code    52  stm32f4xx_hal_cortex.o(i.HAL_SYSTICK_Config)
    HAL_TIM_Base_Init                        0x08001c29   Thumb Code   102  stm32f4xx_hal_tim.o(i.HAL_TIM_Base_Init)
    HAL_TIM_Base_MspInit                     0x08001c8f   Thumb Code     2  stm32f4xx_hal_tim.o(i.HAL_TIM_Base_MspInit)
    HAL_TIM_Base_Start_IT                    0x08001c91   Thumb Code   138  stm32f4xx_hal_tim.o(i.HAL_TIM_Base_Start_IT)
    HAL_UARTEx_RxEventCallback               0x08001d39   Thumb Code     2  stm32f4xx_hal_uart.o(i.HAL_UARTEx_RxEventCallback)
    HAL_UART_ErrorCallback                   0x08001d3b   Thumb Code     2  stm32f4xx_hal_uart.o(i.HAL_UART_ErrorCallback)
    HAL_UART_IRQHandler                      0x08001d3d   Thumb Code   586  stm32f4xx_hal_uart.o(i.HAL_UART_IRQHandler)
    HAL_UART_Init                            0x08001f8d   Thumb Code   114  stm32f4xx_hal_uart.o(i.HAL_UART_Init)
    HAL_UART_MspInit                         0x08002001   Thumb Code   190  usart.o(i.HAL_UART_MspInit)
    HAL_UART_Receive_IT                      0x080020cd   Thumb Code    66  stm32f4xx_hal_uart.o(i.HAL_UART_Receive_IT)
    HAL_UART_RxCpltCallback                  0x08002111   Thumb Code   134  usart.o(i.HAL_UART_RxCpltCallback)
    HAL_UART_TxCpltCallback                  0x080021ad   Thumb Code     2  stm32f4xx_hal_uart.o(i.HAL_UART_TxCpltCallback)
    HardFault_Handler                        0x080021af   Thumb Code     4  stm32f4xx_it.o(i.HardFault_Handler)
    IAP_ExecuteApp                           0x080021b5   Thumb Code   114  bootloader.o(i.IAP_ExecuteApp)
    IIC_Ack                                  0x08002239   Thumb Code    66  myiic.o(i.IIC_Ack)
    IIC_Init                                 0x08002289   Thumb Code    76  myiic.o(i.IIC_Init)
    IIC_NAck                                 0x080022e5   Thumb Code    66  myiic.o(i.IIC_NAck)
    IIC_Read_Byte                            0x08002335   Thumb Code    94  myiic.o(i.IIC_Read_Byte)
    IIC_Send_Byte                            0x080023a1   Thumb Code    90  myiic.o(i.IIC_Send_Byte)
    IIC_Start                                0x08002409   Thumb Code    64  myiic.o(i.IIC_Start)
    IIC_Stop                                 0x08002455   Thumb Code    62  myiic.o(i.IIC_Stop)
    IIC_Wait_Ack                             0x080024a1   Thumb Code    74  myiic.o(i.IIC_Wait_Ack)
    IWDG_Feed                                0x080024f5   Thumb Code    10  main.o(i.IWDG_Feed)
    IWDG_Init                                0x08002505   Thumb Code    24  main.o(i.IWDG_Init)
    MemManage_Handler                        0x08002525   Thumb Code     4  stm32f4xx_it.o(i.MemManage_Handler)
    NMI_Handler                              0x08002529   Thumb Code     2  stm32f4xx_it.o(i.NMI_Handler)
    PendSV_Handler                           0x0800252b   Thumb Code     2  stm32f4xx_it.o(i.PendSV_Handler)
    SVC_Handler                              0x0800252d   Thumb Code     2  stm32f4xx_it.o(i.SVC_Handler)
    SysTick_Handler                          0x0800252f   Thumb Code     8  stm32f4xx_it.o(i.SysTick_Handler)
    SystemInit                               0x08002539   Thumb Code    14  system_stm32f4xx.o(i.SystemInit)
    TIM4_IRQHandler                          0x0800254d   Thumb Code    58  usmart_port.o(i.TIM4_IRQHandler)
    TIM_Base_SetConfig                       0x08002591   Thumb Code   170  stm32f4xx_hal_tim.o(i.TIM_Base_SetConfig)
    UART_Start_Receive_IT                    0x080029bd   Thumb Code    70  stm32f4xx_hal_uart.o(i.UART_Start_Receive_IT)
    USART1_IRQHandler                        0x08002a65   Thumb Code    10  usart.o(i.USART1_IRQHandler)
    UsageFault_Handler                       0x08002a75   Thumb Code     4  stm32f4xx_it.o(i.UsageFault_Handler)
    _is_digit                                0x08002ab1   Thumb Code    14  __printf_wp.o(i._is_digit)
    _sys_exit                                0x08002abf   Thumb Code     4  usart.o(i._sys_exit)
    bootInfoStruct_Init                      0x08002ac5   Thumb Code    22  bootloader.o(i.bootInfoStruct_Init)
    bootInfoStruct_printf                    0x08002ae1   Thumb Code   110  bootloader.o(i.bootInfoStruct_printf)
    bootInfoStruct_readFrom24C02             0x08002c19   Thumb Code    14  bootloader.o(i.bootInfoStruct_readFrom24C02)
    bootInfoStruct_storageTo24C02            0x08002c2d   Thumb Code    14  bootloader.o(i.bootInfoStruct_storageTo24C02)
    bootloader_start                         0x08002c41   Thumb Code   188  bootloader.o(i.bootloader_start)
    delay_init                               0x08002d19   Thumb Code     6  delay.o(i.delay_init)
    delay_ms                                 0x08002d25   Thumb Code    18  delay.o(i.delay_ms)
    delay_us                                 0x08002d39   Thumb Code    68  delay.o(i.delay_us)
    fputc                                    0x08002d81   Thumb Code    22  usart.o(i.fputc)
    key_init                                 0x08002d9d   Thumb Code   240  key.o(i.key_init)
    lcd_clear                                0x08002e99   Thumb Code    42  lcd.o(i.lcd_clear)
    lcd_display_dir                          0x08002ecd   Thumb Code   360  lcd.o(i.lcd_display_dir)
    lcd_draw_circle                          0x08003039   Thumb Code   170  lcd.o(i.lcd_draw_circle)
    lcd_draw_line                            0x080030e3   Thumb Code   172  lcd.o(i.lcd_draw_line)
    lcd_draw_point                           0x08003191   Thumb Code    26  lcd.o(i.lcd_draw_point)
    lcd_draw_rectangle                       0x080031b1   Thumb Code    74  lcd.o(i.lcd_draw_rectangle)
    lcd_ex_ili9341_reginit                   0x080031fb   Thumb Code   556  lcd.o(i.lcd_ex_ili9341_reginit)
    lcd_ex_ili9806_reginit                   0x08003427   Thumb Code   832  lcd.o(i.lcd_ex_ili9806_reginit)
    lcd_ex_nt35310_reginit                   0x08003767   Thumb Code  3826  lcd.o(i.lcd_ex_nt35310_reginit)
    lcd_ex_nt35510_reginit                   0x08004659   Thumb Code  3950  lcd.o(i.lcd_ex_nt35510_reginit)
    lcd_ex_ssd1963_reginit                   0x080055c7   Thumb Code   366  lcd.o(i.lcd_ex_ssd1963_reginit)
    lcd_ex_st7789_reginit                    0x08005735   Thumb Code   424  lcd.o(i.lcd_ex_st7789_reginit)
    lcd_ex_st7796_reginit                    0x080058dd   Thumb Code   454  lcd.o(i.lcd_ex_st7796_reginit)
    lcd_fill                                 0x08005aa5   Thumb Code    80  lcd.o(i.lcd_fill)
    lcd_init                                 0x08005af9   Thumb Code  1308  lcd.o(i.lcd_init)
    lcd_read_point                           0x0800605d   Thumb Code   148  lcd.o(i.lcd_read_point)
    lcd_scan_dir                             0x080060f5   Thumb Code   568  lcd.o(i.lcd_scan_dir)
    lcd_set_cursor                           0x08006331   Thumb Code   282  lcd.o(i.lcd_set_cursor)
    lcd_show_char                            0x08006451   Thumb Code   294  lcd.o(i.lcd_show_char)
    lcd_show_num                             0x08006591   Thumb Code   152  lcd.o(i.lcd_show_num)
    lcd_show_string                          0x08006629   Thumb Code   106  lcd.o(i.lcd_show_string)
    lcd_show_xnum                            0x08006693   Thumb Code   198  lcd.o(i.lcd_show_xnum)
    lcd_ssd_backlight_set                    0x08006759   Thumb Code    88  lcd.o(i.lcd_ssd_backlight_set)
    lcd_wr_data                              0x080067b9   Thumb Code    18  lcd.o(i.lcd_wr_data)
    lcd_wr_regno                             0x080067d1   Thumb Code    18  lcd.o(i.lcd_wr_regno)
    lcd_write_ram_prepare                    0x080067e9   Thumb Code    10  lcd.o(i.lcd_write_ram_prepare)
    lcd_write_reg                            0x080067fd   Thumb Code    14  lcd.o(i.lcd_write_reg)
    led_init                                 0x08006811   Thumb Code   142  led.o(i.led_init)
    main                                     0x080068a9   Thumb Code   186  main.o(i.main)
    read_addr                                0x080069ad   Thumb Code     6  usmart.o(i.read_addr)
    stmflash_get_flash_sector                0x080069b5   Thumb Code   116  stmflash.o(i.stmflash_get_flash_sector)
    stmflash_read_word                       0x08006a55   Thumb Code     6  stmflash.o(i.stmflash_read_word)
    stmflash_write                           0x08006a5d   Thumb Code   204  stmflash.o(i.stmflash_write)
    sys_stm32_clock_init                     0x08006b31   Thumb Code   208  sys.o(i.sys_stm32_clock_init)
    test_write                               0x08006c0d   Thumb Code    16  stmflash.o(i.test_write)
    usart_init                               0x08006c1d   Thumb Code    44  usart.o(i.usart_init)
    usmart_cmd_rec                           0x08006c55   Thumb Code   170  usmart.o(i.usmart_cmd_rec)
    usmart_exe                               0x08006d05   Thumb Code   632  usmart.o(i.usmart_exe)
    usmart_get_aparm                         0x08006fd9   Thumb Code   212  usmart_str.o(i.usmart_get_aparm)
    usmart_get_cmdname                       0x080070ad   Thumb Code    54  usmart_str.o(i.usmart_get_cmdname)
    usmart_get_fname                         0x080070e5   Thumb Code   440  usmart_str.o(i.usmart_get_fname)
    usmart_get_fparam                        0x080072a5   Thumb Code   262  usmart_str.o(i.usmart_get_fparam)
    usmart_get_input_string                  0x080073b1   Thumb Code    30  usmart_port.o(i.usmart_get_input_string)
    usmart_get_parmpos                       0x080073d9   Thumb Code    26  usmart_str.o(i.usmart_get_parmpos)
    usmart_init                              0x080073f9   Thumb Code    36  usmart.o(i.usmart_init)
    usmart_pow                               0x08007421   Thumb Code    22  usmart_str.o(i.usmart_pow)
    usmart_scan                              0x08007439   Thumb Code   106  usmart.o(i.usmart_scan)
    usmart_search_nextc                      0x080074e1   Thumb Code    22  usmart_str.o(i.usmart_search_nextc)
    usmart_str2num                           0x080074f7   Thumb Code   262  usmart_str.o(i.usmart_str2num)
    usmart_strcmp                            0x080075fd   Thumb Code    34  usmart_str.o(i.usmart_strcmp)
    usmart_strcopy                           0x0800761f   Thumb Code    22  usmart_str.o(i.usmart_strcopy)
    usmart_strlen                            0x08007635   Thumb Code    24  usmart_str.o(i.usmart_strlen)
    usmart_sys_cmd_exe                       0x0800764d   Thumb Code  1570  usmart.o(i.usmart_sys_cmd_exe)
    usmart_timx_get_time                     0x08007d41   Thumb Code    58  usmart_port.o(i.usmart_timx_get_time)
    usmart_timx_init                         0x08007d85   Thumb Code    88  usmart_port.o(i.usmart_timx_init)
    usmart_timx_reset_time                   0x08007de9   Thumb Code    44  usmart_port.o(i.usmart_timx_reset_time)
    write_addr                               0x08007e1d   Thumb Code     4  usmart.o(i.write_addr)
    __aeabi_d2uiz                            0x08007e21   Thumb Code     0  dfixu.o(x$fpl$dfixu)
    _dfixu                                   0x08007e21   Thumb Code    90  dfixu.o(x$fpl$dfixu)
    __aeabi_ui2d                             0x08007e7b   Thumb Code     0  dflt_clz.o(x$fpl$dfltu)
    _dfltu                                   0x08007e7b   Thumb Code    38  dflt_clz.o(x$fpl$dfltu)
    __aeabi_dmul                             0x08007ea1   Thumb Code     0  dmul.o(x$fpl$dmul)
    _dmul                                    0x08007ea1   Thumb Code   332  dmul.o(x$fpl$dmul)
    __fpl_dnaninf                            0x08007ff5   Thumb Code   156  dnaninf.o(x$fpl$dnaninf)
    __fpl_dretinf                            0x08008091   Thumb Code    12  dretinf.o(x$fpl$dretinf)
    _fp_init                                 0x0800809d   Thumb Code    10  fpinit.o(x$fpl$fpinit)
    __fplib_config_fpu_vfp                   0x080080a5   Thumb Code     0  fpinit.o(x$fpl$fpinit)
    __fplib_config_pureend_doubles           0x080080a5   Thumb Code     0  fpinit.o(x$fpl$fpinit)
    AHBPrescTable                            0x080080a6   Data          16  system_stm32f4xx.o(.constdata)
    __I$use$fp                               0x080080a6   Number         0  usenofp.o(x$fpl$usenofp)
    APBPrescTable                            0x080080b6   Data           8  system_stm32f4xx.o(.constdata)
    asc2_1206                                0x080080be   Data        1140  lcd.o(.constdata)
    asc2_1608                                0x08008532   Data        1520  lcd.o(.constdata)
    asc2_2412                                0x08008b22   Data        3420  lcd.o(.constdata)
    asc2_3216                                0x0800987e   Data        6080  lcd.o(.constdata)
    Region$$Table$$Base                      0x0800b4dc   Number         0  anon$$obj.o(Region$$Table)
    Region$$Table$$Limit                     0x0800b4fc   Number         0  anon$$obj.o(Region$$Table)
    SystemCoreClock                          0x20000000   Data           4  system_stm32f4xx.o(.data)
    __stdout                                 0x20000008   Data           4  usart.o(.data)
    g_usart_rx_sta                           0x2000000c   Data           2  usart.o(.data)
    g_rx_buffer                              0x2000000e   Data           1  usart.o(.data)
    uwTick                                   0x20000010   Data           4  stm32f4xx_hal.o(.data)
    uwTickPrio                               0x20000014   Data           4  stm32f4xx_hal.o(.data)
    uwTickFreq                               0x20000018   Data           1  stm32f4xx_hal.o(.data)
    g_point_color                            0x2000001c   Data           4  lcd.o(.data)
    g_back_color                             0x20000020   Data           4  lcd.o(.data)
    sys_cmd_tab                              0x20000024   Data          28  usmart.o(.data)
    usmart_nametab                           0x20000040   Data         152  usmart_config.o(.data)
    usmart_dev                               0x200000d8   Data         244  usmart_config.o(.data)
    IWDG_Handler                             0x200001cc   Data          12  main.o(.bss)
    boot_info                                0x200001d8   Data          12  bootloader.o(.bss)
    g_usart_rx_buf                           0x200001e4   Data         200  usart.o(.bss)
    g_uart1_handle                           0x200002ac   Data          68  usart.o(.bss)
    pFlash                                   0x200002f0   Data          32  stm32f4xx_hal_flash.o(.bss)
    g_sram_handle                            0x20000310   Data          80  lcd.o(.bss)
    lcddev                                   0x20000360   Data          14  lcd.o(.bss)
    g_timx_usmart_handle                     0x20000370   Data          72  usmart_port.o(.bss)
    __libspace_start                         0x200003b8   Data          96  libspace.o(.bss)
    __temporary_stack_top$libspace           0x20000418   Data           0  libspace.o(.bss)



==============================================================================

Memory Map of the image

  Image Entry point : 0x08000189

  Load Region LR_IROM1 (Base: 0x08000000, Size: 0x0000b6c8, Max: 0x00100000, ABSOLUTE, COMPRESSED[0x0000b5ac])

    Execution Region ER_IROM1 (Exec base: 0x08000000, Load base: 0x08000000, Size: 0x0000b4fc, Max: 0x00100000, ABSOLUTE)

    Exec Addr    Load Addr    Size         Type   Attr      Idx    E Section Name        Object

    0x08000000   0x08000000   0x00000188   Data   RO            3    RESET               startup_stm32f407xx.o
    0x08000188   0x08000188   0x00000008   Code   RO         5166  * !!!main             c_w.l(__main.o)
    0x08000190   0x08000190   0x00000034   Code   RO         5360    !!!scatter          c_w.l(__scatter.o)
    0x080001c4   0x080001c4   0x0000005a   Code   RO         5358    !!dczerorl2         c_w.l(__dczerorl2.o)
    0x0800021e   0x0800021e   0x00000002   PAD
    0x08000220   0x08000220   0x0000001c   Code   RO         5362    !!handler_zi        c_w.l(__scatter_zi.o)
    0x0800023c   0x0800023c   0x00000000   Code   RO         5161    .ARM.Collect$$_printf_percent$$00000000  c_w.l(_printf_percent.o)
    0x0800023c   0x0800023c   0x00000006   Code   RO         5159    .ARM.Collect$$_printf_percent$$00000009  c_w.l(_printf_d.o)
    0x08000242   0x08000242   0x00000006   Code   RO         5160    .ARM.Collect$$_printf_percent$$0000000A  c_w.l(_printf_u.o)
    0x08000248   0x08000248   0x00000006   Code   RO         5158    .ARM.Collect$$_printf_percent$$0000000C  c_w.l(_printf_x.o)
    0x0800024e   0x0800024e   0x00000006   Code   RO         5156    .ARM.Collect$$_printf_percent$$00000013  c_w.l(_printf_c.o)
    0x08000254   0x08000254   0x00000006   Code   RO         5157    .ARM.Collect$$_printf_percent$$00000014  c_w.l(_printf_s.o)
    0x0800025a   0x0800025a   0x00000004   Code   RO         5193    .ARM.Collect$$_printf_percent$$00000017  c_w.l(_printf_percent_end.o)
    0x0800025e   0x0800025e   0x00000002   Code   RO         5237    .ARM.Collect$$libinit$$00000000  c_w.l(libinit.o)
    0x08000260   0x08000260   0x00000004   Code   RO         5249    .ARM.Collect$$libinit$$00000001  c_w.l(libinit2.o)
    0x08000264   0x08000264   0x00000000   Code   RO         5252    .ARM.Collect$$libinit$$00000004  c_w.l(libinit2.o)
    0x08000264   0x08000264   0x00000000   Code   RO         5255    .ARM.Collect$$libinit$$0000000A  c_w.l(libinit2.o)
    0x08000264   0x08000264   0x00000000   Code   RO         5257    .ARM.Collect$$libinit$$0000000C  c_w.l(libinit2.o)
    0x08000264   0x08000264   0x00000000   Code   RO         5259    .ARM.Collect$$libinit$$0000000E  c_w.l(libinit2.o)
    0x08000264   0x08000264   0x00000000   Code   RO         5262    .ARM.Collect$$libinit$$00000011  c_w.l(libinit2.o)
    0x08000264   0x08000264   0x00000000   Code   RO         5264    .ARM.Collect$$libinit$$00000013  c_w.l(libinit2.o)
    0x08000264   0x08000264   0x00000000   Code   RO         5266    .ARM.Collect$$libinit$$00000015  c_w.l(libinit2.o)
    0x08000264   0x08000264   0x00000000   Code   RO         5268    .ARM.Collect$$libinit$$00000017  c_w.l(libinit2.o)
    0x08000264   0x08000264   0x00000000   Code   RO         5270    .ARM.Collect$$libinit$$00000019  c_w.l(libinit2.o)
    0x08000264   0x08000264   0x00000000   Code   RO         5272    .ARM.Collect$$libinit$$0000001B  c_w.l(libinit2.o)
    0x08000264   0x08000264   0x00000000   Code   RO         5274    .ARM.Collect$$libinit$$0000001D  c_w.l(libinit2.o)
    0x08000264   0x08000264   0x00000000   Code   RO         5276    .ARM.Collect$$libinit$$0000001F  c_w.l(libinit2.o)
    0x08000264   0x08000264   0x00000000   Code   RO         5278    .ARM.Collect$$libinit$$00000021  c_w.l(libinit2.o)
    0x08000264   0x08000264   0x00000000   Code   RO         5280    .ARM.Collect$$libinit$$00000023  c_w.l(libinit2.o)
    0x08000264   0x08000264   0x00000000   Code   RO         5282    .ARM.Collect$$libinit$$00000025  c_w.l(libinit2.o)
    0x08000264   0x08000264   0x00000000   Code   RO         5286    .ARM.Collect$$libinit$$0000002C  c_w.l(libinit2.o)
    0x08000264   0x08000264   0x00000000   Code   RO         5288    .ARM.Collect$$libinit$$0000002E  c_w.l(libinit2.o)
    0x08000264   0x08000264   0x00000000   Code   RO         5290    .ARM.Collect$$libinit$$00000030  c_w.l(libinit2.o)
    0x08000264   0x08000264   0x00000000   Code   RO         5292    .ARM.Collect$$libinit$$00000032  c_w.l(libinit2.o)
    0x08000264   0x08000264   0x00000002   Code   RO         5293    .ARM.Collect$$libinit$$00000033  c_w.l(libinit2.o)
    0x08000266   0x08000266   0x00000002   Code   RO         5317    .ARM.Collect$$libshutdown$$00000000  c_w.l(libshutdown.o)
    0x08000268   0x08000268   0x00000000   Code   RO         5341    .ARM.Collect$$libshutdown$$00000002  c_w.l(libshutdown2.o)
    0x08000268   0x08000268   0x00000000   Code   RO         5343    .ARM.Collect$$libshutdown$$00000004  c_w.l(libshutdown2.o)
    0x08000268   0x08000268   0x00000000   Code   RO         5346    .ARM.Collect$$libshutdown$$00000007  c_w.l(libshutdown2.o)
    0x08000268   0x08000268   0x00000000   Code   RO         5349    .ARM.Collect$$libshutdown$$0000000A  c_w.l(libshutdown2.o)
    0x08000268   0x08000268   0x00000000   Code   RO         5351    .ARM.Collect$$libshutdown$$0000000C  c_w.l(libshutdown2.o)
    0x08000268   0x08000268   0x00000000   Code   RO         5354    .ARM.Collect$$libshutdown$$0000000F  c_w.l(libshutdown2.o)
    0x08000268   0x08000268   0x00000002   Code   RO         5355    .ARM.Collect$$libshutdown$$00000010  c_w.l(libshutdown2.o)
    0x0800026a   0x0800026a   0x00000000   Code   RO         5182    .ARM.Collect$$rtentry$$00000000  c_w.l(__rtentry.o)
    0x0800026a   0x0800026a   0x00000000   Code   RO         5200    .ARM.Collect$$rtentry$$00000002  c_w.l(__rtentry2.o)
    0x0800026a   0x0800026a   0x00000006   Code   RO         5212    .ARM.Collect$$rtentry$$00000004  c_w.l(__rtentry4.o)
    0x08000270   0x08000270   0x00000000   Code   RO         5202    .ARM.Collect$$rtentry$$00000009  c_w.l(__rtentry2.o)
    0x08000270   0x08000270   0x00000004   Code   RO         5203    .ARM.Collect$$rtentry$$0000000A  c_w.l(__rtentry2.o)
    0x08000274   0x08000274   0x00000000   Code   RO         5205    .ARM.Collect$$rtentry$$0000000C  c_w.l(__rtentry2.o)
    0x08000274   0x08000274   0x00000008   Code   RO         5206    .ARM.Collect$$rtentry$$0000000D  c_w.l(__rtentry2.o)
    0x0800027c   0x0800027c   0x00000002   Code   RO         5241    .ARM.Collect$$rtexit$$00000000  c_w.l(rtexit.o)
    0x0800027e   0x0800027e   0x00000000   Code   RO         5295    .ARM.Collect$$rtexit$$00000002  c_w.l(rtexit2.o)
    0x0800027e   0x0800027e   0x00000004   Code   RO         5296    .ARM.Collect$$rtexit$$00000003  c_w.l(rtexit2.o)
    0x08000282   0x08000282   0x00000006   Code   RO         5297    .ARM.Collect$$rtexit$$00000004  c_w.l(rtexit2.o)
    0x08000288   0x08000288   0x0000004c   Code   RO            4    .text               startup_stm32f407xx.o
    0x080002d4   0x080002d4   0x00000002   Code   RO         5099    .text               c_w.l(use_no_semi_2.o)
    0x080002d6   0x080002d6   0x000000ee   Code   RO         5101    .text               c_w.l(lludivv7m.o)
    0x080003c4   0x080003c4   0x00000018   Code   RO         5105    .text               c_w.l(noretval__2printf.o)
    0x080003dc   0x080003dc   0x0000004e   Code   RO         5109    .text               c_w.l(_printf_pad.o)
    0x0800042a   0x0800042a   0x00000052   Code   RO         5111    .text               c_w.l(_printf_str.o)
    0x0800047c   0x0800047c   0x00000078   Code   RO         5113    .text               c_w.l(_printf_dec.o)
    0x080004f4   0x080004f4   0x00000058   Code   RO         5118    .text               c_w.l(_printf_hex_int.o)
    0x0800054c   0x0800054c   0x00000188   Code   RO         5153    .text               c_w.l(__printf_flags_ss_wp.o)
    0x080006d4   0x080006d4   0x0000004e   Code   RO         5162    .text               c_w.l(rt_memclr_w.o)
    0x08000722   0x08000722   0x00000006   Code   RO         5164    .text               c_w.l(heapauxi.o)
    0x08000728   0x08000728   0x00000002   Code   RO         5180    .text               c_w.l(use_no_semi.o)
    0x0800072a   0x0800072a   0x000000b2   Code   RO         5187    .text               c_w.l(_printf_intcommon.o)
    0x080007dc   0x080007dc   0x0000002c   Code   RO         5189    .text               c_w.l(_printf_char.o)
    0x08000808   0x08000808   0x00000024   Code   RO         5191    .text               c_w.l(_printf_char_file.o)
    0x0800082c   0x0800082c   0x00000030   Code   RO         5216    .text               c_w.l(_printf_char_common.o)
    0x0800085c   0x0800085c   0x00000008   Code   RO         5218    .text               c_w.l(ferror.o)
    0x08000864   0x08000864   0x0000004a   Code   RO         5222    .text               c_w.l(sys_stackheap_outer.o)
    0x080008ae   0x080008ae   0x00000012   Code   RO         5226    .text               c_w.l(exit.o)
    0x080008c0   0x080008c0   0x00000008   Code   RO         5238    .text               c_w.l(libspace.o)
    0x080008c8   0x080008c8   0x0000002e   Code   RO         4724    i.AT24CXX_Check     24c02.o
    0x080008f6   0x080008f6   0x00000008   Code   RO         4725    i.AT24CXX_Init      24c02.o
    0x080008fe   0x080008fe   0x00000022   Code   RO         4726    i.AT24CXX_Read      24c02.o
    0x08000920   0x08000920   0x00000058   Code   RO         4728    i.AT24CXX_ReadOneByte  24c02.o
    0x08000978   0x08000978   0x00000024   Code   RO         4729    i.AT24CXX_Write     24c02.o
    0x0800099c   0x0800099c   0x00000050   Code   RO         4731    i.AT24CXX_WriteOneByte  24c02.o
    0x080009ec   0x080009ec   0x00000004   Code   RO          298    i.BusFault_Handler  stm32f4xx_it.o
    0x080009f0   0x080009f0   0x00000002   Code   RO          299    i.DebugMon_Handler  stm32f4xx_it.o
    0x080009f2   0x080009f2   0x00000002   PAD
    0x080009f4   0x080009f4   0x0000005c   Code   RO         3597    i.FLASH_Erase_Sector  stm32f4xx_hal_flash_ex.o
    0x08000a50   0x08000a50   0x00000078   Code   RO         3598    i.FLASH_FlushCaches  stm32f4xx_hal_flash_ex.o
    0x08000ac8   0x08000ac8   0x00000030   Code   RO         3599    i.FLASH_MassErase   stm32f4xx_hal_flash_ex.o
    0x08000af8   0x08000af8   0x00000024   Code   RO         3702    i.FLASH_Program_Byte  stm32f4xx_hal_flash.o
    0x08000b1c   0x08000b1c   0x0000003c   Code   RO         3703    i.FLASH_Program_DoubleWord  stm32f4xx_hal_flash.o
    0x08000b58   0x08000b58   0x00000028   Code   RO         3704    i.FLASH_Program_HalfWord  stm32f4xx_hal_flash.o
    0x08000b80   0x08000b80   0x00000028   Code   RO         3705    i.FLASH_Program_Word  stm32f4xx_hal_flash.o
    0x08000ba8   0x08000ba8   0x00000098   Code   RO         3706    i.FLASH_SetErrorCode  stm32f4xx_hal_flash.o
    0x08000c40   0x08000c40   0x00000064   Code   RO         3707    i.FLASH_WaitForLastOperation  stm32f4xx_hal_flash.o
    0x08000ca4   0x08000ca4   0x00000048   Code   RO         3373    i.FSMC_NORSRAM_Extended_Timing_Init  stm32f4xx_ll_fsmc.o
    0x08000cec   0x08000cec   0x0000005c   Code   RO         3374    i.FSMC_NORSRAM_Init  stm32f4xx_ll_fsmc.o
    0x08000d48   0x08000d48   0x00000044   Code   RO         3375    i.FSMC_NORSRAM_Timing_Init  stm32f4xx_ll_fsmc.o
    0x08000d8c   0x08000d8c   0x000000aa   Code   RO         3494    i.HAL_DMA_Abort     stm32f4xx_hal_dma.o
    0x08000e36   0x08000e36   0x00000028   Code   RO         3495    i.HAL_DMA_Abort_IT  stm32f4xx_hal_dma.o
    0x08000e5e   0x08000e5e   0x00000002   PAD
    0x08000e60   0x08000e60   0x000000ac   Code   RO         3609    i.HAL_FLASHEx_Erase  stm32f4xx_hal_flash_ex.o
    0x08000f0c   0x08000f0c   0x00000014   Code   RO         3711    i.HAL_FLASH_Lock    stm32f4xx_hal_flash.o
    0x08000f20   0x08000f20   0x00000098   Code   RO         3716    i.HAL_FLASH_Program  stm32f4xx_hal_flash.o
    0x08000fb8   0x08000fb8   0x00000034   Code   RO         3718    i.HAL_FLASH_Unlock  stm32f4xx_hal_flash.o
    0x08000fec   0x08000fec   0x00000204   Code   RO         1194    i.HAL_GPIO_Init     stm32f4xx_hal_gpio.o
    0x080011f0   0x080011f0   0x0000000c   Code   RO         1198    i.HAL_GPIO_WritePin  stm32f4xx_hal_gpio.o
    0x080011fc   0x080011fc   0x0000000c   Code   RO          877    i.HAL_GetREVID      stm32f4xx_hal.o
    0x08001208   0x08001208   0x0000000c   Code   RO          878    i.HAL_GetTick       stm32f4xx_hal.o
    0x08001214   0x08001214   0x0000005e   Code   RO         4310    i.HAL_IWDG_Init     stm32f4xx_hal_iwdg.o
    0x08001272   0x08001272   0x0000000e   Code   RO         4311    i.HAL_IWDG_Refresh  stm32f4xx_hal_iwdg.o
    0x08001280   0x08001280   0x00000018   Code   RO          884    i.HAL_IncTick       stm32f4xx_hal.o
    0x08001298   0x08001298   0x00000030   Code   RO          885    i.HAL_Init          stm32f4xx_hal.o
    0x080012c8   0x080012c8   0x0000004c   Code   RO          886    i.HAL_InitTick      stm32f4xx_hal.o
    0x08001314   0x08001314   0x00000002   Code   RO          888    i.HAL_MspInit       stm32f4xx_hal.o
    0x08001316   0x08001316   0x00000020   Code   RO         1056    i.HAL_NVIC_EnableIRQ  stm32f4xx_hal_cortex.o
    0x08001336   0x08001336   0x0000007c   Code   RO         1062    i.HAL_NVIC_SetPriority  stm32f4xx_hal_cortex.o
    0x080013b2   0x080013b2   0x00000002   PAD
    0x080013b4   0x080013b4   0x00000028   Code   RO         1063    i.HAL_NVIC_SetPriorityGrouping  stm32f4xx_hal_cortex.o
    0x080013dc   0x080013dc   0x00000184   Code   RO         1258    i.HAL_RCC_ClockConfig  stm32f4xx_hal_rcc.o
    0x08001560   0x08001560   0x0000000c   Code   RO         1263    i.HAL_RCC_GetHCLKFreq  stm32f4xx_hal_rcc.o
    0x0800156c   0x0800156c   0x00000020   Code   RO         1265    i.HAL_RCC_GetPCLK1Freq  stm32f4xx_hal_rcc.o
    0x0800158c   0x0800158c   0x00000020   Code   RO         1266    i.HAL_RCC_GetPCLK2Freq  stm32f4xx_hal_rcc.o
    0x080015ac   0x080015ac   0x000000b0   Code   RO         1267    i.HAL_RCC_GetSysClockFreq  stm32f4xx_hal_rcc.o
    0x0800165c   0x0800165c   0x0000049c   Code   RO         1270    i.HAL_RCC_OscConfig  stm32f4xx_hal_rcc.o
    0x08001af8   0x08001af8   0x00000058   Code   RO         3249    i.HAL_SRAM_Init     stm32f4xx_hal_sram.o
    0x08001b50   0x08001b50   0x000000a4   Code   RO         4367    i.HAL_SRAM_MspInit  lcd.o
    0x08001bf4   0x08001bf4   0x00000034   Code   RO         1067    i.HAL_SYSTICK_Config  stm32f4xx_hal_cortex.o
    0x08001c28   0x08001c28   0x00000066   Code   RO         2263    i.HAL_TIM_Base_Init  stm32f4xx_hal_tim.o
    0x08001c8e   0x08001c8e   0x00000002   Code   RO         2265    i.HAL_TIM_Base_MspInit  stm32f4xx_hal_tim.o
    0x08001c90   0x08001c90   0x000000a8   Code   RO         2268    i.HAL_TIM_Base_Start_IT  stm32f4xx_hal_tim.o
    0x08001d38   0x08001d38   0x00000002   Code   RO         1864    i.HAL_UARTEx_RxEventCallback  stm32f4xx_hal_uart.o
    0x08001d3a   0x08001d3a   0x00000002   Code   RO         1878    i.HAL_UART_ErrorCallback  stm32f4xx_hal_uart.o
    0x08001d3c   0x08001d3c   0x00000250   Code   RO         1881    i.HAL_UART_IRQHandler  stm32f4xx_hal_uart.o
    0x08001f8c   0x08001f8c   0x00000072   Code   RO         1882    i.HAL_UART_Init     stm32f4xx_hal_uart.o
    0x08001ffe   0x08001ffe   0x00000002   PAD
    0x08002000   0x08002000   0x000000cc   Code   RO          788    i.HAL_UART_MspInit  usart.o
    0x080020cc   0x080020cc   0x00000042   Code   RO         1887    i.HAL_UART_Receive_IT  stm32f4xx_hal_uart.o
    0x0800210e   0x0800210e   0x00000002   PAD
    0x08002110   0x08002110   0x0000009c   Code   RO          789    i.HAL_UART_RxCpltCallback  usart.o
    0x080021ac   0x080021ac   0x00000002   Code   RO         1893    i.HAL_UART_TxCpltCallback  stm32f4xx_hal_uart.o
    0x080021ae   0x080021ae   0x00000004   Code   RO          300    i.HardFault_Handler  stm32f4xx_it.o
    0x080021b2   0x080021b2   0x00000002   PAD
    0x080021b4   0x080021b4   0x00000084   Code   RO          598    i.IAP_ExecuteApp    bootloader.o
    0x08002238   0x08002238   0x00000050   Code   RO         4796    i.IIC_Ack           myiic.o
    0x08002288   0x08002288   0x0000005c   Code   RO         4797    i.IIC_Init          myiic.o
    0x080022e4   0x080022e4   0x00000050   Code   RO         4798    i.IIC_NAck          myiic.o
    0x08002334   0x08002334   0x0000006c   Code   RO         4799    i.IIC_Read_Byte     myiic.o
    0x080023a0   0x080023a0   0x00000068   Code   RO         4800    i.IIC_Send_Byte     myiic.o
    0x08002408   0x08002408   0x0000004c   Code   RO         4801    i.IIC_Start         myiic.o
    0x08002454   0x08002454   0x0000004c   Code   RO         4802    i.IIC_Stop          myiic.o
    0x080024a0   0x080024a0   0x00000054   Code   RO         4803    i.IIC_Wait_Ack      myiic.o
    0x080024f4   0x080024f4   0x00000010   Code   RO           13    i.IWDG_Feed         main.o
    0x08002504   0x08002504   0x00000020   Code   RO           14    i.IWDG_Init         main.o
    0x08002524   0x08002524   0x00000004   Code   RO          301    i.MemManage_Handler  stm32f4xx_it.o
    0x08002528   0x08002528   0x00000002   Code   RO          302    i.NMI_Handler       stm32f4xx_it.o
    0x0800252a   0x0800252a   0x00000002   Code   RO          303    i.PendSV_Handler    stm32f4xx_it.o
    0x0800252c   0x0800252c   0x00000002   Code   RO          304    i.SVC_Handler       stm32f4xx_it.o
    0x0800252e   0x0800252e   0x00000008   Code   RO          305    i.SysTick_Handler   stm32f4xx_it.o
    0x08002536   0x08002536   0x00000002   PAD
    0x08002538   0x08002538   0x00000014   Code   RO          374    i.SystemInit        system_stm32f4xx.o
    0x0800254c   0x0800254c   0x00000044   Code   RO         4965    i.TIM4_IRQHandler   usmart_port.o
    0x08002590   0x08002590   0x000000d8   Code   RO         2356    i.TIM_Base_SetConfig  stm32f4xx_hal_tim.o
    0x08002668   0x08002668   0x00000014   Code   RO         1895    i.UART_DMAAbortOnError  stm32f4xx_hal_uart.o
    0x0800267c   0x0800267c   0x00000036   Code   RO         1905    i.UART_EndRxTransfer  stm32f4xx_hal_uart.o
    0x080026b2   0x080026b2   0x00000020   Code   RO         1906    i.UART_EndTransmit_IT  stm32f4xx_hal_uart.o
    0x080026d2   0x080026d2   0x000000be   Code   RO         1908    i.UART_Receive_IT   stm32f4xx_hal_uart.o
    0x08002790   0x08002790   0x0000022c   Code   RO         1909    i.UART_SetConfig    stm32f4xx_hal_uart.o
    0x080029bc   0x080029bc   0x00000046   Code   RO         1911    i.UART_Start_Receive_IT  stm32f4xx_hal_uart.o
    0x08002a02   0x08002a02   0x00000060   Code   RO         1912    i.UART_Transmit_IT  stm32f4xx_hal_uart.o
    0x08002a62   0x08002a62   0x00000002   PAD
    0x08002a64   0x08002a64   0x00000010   Code   RO          790    i.USART1_IRQHandler  usart.o
    0x08002a74   0x08002a74   0x00000004   Code   RO          306    i.UsageFault_Handler  stm32f4xx_it.o
    0x08002a78   0x08002a78   0x00000010   Code   RO         1069    i.__NVIC_GetPriorityGrouping  stm32f4xx_hal_cortex.o
    0x08002a88   0x08002a88   0x00000028   Code   RO         1070    i.__NVIC_SetPriority  stm32f4xx_hal_cortex.o
    0x08002ab0   0x08002ab0   0x0000000e   Code   RO         5146    i._is_digit         c_w.l(__printf_wp.o)
    0x08002abe   0x08002abe   0x00000004   Code   RO          792    i._sys_exit         usart.o
    0x08002ac2   0x08002ac2   0x00000002   PAD
    0x08002ac4   0x08002ac4   0x0000001c   Code   RO          599    i.bootInfoStruct_Init  bootloader.o
    0x08002ae0   0x08002ae0   0x00000138   Code   RO          600    i.bootInfoStruct_printf  bootloader.o
    0x08002c18   0x08002c18   0x00000014   Code   RO          601    i.bootInfoStruct_readFrom24C02  bootloader.o
    0x08002c2c   0x08002c2c   0x00000014   Code   RO          602    i.bootInfoStruct_storageTo24C02  bootloader.o
    0x08002c40   0x08002c40   0x000000d8   Code   RO          603    i.bootloader_start  bootloader.o
    0x08002d18   0x08002d18   0x0000000c   Code   RO          662    i.delay_init        delay.o
    0x08002d24   0x08002d24   0x00000012   Code   RO          663    i.delay_ms          delay.o
    0x08002d36   0x08002d36   0x00000002   PAD
    0x08002d38   0x08002d38   0x00000048   Code   RO          664    i.delay_us          delay.o
    0x08002d80   0x08002d80   0x0000001c   Code   RO          794    i.fputc             usart.o
    0x08002d9c   0x08002d9c   0x000000fc   Code   RO         4632    i.key_init          key.o
    0x08002e98   0x08002e98   0x00000034   Code   RO         4368    i.lcd_clear         lcd.o
    0x08002ecc   0x08002ecc   0x0000016c   Code   RO         4370    i.lcd_display_dir   lcd.o
    0x08003038   0x08003038   0x000000aa   Code   RO         4373    i.lcd_draw_circle   lcd.o
    0x080030e2   0x080030e2   0x000000ac   Code   RO         4375    i.lcd_draw_line     lcd.o
    0x0800318e   0x0800318e   0x00000002   PAD
    0x08003190   0x08003190   0x00000020   Code   RO         4376    i.lcd_draw_point    lcd.o
    0x080031b0   0x080031b0   0x0000004a   Code   RO         4377    i.lcd_draw_rectangle  lcd.o
    0x080031fa   0x080031fa   0x0000022c   Code   RO         4378    i.lcd_ex_ili9341_reginit  lcd.o
    0x08003426   0x08003426   0x00000340   Code   RO         4379    i.lcd_ex_ili9806_reginit  lcd.o
    0x08003766   0x08003766   0x00000ef2   Code   RO         4380    i.lcd_ex_nt35310_reginit  lcd.o
    0x08004658   0x08004658   0x00000f6e   Code   RO         4381    i.lcd_ex_nt35510_reginit  lcd.o
    0x080055c6   0x080055c6   0x0000016e   Code   RO         4382    i.lcd_ex_ssd1963_reginit  lcd.o
    0x08005734   0x08005734   0x000001a8   Code   RO         4383    i.lcd_ex_st7789_reginit  lcd.o
    0x080058dc   0x080058dc   0x000001c6   Code   RO         4384    i.lcd_ex_st7796_reginit  lcd.o
    0x08005aa2   0x08005aa2   0x00000002   PAD
    0x08005aa4   0x08005aa4   0x00000054   Code   RO         4385    i.lcd_fill          lcd.o
    0x08005af8   0x08005af8   0x00000528   Code   RO         4387    i.lcd_init          lcd.o
    0x08006020   0x08006020   0x0000000c   Code   RO         4388    i.lcd_opt_delay     lcd.o
    0x0800602c   0x0800602c   0x00000016   Code   RO         4389    i.lcd_pow           lcd.o
    0x08006042   0x08006042   0x00000002   PAD
    0x08006044   0x08006044   0x00000018   Code   RO         4390    i.lcd_rd_data       lcd.o
    0x0800605c   0x0800605c   0x00000098   Code   RO         4391    i.lcd_read_point    lcd.o
    0x080060f4   0x080060f4   0x0000023c   Code   RO         4392    i.lcd_scan_dir      lcd.o
    0x08006330   0x08006330   0x00000120   Code   RO         4393    i.lcd_set_cursor    lcd.o
    0x08006450   0x08006450   0x00000140   Code   RO         4395    i.lcd_show_char     lcd.o
    0x08006590   0x08006590   0x00000098   Code   RO         4396    i.lcd_show_num      lcd.o
    0x08006628   0x08006628   0x0000006a   Code   RO         4397    i.lcd_show_string   lcd.o
    0x08006692   0x08006692   0x000000c6   Code   RO         4398    i.lcd_show_xnum     lcd.o
    0x08006758   0x08006758   0x00000060   Code   RO         4399    i.lcd_ssd_backlight_set  lcd.o
    0x080067b8   0x080067b8   0x00000018   Code   RO         4400    i.lcd_wr_data       lcd.o
    0x080067d0   0x080067d0   0x00000018   Code   RO         4401    i.lcd_wr_regno      lcd.o
    0x080067e8   0x080067e8   0x00000014   Code   RO         4402    i.lcd_write_ram_prepare  lcd.o
    0x080067fc   0x080067fc   0x00000014   Code   RO         4403    i.lcd_write_reg     lcd.o
    0x08006810   0x08006810   0x00000098   Code   RO         4340    i.led_init          led.o
    0x080068a8   0x080068a8   0x00000104   Code   RO           15    i.main              main.o
    0x080069ac   0x080069ac   0x00000006   Code   RO         4862    i.read_addr         usmart.o
    0x080069b2   0x080069b2   0x00000002   PAD
    0x080069b4   0x080069b4   0x000000a0   Code   RO         4666    i.stmflash_get_flash_sector  stmflash.o
    0x08006a54   0x08006a54   0x00000006   Code   RO         4668    i.stmflash_read_word  stmflash.o
    0x08006a5a   0x08006a5a   0x00000002   PAD
    0x08006a5c   0x08006a5c   0x000000d4   Code   RO         4669    i.stmflash_write    stmflash.o
    0x08006b30   0x08006b30   0x000000dc   Code   RO          721    i.sys_stm32_clock_init  sys.o
    0x08006c0c   0x08006c0c   0x00000010   Code   RO         4670    i.test_write        stmflash.o
    0x08006c1c   0x08006c1c   0x00000038   Code   RO          795    i.usart_init        usart.o
    0x08006c54   0x08006c54   0x000000b0   Code   RO         4863    i.usmart_cmd_rec    usmart.o
    0x08006d04   0x08006d04   0x000002d4   Code   RO         4864    i.usmart_exe        usmart.o
    0x08006fd8   0x08006fd8   0x000000d4   Code   RO         5016    i.usmart_get_aparm  usmart_str.o
    0x080070ac   0x080070ac   0x00000036   Code   RO         5017    i.usmart_get_cmdname  usmart_str.o
    0x080070e2   0x080070e2   0x00000002   PAD
    0x080070e4   0x080070e4   0x000001c0   Code   RO         5018    i.usmart_get_fname  usmart_str.o
    0x080072a4   0x080072a4   0x0000010c   Code   RO         5019    i.usmart_get_fparam  usmart_str.o
    0x080073b0   0x080073b0   0x00000028   Code   RO         4966    i.usmart_get_input_string  usmart_port.o
    0x080073d8   0x080073d8   0x00000020   Code   RO         5020    i.usmart_get_parmpos  usmart_str.o
    0x080073f8   0x080073f8   0x00000028   Code   RO         4865    i.usmart_init       usmart.o
    0x08007420   0x08007420   0x00000016   Code   RO         5021    i.usmart_pow        usmart_str.o
    0x08007436   0x08007436   0x00000002   PAD
    0x08007438   0x08007438   0x000000a8   Code   RO         4866    i.usmart_scan       usmart.o
    0x080074e0   0x080074e0   0x00000016   Code   RO         5022    i.usmart_search_nextc  usmart_str.o
    0x080074f6   0x080074f6   0x00000106   Code   RO         5023    i.usmart_str2num    usmart_str.o
    0x080075fc   0x080075fc   0x00000022   Code   RO         5024    i.usmart_strcmp     usmart_str.o
    0x0800761e   0x0800761e   0x00000016   Code   RO         5025    i.usmart_strcopy    usmart_str.o
    0x08007634   0x08007634   0x00000018   Code   RO         5026    i.usmart_strlen     usmart_str.o
    0x0800764c   0x0800764c   0x000006f4   Code   RO         4867    i.usmart_sys_cmd_exe  usmart.o
    0x08007d40   0x08007d40   0x00000044   Code   RO         4967    i.usmart_timx_get_time  usmart_port.o
    0x08007d84   0x08007d84   0x00000064   Code   RO         4968    i.usmart_timx_init  usmart_port.o
    0x08007de8   0x08007de8   0x00000034   Code   RO         4969    i.usmart_timx_reset_time  usmart_port.o
    0x08007e1c   0x08007e1c   0x00000004   Code   RO         4868    i.write_addr        usmart.o
    0x08007e20   0x08007e20   0x0000005a   Code   RO         5168    x$fpl$dfixu         fz_wm.l(dfixu.o)
    0x08007e7a   0x08007e7a   0x00000026   Code   RO         5172    x$fpl$dfltu         fz_wm.l(dflt_clz.o)
    0x08007ea0   0x08007ea0   0x00000154   Code   RO         5178    x$fpl$dmul          fz_wm.l(dmul.o)
    0x08007ff4   0x08007ff4   0x0000009c   Code   RO         5194    x$fpl$dnaninf       fz_wm.l(dnaninf.o)
    0x08008090   0x08008090   0x0000000c   Code   RO         5196    x$fpl$dretinf       fz_wm.l(dretinf.o)
    0x0800809c   0x0800809c   0x0000000a   Code   RO         5307    x$fpl$fpinit        fz_wm.l(fpinit.o)
    0x080080a6   0x080080a6   0x00000000   Code   RO         5198    x$fpl$usenofp       fz_wm.l(usenofp.o)
    0x080080a6   0x080080a6   0x00000018   Data   RO          375    .constdata          system_stm32f4xx.o
    0x080080be   0x080080be   0x00002f80   Data   RO         4405    .constdata          lcd.o
    0x0800b03e   0x0800b03e   0x00000028   Data   RO         5119    .constdata          c_w.l(_printf_hex_int.o)
    0x0800b066   0x0800b066   0x00000011   Data   RO         5154    .constdata          c_w.l(__printf_flags_ss_wp.o)
    0x0800b077   0x0800b077   0x00000001   PAD
    0x0800b078   0x0800b078   0x00000028   Data   RO         4869    .conststring        usmart.o
    0x0800b0a0   0x0800b0a0   0x0000043c   Data   RO         4936    .conststring        usmart_config.o
    0x0800b4dc   0x0800b4dc   0x00000020   Data   RO         5356    Region$$Table       anon$$obj.o


    Execution Region RW_IRAM1 (Exec base: 0x20000000, Load base: 0x0800b4fc, Size: 0x00000818, Max: 0x00020000, ABSOLUTE, COMPRESSED[0x000000b0])

    Exec Addr    Load Addr    Size         Type   Attr      Idx    E Section Name        Object

    0x20000000   COMPRESSED   0x00000004   Data   RW          376    .data               system_stm32f4xx.o
    0x20000004   COMPRESSED   0x00000004   Data   RW          665    .data               delay.o
    0x20000008   COMPRESSED   0x00000007   Data   RW          797    .data               usart.o
    0x2000000f   COMPRESSED   0x00000001   PAD
    0x20000010   COMPRESSED   0x00000009   Data   RW          892    .data               stm32f4xx_hal.o
    0x20000019   COMPRESSED   0x00000003   PAD
    0x2000001c   COMPRESSED   0x00000008   Data   RW         4406    .data               lcd.o
    0x20000024   COMPRESSED   0x0000001c   Data   RW         4870    .data               usmart.o
    0x20000040   COMPRESSED   0x0000018c   Data   RW         4937    .data               usmart_config.o
    0x200001cc        -       0x0000000c   Zero   RW           16    .bss                main.o
    0x200001d8        -       0x0000000c   Zero   RW          604    .bss                bootloader.o
    0x200001e4        -       0x0000010c   Zero   RW          796    .bss                usart.o
    0x200002f0        -       0x00000020   Zero   RW         3719    .bss                stm32f4xx_hal_flash.o
    0x20000310        -       0x0000005e   Zero   RW         4404    .bss                lcd.o
    0x2000036e   COMPRESSED   0x00000002   PAD
    0x20000370        -       0x00000048   Zero   RW         4970    .bss                usmart_port.o
    0x200003b8        -       0x00000060   Zero   RW         5239    .bss                c_w.l(libspace.o)
    0x20000418        -       0x00000000   Zero   RW            2    HEAP                startup_stm32f407xx.o
    0x20000418        -       0x00000400   Zero   RW            1    STACK               startup_stm32f407xx.o


==============================================================================

Image component sizes


      Code (inc. data)   RO Data    RW Data    ZI Data      Debug   Object Name

       292          0          0          0          0       4619   24c02.o
       728        266          0          0         12      10025   bootloader.o
       102         10          0          4          0       4895   delay.o
       252         12          0          0          0       1231   key.o
     14870        190      12160          8         94      33933   lcd.o
       152         10          0          0          0       1079   led.o
       308         88          0          0         12     568734   main.o
       700        108          0          0          0       5554   myiic.o
        76         28        392          0       1024       1044   startup_stm32f407xx.o
       174         34          0          9          0      10246   stm32f4xx_hal.o
       304         22          0          0          0      35023   stm32f4xx_hal_cortex.o
       210          0          0          0          0       2195   stm32f4xx_hal_dma.o
       652         64          0          0         32       6766   stm32f4xx_hal_flash.o
       432         26          0          0          0       3658   stm32f4xx_hal_flash_ex.o
       528         46          0          0          0       2344   stm32f4xx_hal_gpio.o
       108          0          0          0          0       2079   stm32f4xx_hal_iwdg.o
      1820         84          0          0          0       6172   stm32f4xx_hal_rcc.o
        88          0          0          0          0       1368   stm32f4xx_hal_sram.o
       488         76          0          0          0       3648   stm32f4xx_hal_tim.o
      1796         16          0          0          0      10900   stm32f4xx_hal_uart.o
        32          0          0          0          0       4598   stm32f4xx_it.o
       232         10          0          0          0       3043   stm32f4xx_ll_fsmc.o
       394         52          0          0          0       3691   stmflash.o
       220         12          0          0          0       1495   sys.o
        20          6         24          4          0     708951   system_stm32f4xx.o
       464         60          0          7        268       6197   usart.o
      2898       1308         40         28          0       6634   usmart.o
         0          0       1084        396          0       1780   usmart_config.o
       328         50          0          0         72       3994   usmart_port.o
      1400         20          0          0          0      10265   usmart_str.o

    ----------------------------------------------------------------------
     30102       2598      13732        460       1516    1466161   Object Totals
         0          0         32          0          0          0   (incl. Generated)
        34          0          0          4          2          0   (incl. Padding)

    ----------------------------------------------------------------------

      Code (inc. data)   RO Data    RW Data    ZI Data      Debug   Library Member Name

        90          0          0          0          0          0   __dczerorl2.o
         8          0          0          0          0         68   __main.o
       392          4         17          0          0         92   __printf_flags_ss_wp.o
        14          0          0          0          0         68   __printf_wp.o
         0          0          0          0          0          0   __rtentry.o
        12          0          0          0          0          0   __rtentry2.o
         6          0          0          0          0          0   __rtentry4.o
        52          8          0          0          0          0   __scatter.o
        28          0          0          0          0          0   __scatter_zi.o
         6          0          0          0          0          0   _printf_c.o
        44          0          0          0          0        108   _printf_char.o
        48          6          0          0          0         96   _printf_char_common.o
        36          4          0          0          0         80   _printf_char_file.o
         6          0          0          0          0          0   _printf_d.o
       120         16          0          0          0         92   _printf_dec.o
        88          4         40          0          0         88   _printf_hex_int.o
       178          0          0          0          0         88   _printf_intcommon.o
        78          0          0          0          0        108   _printf_pad.o
         0          0          0          0          0          0   _printf_percent.o
         4          0          0          0          0          0   _printf_percent_end.o
         6          0          0          0          0          0   _printf_s.o
        82          0          0          0          0         80   _printf_str.o
         6          0          0          0          0          0   _printf_u.o
         6          0          0          0          0          0   _printf_x.o
        18          0          0          0          0         80   exit.o
         8          0          0          0          0         68   ferror.o
         6          0          0          0          0        152   heapauxi.o
         2          0          0          0          0          0   libinit.o
         6          0          0          0          0          0   libinit2.o
         2          0          0          0          0          0   libshutdown.o
         2          0          0          0          0          0   libshutdown2.o
         8          4          0          0         96         68   libspace.o
       238          0          0          0          0        100   lludivv7m.o
        24          4          0          0          0         84   noretval__2printf.o
        78          0          0          0          0         80   rt_memclr_w.o
         2          0          0          0          0          0   rtexit.o
        10          0          0          0          0          0   rtexit2.o
        74          0          0          0          0         80   sys_stackheap_outer.o
         2          0          0          0          0         68   use_no_semi.o
         2          0          0          0          0         68   use_no_semi_2.o
        90          4          0          0          0        140   dfixu.o
        38          0          0          0          0        116   dflt_clz.o
       340         12          0          0          0        152   dmul.o
       156          4          0          0          0        140   dnaninf.o
        12          0          0          0          0        116   dretinf.o
        10          0          0          0          0        116   fpinit.o
         0          0          0          0          0          0   usenofp.o

    ----------------------------------------------------------------------
      2440         70         58          0         96       2596   Library Totals
         2          0          1          0          0          0   (incl. Padding)

    ----------------------------------------------------------------------

      Code (inc. data)   RO Data    RW Data    ZI Data      Debug   Library Name

      1792         50         57          0         96       1816   c_w.l
       646         20          0          0          0        780   fz_wm.l

    ----------------------------------------------------------------------
      2440         70         58          0         96       2596   Library Totals

    ----------------------------------------------------------------------

==============================================================================


      Code (inc. data)   RO Data    RW Data    ZI Data      Debug   

     32542       2668      13790        460       1612    1451973   Grand Totals
     32542       2668      13790        176       1612    1451973   ELF Image Totals (compressed)
     32542       2668      13790        176          0          0   ROM Totals

==============================================================================

    Total RO  Size (Code + RO Data)                46332 (  45.25kB)
    Total RW  Size (RW Data + ZI Data)              2072 (   2.02kB)
    Total ROM Size (Code + RO Data + RW Data)      46508 (  45.42kB)

==============================================================================

