Component: ARM Compiler 5.06 update 6 (build 750) Tool: armlink [4d35ed]

==============================================================================

Section Cross References

    startup_stm32f407xx.o(STACK) refers (Special) to heapauxi.o(.text) for __use_two_region_memory
    startup_stm32f407xx.o(HEAP) refers (Special) to heapauxi.o(.text) for __use_two_region_memory
    startup_stm32f407xx.o(RESET) refers (Special) to heapauxi.o(.text) for __use_two_region_memory
    startup_stm32f407xx.o(RESET) refers to startup_stm32f407xx.o(STACK) for __initial_sp
    startup_stm32f407xx.o(RESET) refers to startup_stm32f407xx.o(.text) for Reset_Handler
    startup_stm32f407xx.o(RESET) refers to stm32f4xx_it.o(i.NMI_Handler) for NMI_Handler
    startup_stm32f407xx.o(RESET) refers to stm32f4xx_it.o(i.HardFault_Handler) for HardFault_Handler
    startup_stm32f407xx.o(RESET) refers to stm32f4xx_it.o(i.MemManage_Handler) for MemManage_Handler
    startup_stm32f407xx.o(RESET) refers to stm32f4xx_it.o(i.BusFault_Handler) for BusFault_Handler
    startup_stm32f407xx.o(RESET) refers to stm32f4xx_it.o(i.UsageFault_Handler) for UsageFault_Handler
    startup_stm32f407xx.o(RESET) refers to port.o(.emb_text) for SVC_Handler
    startup_stm32f407xx.o(RESET) refers to stm32f4xx_it.o(i.DebugMon_Handler) for DebugMon_Handler
    startup_stm32f407xx.o(RESET) refers to delay.o(i.SysTick_Handler) for SysTick_Handler
    startup_stm32f407xx.o(RESET) refers to rtc.o(i.RTC_WKUP_IRQHandler) for RTC_WKUP_IRQHandler
    startup_stm32f407xx.o(RESET) refers to sensor.o(i.DMA1_Stream1_IRQHandler) for DMA1_Stream1_IRQHandler
    startup_stm32f407xx.o(RESET) refers to sensor.o(i.DMA1_Stream3_IRQHandler) for DMA1_Stream3_IRQHandler
    startup_stm32f407xx.o(RESET) refers to usmart_port.o(i.TIM4_IRQHandler) for TIM4_IRQHandler
    startup_stm32f407xx.o(RESET) refers to usart.o(i.USART1_IRQHandler) for USART1_IRQHandler
    startup_stm32f407xx.o(RESET) refers to sensor.o(i.USART3_IRQHandler) for USART3_IRQHandler
    startup_stm32f407xx.o(RESET) refers to rtc.o(i.RTC_Alarm_IRQHandler) for RTC_Alarm_IRQHandler
    startup_stm32f407xx.o(RESET) refers to ethernet.o(i.ETH_IRQHandler) for ETH_IRQHandler
    startup_stm32f407xx.o(.text) refers (Special) to heapauxi.o(.text) for __use_two_region_memory
    startup_stm32f407xx.o(.text) refers to system_stm32f4xx.o(i.SystemInit) for SystemInit
    startup_stm32f407xx.o(.text) refers to __main.o(!!!main) for __main
    startup_stm32f407xx.o(.text) refers to startup_stm32f407xx.o(HEAP) for Heap_Mem
    startup_stm32f407xx.o(.text) refers to startup_stm32f407xx.o(STACK) for Stack_Mem
    main.o(i.main) refers to stm32f4xx_hal.o(i.HAL_Init) for HAL_Init
    main.o(i.main) refers to sys.o(i.sys_stm32_clock_init) for sys_stm32_clock_init
    main.o(i.main) refers to delay.o(i.delay_init) for delay_init
    main.o(i.main) refers to usart.o(i.usart_init) for usart_init
    main.o(i.main) refers to led.o(i.led_init) for led_init
    main.o(i.main) refers to lcd.o(i.lcd_init) for lcd_init
    main.o(i.main) refers to key.o(i.key_init) for key_init
    main.o(i.main) refers to sram.o(i.sram_init) for sram_init
    main.o(i.main) refers to malloc.o(i.my_mem_init) for my_mem_init
    main.o(i.main) refers to sensor.o(i.sensor_hw_init) for sensor_hw_init
    main.o(i.main) refers to rtc.o(i.RTC_Init) for RTC_Init
    main.o(i.main) refers to iwdg.o(i.IWDG_Init) for IWDG_Init
    main.o(i.main) refers to iwdg.o(i.IWDG_Feed) for IWDG_Feed
    main.o(i.main) refers to 24c02.o(i.AT24CXX_Init) for AT24CXX_Init
    main.o(i.main) refers to noretval__2printf.o(.text) for __2printf
    main.o(i.main) refers to delay.o(i.delay_ms) for delay_ms
    main.o(i.main) refers to 24c02.o(i.AT24CXX_Check) for AT24CXX_Check
    main.o(i.main) refers to system_config.o(i.system_config_to_printf) for system_config_to_printf
    main.o(i.main) refers to lcd.o(i.lcd_show_string) for lcd_show_string
    main.o(i.main) refers to ota.o(i.Ota_OprationAfterJump) for Ota_OprationAfterJump
    main.o(i.main) refers to freertos_demo.o(i.freertos_demo) for freertos_demo
    system_stm32f4xx.o(i.SystemCoreClockUpdate) refers to system_stm32f4xx.o(.data) for SystemCoreClock
    system_stm32f4xx.o(i.SystemCoreClockUpdate) refers to system_stm32f4xx.o(.constdata) for AHBPrescTable
    freertos_demo.o(i.Sensor_Data_UpData_Task) refers to _printf_percent.o(.ARM.Collect$$_printf_percent$$00000000) for _printf_percent
    freertos_demo.o(i.Sensor_Data_UpData_Task) refers to _printf_d.o(.ARM.Collect$$_printf_percent$$00000009) for _printf_d
    freertos_demo.o(i.Sensor_Data_UpData_Task) refers to _printf_f.o(.ARM.Collect$$_printf_percent$$00000003) for _printf_f
    freertos_demo.o(i.Sensor_Data_UpData_Task) refers to _printf_dec.o(.text) for _printf_int_dec
    freertos_demo.o(i.Sensor_Data_UpData_Task) refers to printf1.o(x$fpl$printf1) for _printf_fp_dec
    freertos_demo.o(i.Sensor_Data_UpData_Task) refers to queue.o(i.xQueueReceive) for xQueueReceive
[...]
    0x08081dee   0x08081dee   0x00000016   Code   RO         4140    i.ETH_DMAReceptionEnable  stm32f4xx_hal_eth.o
    0x08081e04   0x08081e04   0x00000016   Code   RO         4141    i.ETH_DMATransmissionDisable  stm32f4xx_hal_eth.o
    0x08081e1a   0x08081e1a   0x00000016   Code   RO         4142    i.ETH_DMATransmissionEnable  stm32f4xx_hal_eth.o
    0x08081e30   0x08081e30   0x00000028   Code   RO         4143    i.ETH_Delay         stm32f4xx_hal_eth.o
    0x08081e58   0x08081e58   0x00000038   Code   RO         4144    i.ETH_FlushTransmitFIFO  stm32f4xx_hal_eth.o
    0x08081e90   0x08081e90   0x00000030   Code   RO         5133    i.ETH_IRQHandler    ethernet.o
    0x08081ec0   0x08081ec0   0x00000034   Code   RO         4145    i.ETH_MACAddressConfig  stm32f4xx_hal_eth.o
    0x08081ef4   0x08081ef4   0x00000244   Code   RO         4146    i.ETH_MACDMAConfig  stm32f4xx_hal_eth.o
    0x08082138   0x08082138   0x00000028   Code   RO         4147    i.ETH_MACReceptionDisable  stm32f4xx_hal_eth.o
    0x08082160   0x08082160   0x00000028   Code   RO         4148    i.ETH_MACReceptionEnable  stm32f4xx_hal_eth.o
    0x08082188   0x08082188   0x00000028   Code   RO         4149    i.ETH_MACTransmissionDisable  stm32f4xx_hal_eth.o
    0x080821b0   0x080821b0   0x00000028   Code   RO         4150    i.ETH_MACTransmissionEnable  stm32f4xx_hal_eth.o
    0x080821d8   0x080821d8   0x00000068   Code   RO          894    i.Erase_flash_sector  ota.o
    0x08082240   0x08082240   0x00000014   Code   RO         5218    i.Error_Handler     sensor.o
    0x08082254   0x08082254   0x0000005c   Code   RO         3916    i.FLASH_Erase_Sector  stm32f4xx_hal_flash_ex.o
    0x080822b0   0x080822b0   0x00000078   Code   RO         3917    i.FLASH_FlushCaches  stm32f4xx_hal_flash_ex.o
    0x08082328   0x08082328   0x00000030   Code   RO         3918    i.FLASH_MassErase   stm32f4xx_hal_flash_ex.o
    0x08082358   0x08082358   0x00000024   Code   RO         4021    i.FLASH_Program_Byte  stm32f4xx_hal_flash.o
    0x0808237c   0x0808237c   0x0000003c   Code   RO         4022    i.FLASH_Program_DoubleWord  stm32f4xx_hal_flash.o
    0x080823b8   0x080823b8   0x00000028   Code   RO         4023    i.FLASH_Program_HalfWord  stm32f4xx_hal_flash.o
    0x080823e0   0x080823e0   0x00000028   Code   RO         4024    i.FLASH_Program_Word  stm32f4xx_hal_flash.o
    0x08082408   0x08082408   0x00000098   Code   RO         4025    i.FLASH_SetErrorCode  stm32f4xx_hal_flash.o
    0x080824a0   0x080824a0   0x00000064   Code   RO         4026    i.FLASH_WaitForLastOperation  stm32f4xx_hal_flash.o
    0x08082504   0x08082504   0x00000048   Code   RO         3692    i.FSMC_NORSRAM_Extended_Timing_Init  stm32f4xx_ll_fsmc.o
    0x0808254c   0x0808254c   0x0000005c   Code   RO         3693    i.FSMC_NORSRAM_Init  stm32f4xx_ll_fsmc.o
    0x080825a8   0x080825a8   0x00000044   Code   RO         3694    i.FSMC_NORSRAM_Timing_Init  stm32f4xx_ll_fsmc.o
    0x080825ec   0x080825ec   0x000000aa   Code   RO         3813    i.HAL_DMA_Abort     stm32f4xx_hal_dma.o
    0x08082696   0x08082696   0x00000028   Code   RO         3814    i.HAL_DMA_Abort_IT  stm32f4xx_hal_dma.o
    0x080826be   0x080826be   0x00000002   PAD
    0x080826c0   0x080826c0   0x00000240   Code   RO         3818    i.HAL_DMA_IRQHandler  stm32f4xx_hal_dma.o
    0x08082900   0x08082900   0x000000ec   Code   RO         3819    i.HAL_DMA_Init      stm32f4xx_hal_dma.o
    0x080829ec   0x080829ec   0x00000092   Code   RO         3823    i.HAL_DMA_Start_IT  stm32f4xx_hal_dma.o
    0x08082a7e   0x08082a7e   0x00000002   PAD
    0x08082a80   0x08082a80   0x00000028   Code   RO         1191    i.HAL_Delay         stm32f4xx_hal.o
    0x08082aa8   0x08082aa8   0x0000008c   Code   RO         4153    i.HAL_ETH_DMARxDescListInit  stm32f4xx_hal_eth.o
    0x08082b34   0x08082b34   0x00000084   Code   RO         4154    i.HAL_ETH_DMATxDescListInit  stm32f4xx_hal_eth.o
    0x08082bb8   0x08082bb8   0x000000b2   Code   RO         4157    i.HAL_ETH_GetReceivedFrame  stm32f4xx_hal_eth.o
    0x08082c6a   0x08082c6a   0x00000002   PAD
    0x08082c6c   0x08082c6c   0x000002a0   Code   RO         4161    i.HAL_ETH_Init      stm32f4xx_hal_eth.o
    0x08082f0c   0x08082f0c   0x0000029c   Code   RO         5134    i.HAL_ETH_MspInit   ethernet.o
    0x080831a8   0x080831a8   0x00000092   Code   RO         4164    i.HAL_ETH_ReadPHYRegister  stm32f4xx_hal_eth.o
    0x0808323a   0x0808323a   0x00000052   Code   RO         4166    i.HAL_ETH_Start     stm32f4xx_hal_eth.o
    0x0808328c   0x0808328c   0x00000052   Code   RO         4167    i.HAL_ETH_Stop      stm32f4xx_hal_eth.o
    0x080832de   0x080832de   0x0000013e   Code   RO         4168    i.HAL_ETH_TransmitFrame  stm32f4xx_hal_eth.o
    0x0808341c   0x0808341c   0x00000090   Code   RO         4170    i.HAL_ETH_WritePHYRegister  stm32f4xx_hal_eth.o
    0x080834ac   0x080834ac   0x000000ac   Code   RO         3928    i.HAL_FLASHEx_Erase  stm32f4xx_hal_flash_ex.o
    0x08083558   0x08083558   0x00000014   Code   RO         4030    i.HAL_FLASH_Lock    stm32f4xx_hal_flash.o
    0x0808356c   0x0808356c   0x00000098   Code   RO         4035    i.HAL_FLASH_Program  stm32f4xx_hal_flash.o
    0x08083604   0x08083604   0x00000034   Code   RO         4037    i.HAL_FLASH_Unlock  stm32f4xx_hal_flash.o
    0x08083638   0x08083638   0x00000204   Code   RO         1513    i.HAL_GPIO_Init     stm32f4xx_hal_gpio.o
    0x0808383c   0x0808383c   0x00000010   Code   RO         1515    i.HAL_GPIO_ReadPin  stm32f4xx_hal_gpio.o
    0x0808384c   0x0808384c   0x00000014   Code   RO         1516    i.HAL_GPIO_TogglePin  stm32f4xx_hal_gpio.o
    0x08083860   0x08083860   0x0000000c   Code   RO         1517    i.HAL_GPIO_WritePin  stm32f4xx_hal_gpio.o
    0x0808386c   0x0808386c   0x0000000c   Code   RO         1196    i.HAL_GetREVID      stm32f4xx_hal.o
    0x08083878   0x08083878   0x0000000c   Code   RO         1197    i.HAL_GetTick       stm32f4xx_hal.o
    0x08083884   0x08083884   0x0000005e   Code   RO         4733    i.HAL_IWDG_Init     stm32f4xx_hal_iwdg.o
    0x080838e2   0x080838e2   0x0000000e   Code   RO         4734    i.HAL_IWDG_Refresh  stm32f4xx_hal_iwdg.o
    0x080838f0   0x080838f0   0x00000018   Code   RO         1203    i.HAL_IncTick       stm32f4xx_hal.o
    0x08083908   0x08083908   0x0000003c   Code   RO         1204    i.HAL_Init          stm32f4xx_hal.o
    0x08083944   0x08083944   0x0000004c   Code   RO         1205    i.HAL_InitTick      stm32f4xx_hal.o
    0x08083990   0x08083990   0x00000002   Code   RO         1207    i.HAL_MspInit       stm32f4xx_hal.o
    0x08083992   0x08083992   0x00000020   Code   RO         1375    i.HAL_NVIC_EnableIRQ  stm32f4xx_hal_cortex.o
    0x080839b2   0x080839b2   0x0000007c   Code   RO         1381    i.HAL_NVIC_SetPriority  stm32f4xx_hal_cortex.o
    0x08083a2e   0x08083a2e   0x00000002   PAD
    0x08083a30   0x08083a30   0x00000028   Code   RO         1382    i.HAL_NVIC_SetPriorityGrouping  stm32f4xx_hal_cortex.o
    0x08083a58   0x08083a58   0x0000001c   Code   RO         2005    i.HAL_PWR_EnableBkUpAccess  stm32f4xx_hal_pwr.o
    0x08083a74   0x08083a74   0x000001a0   Code   RO         1682    i.HAL_RCCEx_PeriphCLKConfig  stm32f4xx_hal_rcc_ex.o
    0x08083c14   0x08083c14   0x00000184   Code   RO         1577    i.HAL_RCC_ClockConfig  stm32f4xx_hal_rcc.o
    0x08083d98   0x08083d98   0x0000000c   Code   RO         1582    i.HAL_RCC_GetHCLKFreq  stm32f4xx_hal_rcc.o
    0x08083da4   0x08083da4   0x00000020   Code   RO         1584    i.HAL_RCC_GetPCLK1Freq  stm32f4xx_hal_rcc.o
    0x08083dc4   0x08083dc4   0x00000020   Code   RO         1585    i.HAL_RCC_GetPCLK2Freq  stm32f4xx_hal_rcc.o
    0x08083de4   0x08083de4   0x000000b0   Code   RO         1586    i.HAL_RCC_GetSysClockFreq  stm32f4xx_hal_rcc.o
    0x08083e94   0x08083e94   0x0000049c   Code   RO         1589    i.HAL_RCC_OscConfig  stm32f4xx_hal_rcc.o
    0x08084330   0x08084330   0x00000002   Code   RO         4505    i.HAL_RTCEx_AlarmBEventCallback  stm32f4xx_hal_rtc_ex.o
    0x08084332   0x08084332   0x00000012   Code   RO         4506    i.HAL_RTCEx_BKUPRead  stm32f4xx_hal_rtc_ex.o
    0x08084344   0x08084344   0x00000012   Code   RO         4507    i.HAL_RTCEx_BKUPWrite  stm32f4xx_hal_rtc_ex.o
    0x08084356   0x08084356   0x00000002   Code   RO         5322    i.HAL_RTCEx_WakeUpTimerEventCallback  rtc.o
    0x08084358   0x08084358   0x00000038   Code   RO         4539    i.HAL_RTCEx_WakeUpTimerIRQHandler  stm32f4xx_hal_rtc_ex.o
    0x08084390   0x08084390   0x00000002   Code   RO         5323    i.HAL_RTC_AlarmAEventCallback  rtc.o
    0x08084392   0x08084392   0x00000002   PAD
    0x08084394   0x08084394   0x0000006c   Code   RO         4338    i.HAL_RTC_AlarmIRQHandler  stm32f4xx_hal_rtc.o
    0x08084400   0x08084400   0x0000004c   Code   RO         4347    i.HAL_RTC_GetDate   stm32f4xx_hal_rtc.o
    0x0808444c   0x0808444c   0x00000060   Code   RO         4349    i.HAL_RTC_GetTime   stm32f4xx_hal_rtc.o
    0x080844ac   0x080844ac   0x000000d8   Code   RO         4350    i.HAL_RTC_Init      stm32f4xx_hal_rtc.o
    0x08084584   0x08084584   0x0000005c   Code   RO         5324    i.HAL_RTC_MspInit   rtc.o
    0x080845e0   0x080845e0   0x00000104   Code   RO         4356    i.HAL_RTC_SetDate   stm32f4xx_hal_rtc.o
    0x080846e4   0x080846e4   0x0000012c   Code   RO         4357    i.HAL_RTC_SetTime   stm32f4xx_hal_rtc.o
    0x08084810   0x08084810   0x0000003a   Code   RO         4358    i.HAL_RTC_WaitForSynchro  stm32f4xx_hal_rtc.o
    0x0808484a   0x0808484a   0x00000058   Code   RO         3568    i.HAL_SRAM_Init     stm32f4xx_hal_sram.o
    0x080848a2   0x080848a2   0x00000002   PAD
    0x080848a4   0x080848a4   0x000000a4   Code   RO         4787    i.HAL_SRAM_MspInit  lcd.o
    0x08084948   0x08084948   0x00000028   Code   RO         1384    i.HAL_SYSTICK_CLKSourceConfig  stm32f4xx_hal_cortex.o
    0x08084970   0x08084970   0x00000034   Code   RO         1386    i.HAL_SYSTICK_Config  stm32f4xx_hal_cortex.o
    0x080849a4   0x080849a4   0x00000066   Code   RO         2582    i.HAL_TIM_Base_Init  stm32f4xx_hal_tim.o
    0x08084a0a   0x08084a0a   0x00000002   Code   RO         2584    i.HAL_TIM_Base_MspInit  stm32f4xx_hal_tim.o
    0x08084a0c   0x08084a0c   0x000000a8   Code   RO         2587    i.HAL_TIM_Base_Start_IT  stm32f4xx_hal_tim.o
    0x08084ab4   0x08084ab4   0x00000002   Code   RO         2183    i.HAL_UARTEx_RxEventCallback  stm32f4xx_hal_uart.o
    0x08084ab6   0x08084ab6   0x00000066   Code   RO         2195    i.HAL_UART_DMAStop  stm32f4xx_hal_uart.o
    0x08084b1c   0x08084b1c   0x00000002   Code   RO         2197    i.HAL_UART_ErrorCallback  stm32f4xx_hal_uart.o
    0x08084b1e   0x08084b1e   0x00000002   PAD
    0x08084b20   0x08084b20   0x00000250   Code   RO         2200    i.HAL_UART_IRQHandler  stm32f4xx_hal_uart.o
    0x08084d70   0x08084d70   0x00000072   Code   RO         2201    i.HAL_UART_Init     stm32f4xx_hal_uart.o
    0x08084de2   0x08084de2   0x00000002   PAD
    0x08084de4   0x08084de4   0x000000cc   Code   RO         1107    i.HAL_UART_MspInit  usart.o
    0x08084eb0   0x08084eb0   0x00000042   Code   RO         2205    i.HAL_UART_Receive_DMA  stm32f4xx_hal_uart.o
    0x08084ef2   0x08084ef2   0x00000042   Code   RO         2206    i.HAL_UART_Receive_IT  stm32f4xx_hal_uart.o
    0x08084f34   0x08084f34   0x0000009c   Code   RO         1108    i.HAL_UART_RxCpltCallback  usart.o
    0x08084fd0   0x08084fd0   0x00000002   Code   RO         2208    i.HAL_UART_RxHalfCpltCallback  stm32f4xx_hal_uart.o
    0x08084fd2   0x08084fd2   0x00000002   PAD
    0x08084fd4   0x08084fd4   0x0000009c   Code   RO         2210    i.HAL_UART_Transmit_DMA  stm32f4xx_hal_uart.o
    0x08085070   0x08085070   0x00000002   Code   RO         2212    i.HAL_UART_TxCpltCallback  stm32f4xx_hal_uart.o
    0x08085072   0x08085072   0x00000002   Code   RO         2213    i.HAL_UART_TxHalfCpltCallback  stm32f4xx_hal_uart.o
    0x08085074   0x08085074   0x00000004   Code   RO          472    i.HardFault_Handler  stm32f4xx_it.o
    0x08085078   0x08085078   0x00000050   Code   RO         5442    i.IIC_Ack           myiic.o
    0x080850c8   0x080850c8   0x0000005c   Code   RO         5443    i.IIC_Init          myiic.o
    0x08085124   0x08085124   0x00000050   Code   RO         5444    i.IIC_NAck          myiic.o
    0x08085174   0x08085174   0x0000006c   Code   RO         5445    i.IIC_Read_Byte     myiic.o
    0x080851e0   0x080851e0   0x00000068   Code   RO         5446    i.IIC_Send_Byte     myiic.o
    0x08085248   0x08085248   0x0000004c   Code   RO         5447    i.IIC_Start         myiic.o
    0x08085294   0x08085294   0x0000004c   Code   RO         5448    i.IIC_Stop          myiic.o
    0x080852e0   0x080852e0   0x00000054   Code   RO         5449    i.IIC_Wait_Ack      myiic.o
    0x08085334   0x08085334   0x00000010   Code   RO         5406    i.IWDG_Feed         iwdg.o
    0x08085344   0x08085344   0x00000020   Code   RO         5407    i.IWDG_Init         iwdg.o
    0x08085364   0x08085364   0x000000e8   Code   RO         5219    i.MX_DMA_Init       sensor.o
    0x0808544c   0x0808544c   0x00000068   Code   RO         5220    i.MX_GPIO_Init      sensor.o
    0x080854b4   0x080854b4   0x00000078   Code   RO         5221    i.MX_USART3_UART_Init  sensor.o
    0x0808552c   0x0808552c   0x00000004   Code   RO          473    i.MemManage_Handler  stm32f4xx_it.o
    0x08085530   0x08085530   0x00000002   Code   RO          474    i.NMI_Handler       stm32f4xx_it.o
    0x08085532   0x08085532   0x00000002   PAD
    0x08085534   0x08085534   0x000000a8   Code   RO          896    i.Ota_End           ota.o
    0x080855dc   0x080855dc   0x000000c8   Code   RO          897    i.Ota_OprationAfterJump  ota.o
    0x080856a4   0x080856a4   0x00000220   Code   RO          898    i.Ota_ProcessPacket  ota.o
    0x080858c4   0x080858c4   0x00000018   Code   RO          899    i.Ota_SendAck       ota.o
    0x080858dc   0x080858dc   0x0000015c   Code   RO          900    i.Ota_Start         ota.o
    0x08085a38   0x08085a38   0x00000010   Code   RO         5325    i.RTC_Alarm_IRQHandler  rtc.o
    0x08085a48   0x08085a48   0x00000016   Code   RO         4359    i.RTC_Bcd2ToByte    stm32f4xx_hal_rtc.o
    0x08085a5e   0x08085a5e   0x0000001a   Code   RO         4360    i.RTC_ByteToBcd2    stm32f4xx_hal_rtc.o
    0x08085a78   0x08085a78   0x0000003e   Code   RO         4361    i.RTC_EnterInitMode  stm32f4xx_hal_rtc.o
    0x08085ab6   0x08085ab6   0x00000002   PAD
    0x08085ab8   0x08085ab8   0x00000068   Code   RO         5326    i.RTC_Init          rtc.o
    0x08085b20   0x08085b20   0x0000002c   Code   RO         5328    i.RTC_Set_Date      rtc.o
    0x08085b4c   0x08085b4c   0x00000034   Code   RO         5329    i.RTC_Set_Time      rtc.o
    0x08085b80   0x08085b80   0x00000010   Code   RO         5331    i.RTC_WKUP_IRQHandler  rtc.o
    0x08085b90   0x08085b90   0x000000b4   Code   RO          722    i.Sensor_Data_UpData_Task  freertos_demo.o
    0x08085c44   0x08085c44   0x00000014   Code   RO          997    i.SysTick_Handler   delay.o
    0x08085c58   0x08085c58   0x00000014   Code   RO          686    i.SystemInit        system_stm32f4xx.o
    0x08085c6c   0x08085c6c   0x00000044   Code   RO         5676    i.TIM4_IRQHandler   usmart_port.o
    0x08085cb0   0x08085cb0   0x000000d8   Code   RO         2675    i.TIM_Base_SetConfig  stm32f4xx_hal_tim.o
    0x08085d88   0x08085d88   0x00000014   Code   RO         2214    i.UART_DMAAbortOnError  stm32f4xx_hal_uart.o
    0x08085d9c   0x08085d9c   0x00000050   Code   RO         2215    i.UART_DMAError     stm32f4xx_hal_uart.o
    0x08085dec   0x08085dec   0x00000068   Code   RO         2216    i.UART_DMAReceiveCplt  stm32f4xx_hal_uart.o
    0x08085e54   0x08085e54   0x00000020   Code   RO         2218    i.UART_DMARxHalfCplt  stm32f4xx_hal_uart.o
    0x08085e74   0x08085e74   0x00000036   Code   RO         2220    i.UART_DMATransmitCplt  stm32f4xx_hal_uart.o
    0x08085eaa   0x08085eaa   0x0000000e   Code   RO         2222    i.UART_DMATxHalfCplt  stm32f4xx_hal_uart.o
    0x08085eb8   0x08085eb8   0x00000036   Code   RO         2224    i.UART_EndRxTransfer  stm32f4xx_hal_uart.o
    0x08085eee   0x08085eee   0x00000020   Code   RO         2225    i.UART_EndTransmit_IT  stm32f4xx_hal_uart.o
    0x08085f0e   0x08085f0e   0x00000014   Code   RO         2226    i.UART_EndTxTransfer  stm32f4xx_hal_uart.o
    0x08085f22   0x08085f22   0x000000be   Code   RO         2227    i.UART_Receive_IT   stm32f4xx_hal_uart.o
    0x08085fe0   0x08085fe0   0x0000022c   Code   RO         2228    i.UART_SetConfig    stm32f4xx_hal_uart.o
    0x0808620c   0x0808620c   0x00000098   Code   RO         2229    i.UART_Start_Receive_DMA  stm32f4xx_hal_uart.o
    0x080862a4   0x080862a4   0x00000046   Code   RO         2230    i.UART_Start_Receive_IT  stm32f4xx_hal_uart.o
    0x080862ea   0x080862ea   0x00000060   Code   RO         2231    i.UART_Transmit_IT  stm32f4xx_hal_uart.o
    0x0808634a   0x0808634a   0x00000002   PAD
    0x0808634c   0x0808634c   0x00000010   Code   RO         1109    i.USART1_IRQHandler  usart.o
    0x0808635c   0x0808635c   0x00000038   Code   RO         5222    i.USART3_DMA_Init   sensor.o
    0x08086394   0x08086394   0x00000030   Code   RO         5223    i.USART3_DMA_SendData  sensor.o
    0x080863c4   0x080863c4   0x00000098   Code   RO         5224    i.USART3_IRQHandler  sensor.o
    0x0808645c   0x0808645c   0x00000104   Code   RO         5226    i.USART3_Process_Task  sensor.o
    0x08086560   0x08086560   0x00000030   Code   RO         5227    i.USART3_Send_Commend_Task  sensor.o
    0x08086590   0x08086590   0x00000004   Code   RO          475    i.UsageFault_Handler  stm32f4xx_it.o
    0x08086594   0x08086594   0x000000a4   Code   RO          901    i.WriteFlash        ota.o
    0x08086638   0x08086638   0x00000030   Code   RO        11556    i.__ARM_fpclassify  m_wm.l(fpclassify.o)
    0x08086668   0x08086668   0x00000010   Code   RO         1388    i.__NVIC_GetPriorityGrouping  stm32f4xx_hal_cortex.o
    0x08086678   0x08086678   0x00000028   Code   RO         1389    i.__NVIC_SetPriority  stm32f4xx_hal_cortex.o
    0x080866a0   0x080866a0   0x0000000e   Code   RO        11331    i._is_digit         c_w.l(__printf_wp.o)
    0x080866ae   0x080866ae   0x00000004   Code   RO         1111    i._sys_exit         usart.o
    0x080866b2   0x080866b2   0x00000002   PAD
    0x080866b4   0x080866b4   0x0000013c   Code   RO         6170    i.accept_function   api_msg.o
    0x080867f0   0x080867f0   0x000000bc   Code   RO         6639    i.alloc_socket      sockets.o
    0x080868ac   0x080868ac   0x00000014   Code   RO          902    i.bootInfoStruct_readFrom24C02  ota.o
    0x080868c0   0x080868c0   0x00000014   Code   RO          903    i.bootInfoStruct_storageTo24C02  ota.o
    0x080868d4   0x080868d4   0x00000032   Code   RO         5228    i.crc16             sensor.o
    0x08086906   0x08086906   0x00000002   PAD
    0x08086908   0x08086908   0x00000038   Code   RO          998    i.delay_init        delay.o
    0x08086940   0x08086940   0x00000018   Code   RO          999    i.delay_ms          delay.o
    0x08086958   0x08086958   0x00000048   Code   RO         1000    i.delay_us          delay.o
    0x080869a0   0x080869a0   0x0000004c   Code   RO          723    i.display_task      freertos_demo.o
    0x080869ec   0x080869ec   0x00000024   Code   RO         7241    i.dns_backupserver_available  dns.o
    0x08086a10   0x08086a10   0x00000108   Code   RO         7242    i.dns_call_found    dns.o
    0x08086b18   0x08086b18   0x00000016   Code   RO         7243    i.dns_check_entries  dns.o
    0x08086b2e   0x08086b2e   0x00000002   PAD
    0x08086b30   0x08086b30   0x0000011c   Code   RO         7244    i.dns_check_entry   dns.o
    0x08086c4c   0x08086c4c   0x00000040   Code   RO         7247    i.dns_create_txid   dns.o
    0x08086c8c   0x08086c8c   0x0000000e   Code   RO         7252    i.dns_init          dns.o
    0x08086c9a   0x08086c9a   0x00000002   PAD
    0x08086c9c   0x08086c9c   0x00000188   Code   RO         7255    i.dns_send          dns.o
    0x08086e24   0x08086e24   0x0000000c   Code   RO         7258    i.dns_tmr           dns.o
    0x08086e30   0x08086e30   0x00000058   Code   RO         7638    i.do_memp_free_pool  memp.o
    0x08086e88   0x08086e88   0x00000068   Code   RO         7639    i.do_memp_malloc_pool  memp.o
    0x08086ef0   0x08086ef0   0x0000018c   Code   RO         6171    i.err_tcp           api_msg.o
    0x0808707c   0x0808707c   0x00000020   Code   RO         6387    i.err_to_errno      err.o
    0x0808709c   0x0808709c   0x00000038   Code   RO         9038    i.etharp_cleanup_netif  etharp.o
    0x080870d4   0x080870d4   0x00000290   Code   RO         9040    i.etharp_find_entry  etharp.o
    0x08087364   0x08087364   0x00000078   Code   RO         9041    i.etharp_free_entry  etharp.o
    0x080873dc   0x080873dc   0x000000ec   Code   RO         9043    i.etharp_input      etharp.o
    0x080874c8   0x080874c8   0x000001a8   Code   RO         9044    i.etharp_output     etharp.o
    0x08087670   0x08087670   0x00000100   Code   RO         9045    i.etharp_output_to_arp_index  etharp.o
    0x08087770   0x08087770   0x00000268   Code   RO         9046    i.etharp_query      etharp.o
    0x080879d8   0x080879d8   0x00000118   Code   RO         9047    i.etharp_raw        etharp.o
    0x08087af0   0x08087af0   0x0000001c   Code   RO         9048    i.etharp_request    etharp.o
    0x08087b0c   0x08087b0c   0x0000002c   Code   RO         9049    i.etharp_request_dst  etharp.o
    0x08087b38   0x08087b38   0x000000e4   Code   RO         9050    i.etharp_tmr        etharp.o
    0x08087c1c   0x08087c1c   0x00000100   Code   RO         9051    i.etharp_update_arp_entry  etharp.o
    0x08087d1c   0x08087d1c   0x00000010   Code   RO         5135    i.ethernet_chip_get_speed  ethernet.o
    0x08087d2c   0x08087d2c   0x00000024   Code   RO         5136    i.ethernet_get_eth_rx_size  ethernet.o
    0x08087d50   0x08087d50   0x00000078   Code   RO         5137    i.ethernet_init     ethernet.o
    0x08087dc8   0x08087dc8   0x000000d8   Code   RO         9413    i.ethernet_input    ethernet_1.o
    0x08087ea0   0x08087ea0   0x00000074   Code   RO         5139    i.ethernet_mem_malloc  ethernet.o
    0x08087f14   0x08087f14   0x000000a4   Code   RO         9414    i.ethernet_output   ethernet_1.o
    0x08087fb8   0x08087fb8   0x00000018   Code   RO         5140    i.ethernet_read_phy  ethernet.o
    0x08087fd0   0x08087fd0   0x00000068   Code   RO         9449    i.ethernetif_init   ethernetif.o
    0x08088038   0x08088038   0x00000064   Code   RO         9450    i.ethernetif_input  ethernetif.o
    0x0808809c   0x0808809c   0x00000110   Code   RO         6640    i.event_callback    sockets.o
    0x080881ac   0x080881ac   0x0000001c   Code   RO         1113    i.fputc             usart.o
    0x080881c8   0x080881c8   0x00000032   Code   RO         6641    i.free_socket       sockets.o
    0x080881fa   0x080881fa   0x00000026   Code   RO         6642    i.free_socket_free_elements  sockets.o
    0x08088220   0x08088220   0x00000018   Code   RO         6643    i.free_socket_locked  sockets.o
    0x08088238   0x08088238   0x000000b4   Code   RO          724    i.freertos_demo     freertos_demo.o
    0x080882ec   0x080882ec   0x00000030   Code   RO         6644    i.get_socket        sockets.o
    0x0808831c   0x0808831c   0x00000012   Code   RO         9147    i.icmp_dest_unreach  icmp.o
    0x0808832e   0x0808832e   0x00000002   PAD
    0x08088330   0x08088330   0x00000258   Code   RO         9148    i.icmp_input        icmp.o
    0x08088588   0x08088588   0x000000e0   Code   RO         9149    i.icmp_send_response  icmp.o
    0x08088668   0x08088668   0x00000012   Code   RO         9150    i.icmp_time_exceeded  icmp.o
    0x0808867a   0x0808867a   0x00000056   Code   RO         7387    i.inet_chksum_pbuf  inet_chksum.o
    0x080886d0   0x080886d0   0x0000004e   Code   RO         9264    i.ip4_addr_isbroadcast_u32  ip4_addr.o
    0x0808871e   0x0808871e   0x00000002   PAD
    0x08088720   0x08088720   0x00000250   Code   RO         9332    i.ip4_frag          ip4_frag.o
    0x08088970   0x08088970   0x000001d4   Code   RO         9209    i.ip4_input         ip4.o
    0x08088b44   0x08088b44   0x0000003c   Code   RO         9210    i.ip4_input_accept  ip4.o
    0x08088b80   0x08088b80   0x00000036   Code   RO         9212    i.ip4_output_if     ip4.o
    0x08088bb6   0x08088bb6   0x00000002   PAD
    0x08088bb8   0x08088bb8   0x00000140   Code   RO         9213    i.ip4_output_if_src  ip4.o
    0x08088cf8   0x08088cf8   0x00000298   Code   RO         9333    i.ip4_reass         ip4_frag.o
    0x08088f90   0x08088f90   0x00000098   Code   RO         9214    i.ip4_route         ip4.o
    0x08089028   0x08089028   0x0000000a   Code   RO         9334    i.ip_frag_alloc_pbuf_custom_ref  ip4_frag.o
    0x08089032   0x08089032   0x00000002   PAD
    0x08089034   0x08089034   0x0000002c   Code   RO         9335    i.ip_frag_free_pbuf_custom_ref  ip4_frag.o
    0x08089060   0x08089060   0x00000274   Code   RO         9336    i.ip_reass_chain_frag_into_datagram_and_validate  ip4_frag.o
    0x080892d4   0x080892d4   0x00000054   Code   RO         9337    i.ip_reass_dequeue_datagram  ip4_frag.o
    0x08089328   0x08089328   0x00000058   Code   RO         9338    i.ip_reass_enqueue_new_datagram  ip4_frag.o
    0x08089380   0x08089380   0x0000015c   Code   RO         9339    i.ip_reass_free_complete_datagram  ip4_frag.o
    0x080894dc   0x080894dc   0x00000088   Code   RO         9340    i.ip_reass_remove_oldest_datagram  ip4_frag.o
    0x08089564   0x08089564   0x0000003c   Code   RO         9341    i.ip_reass_tmr      ip4_frag.o
    0x080895a0   0x080895a0   0x00000054   Code   RO         9342    i.ipfrag_free_pbuf_custom  ip4_frag.o
    0x080895f4   0x080895f4   0x00000138   Code   RO          725    i.iwdg_fresh_task   freertos_demo.o
    0x0808972c   0x0808972c   0x000000fc   Code   RO         5048    i.key_init          key.o
    0x08089828   0x08089828   0x000000c4   Code   RO         5049    i.key_scan          key.o
    0x080898ec   0x080898ec   0x00000040   Code   RO          726    i.key_task          freertos_demo.o
    0x0808992c   0x0808992c   0x00000034   Code   RO         4788    i.lcd_clear         lcd.o
    0x08089960   0x08089960   0x0000016c   Code   RO         4790    i.lcd_display_dir   lcd.o
    0x08089acc   0x08089acc   0x00000020   Code   RO         4796    i.lcd_draw_point    lcd.o
    0x08089aec   0x08089aec   0x0000022c   Code   RO         4798    i.lcd_ex_ili9341_reginit  lcd.o
    0x08089d18   0x08089d18   0x00000340   Code   RO         4799    i.lcd_ex_ili9806_reginit  lcd.o
    0x0808a058   0x0808a058   0x00000ef2   Code   RO         4800    i.lcd_ex_nt35310_reginit  lcd.o
    0x0808af4a   0x0808af4a   0x00000efc   Code   RO         4801    i.lcd_ex_nt35510_reginit  lcd.o
    0x0808be46   0x0808be46   0x0000016e   Code   RO         4802    i.lcd_ex_ssd1963_reginit  lcd.o
    0x0808bfb4   0x0808bfb4   0x000001a8   Code   RO         4803    i.lcd_ex_st7789_reginit  lcd.o
    0x0808c15c   0x0808c15c   0x000001c6   Code   RO         4804    i.lcd_ex_st7796_reginit  lcd.o
    0x0808c322   0x0808c322   0x00000002   PAD
    0x0808c324   0x0808c324   0x00000054   Code   RO         4805    i.lcd_fill          lcd.o
    0x0808c378   0x0808c378   0x00000514   Code   RO         4807    i.lcd_init          lcd.o
    0x0808c88c   0x0808c88c   0x0000000c   Code   RO         4808    i.lcd_opt_delay     lcd.o
    0x0808c898   0x0808c898   0x00000018   Code   RO         4810    i.lcd_rd_data       lcd.o
    0x0808c8b0   0x0808c8b0   0x0000023c   Code   RO         4812    i.lcd_scan_dir      lcd.o
    0x0808caec   0x0808caec   0x00000120   Code   RO         4813    i.lcd_set_cursor    lcd.o
    0x0808cc0c   0x0808cc0c   0x00000140   Code   RO         4815    i.lcd_show_char     lcd.o
    0x0808cd4c   0x0808cd4c   0x0000006a   Code   RO         4817    i.lcd_show_string   lcd.o
    0x0808cdb6   0x0808cdb6   0x00000002   PAD
    0x0808cdb8   0x0808cdb8   0x00000060   Code   RO         4819    i.lcd_ssd_backlight_set  lcd.o
    0x0808ce18   0x0808ce18   0x00000018   Code   RO         4820    i.lcd_wr_data       lcd.o
    0x0808ce30   0x0808ce30   0x00000018   Code   RO         4821    i.lcd_wr_regno      lcd.o
    0x0808ce48   0x0808ce48   0x00000014   Code   RO         4822    i.lcd_write_ram_prepare  lcd.o
    0x0808ce5c   0x0808ce5c   0x00000014   Code   RO         4823    i.lcd_write_reg     lcd.o
    0x0808ce70   0x0808ce70   0x00000098   Code   RO         4763    i.led_init          led.o
    0x0808cf08   0x0808cf08   0x00000038   Code   RO          727    i.led_task          freertos_demo.o
    0x0808cf40   0x0808cf40   0x000000bc   Code   RO         9451    i.low_level_init    ethernetif.o
    0x0808cffc   0x0808cffc   0x000000fc   Code   RO         9452    i.low_level_input   ethernetif.o
    0x0808d0f8   0x0808d0f8   0x000000e8   Code   RO         9453    i.low_level_output  ethernetif.o
    0x0808d1e0   0x0808d1e0   0x00000208   Code   RO         6645    i.lwip_accept       sockets.o
    0x0808d3e8   0x0808d3e8   0x000000e0   Code   RO         6646    i.lwip_bind         sockets.o
    0x0808d4c8   0x0808d4c8   0x000000a0   Code   RO         6647    i.lwip_close        sockets.o
    0x0808d568   0x0808d568   0x0000005a   Code   RO         9527    i.lwip_comm_default_ip_set  lwip_comm.o
    0x0808d5c2   0x0808d5c2   0x00000002   PAD
    0x0808d5c4   0x0808d5c4   0x0000038c   Code   RO         9528    i.lwip_comm_init    lwip_comm.o
    0x0808d950   0x0808d950   0x00000050   Code   RO         8781    i.lwip_cyclic_timer  timeouts.o
    0x0808d9a0   0x0808d9a0   0x00000030   Code   RO         9820    i.lwip_data_send    lwip_demo.o
    0x0808d9d0   0x0808d9d0   0x0000020c   Code   RO         9821    i.lwip_demo         lwip_demo.o
    0x0808dbdc   0x0808dbdc   0x00000010   Code   RO          728    i.lwip_demo_task    freertos_demo.o
    0x0808dbec   0x0808dbec   0x0000001a   Code   RO         7185    i.lwip_htonl        def.o
    0x0808dc06   0x0808dc06   0x0000000c   Code   RO         7186    i.lwip_htons        def.o
    0x0808dc12   0x0808dc12   0x00000002   PAD
    0x0808dc14   0x0808dc14   0x00000044   Code   RO         7459    i.lwip_init         init.o
    0x0808dc58   0x0808dc58   0x00000002   Code   RO         9529    i.lwip_link_status_updated  lwip_comm.o
    0x0808dc5a   0x0808dc5a   0x00000002   PAD
    0x0808dc5c   0x0808dc5c   0x00000074   Code   RO         9530    i.lwip_link_thread  lwip_comm.o
    0x0808dcd0   0x0808dcd0   0x00000098   Code   RO         6659    i.lwip_listen       sockets.o
    0x0808dd68   0x0808dd68   0x0000004c   Code   RO         6172    i.lwip_netconn_do_bind  api_msg.o
    0x0808ddb4   0x0808ddb4   0x000000e8   Code   RO         6174    i.lwip_netconn_do_close  api_msg.o
    0x0808de9c   0x0808de9c   0x000002c4   Code   RO         6175    i.lwip_netconn_do_close_internal  api_msg.o
    0x0808e160   0x0808e160   0x00000194   Code   RO         6178    i.lwip_netconn_do_delconn  api_msg.o
    0x0808e2f4   0x0808e2f4   0x000000d0   Code   RO         6181    i.lwip_netconn_do_getaddr  api_msg.o
    0x0808e3c4   0x0808e3c4   0x000000dc   Code   RO         6183    i.lwip_netconn_do_listen  api_msg.o
    0x0808e4a0   0x0808e4a0   0x00000018   Code   RO         6184    i.lwip_netconn_do_newconn  api_msg.o
    0x0808e4b8   0x0808e4b8   0x00000048   Code   RO         6185    i.lwip_netconn_do_recv  api_msg.o
    0x0808e500   0x0808e500   0x00000064   Code   RO         6186    i.lwip_netconn_do_send  api_msg.o
    0x0808e564   0x0808e564   0x000000fc   Code   RO         6187    i.lwip_netconn_do_write  api_msg.o
    0x0808e660   0x0808e660   0x0000038c   Code   RO         6188    i.lwip_netconn_do_writemore  api_msg.o
    0x0808e9ec   0x0808e9ec   0x00000054   Code   RO         6189    i.lwip_netconn_err_to_msg  api_msg.o
    0x0808ea40   0x0808ea40   0x0000005c   Code   RO         6190    i.lwip_netconn_is_err_msg  api_msg.o
    0x0808ea9c   0x0808ea9c   0x00000030   Code   RO         9531    i.lwip_pkt_handle   lwip_comm.o
    0x0808eacc   0x0808eacc   0x00000048   Code   RO         6661    i.lwip_poll_should_wake  sockets.o
    0x0808eb14   0x0808eb14   0x00000022   Code   RO         6665    i.lwip_recv         sockets.o
    0x0808eb36   0x0808eb36   0x00000002   PAD
    0x0808eb38   0x0808eb38   0x0000020c   Code   RO         6666    i.lwip_recv_tcp     sockets.o
    0x0808ed44   0x0808ed44   0x00000050   Code   RO         6667    i.lwip_recv_tcp_from  sockets.o
    0x0808ed94   0x0808ed94   0x00000110   Code   RO         6668    i.lwip_recvfrom     sockets.o
    0x0808eea4   0x0808eea4   0x0000016c   Code   RO         6669    i.lwip_recvfrom_udp_raw  sockets.o
    0x0808f010   0x0808f010   0x000000a8   Code   RO         6673    i.lwip_send         sockets.o
    0x0808f0b8   0x0808f0b8   0x0000004c   Code   RO         9822    i.lwip_send_thread  lwip_demo.o
    0x0808f104   0x0808f104   0x00000148   Code   RO         6675    i.lwip_sendto       sockets.o
    0x0808f24c   0x0808f24c   0x000000cc   Code   RO         6679    i.lwip_sock_make_addr  sockets.o
    0x0808f318   0x0808f318   0x000000c0   Code   RO         6680    i.lwip_socket       sockets.o
    0x0808f3d8   0x0808f3d8   0x0000005e   Code   RO         7394    i.lwip_standard_chksum  inet_chksum.o
    0x0808f436   0x0808f436   0x00000002   PAD
    0x0808f438   0x0808f438   0x000001b0   Code   RO          729    i.lwip_test_ui      freertos_demo.o
    0x0808f5e8   0x0808f5e8   0x00000110   Code   RO           13    i.main              main.o
    0x0808f6f8   0x0808f6f8   0x000001a4   Code   RO         7557    i.mem_free          mem.o
    0x0808f89c   0x0808f89c   0x00000094   Code   RO         7558    i.mem_init          mem.o
    0x0808f930   0x0808f930   0x00000058   Code   RO         7559    i.mem_link_valid    mem.o
    0x0808f988   0x0808f988   0x00000240   Code   RO         7560    i.mem_malloc        mem.o
    0x0808fbc8   0x0808fbc8   0x00000010   Code   RO         7561    i.mem_to_ptr        mem.o
    0x0808fbd8   0x0808fbd8   0x000001dc   Code   RO         7562    i.mem_trim          mem.o
    0x0808fdb4   0x0808fdb4   0x00000050   Code   RO         7640    i.memp_free         memp.o
    0x0808fe04   0x0808fe04   0x00000020   Code   RO         7642    i.memp_init         memp.o
    0x0808fe24   0x0808fe24   0x0000002c   Code   RO         7643    i.memp_init_pool    memp.o
    0x0808fe50   0x0808fe50   0x00000050   Code   RO         7644    i.memp_malloc       memp.o
    0x0808fea0   0x0808fea0   0x0000006c   Code   RO         5812    i.my_mem_free       malloc.o
    0x0808ff0c   0x0808ff0c   0x00000030   Code   RO         5813    i.my_mem_init       malloc.o
    0x0808ff3c   0x0808ff3c   0x000000a8   Code   RO         5814    i.my_mem_malloc     malloc.o
    0x0808ffe4   0x0808ffe4   0x00000040   Code   RO         5815    i.my_mem_perused    malloc.o
    0x08090024   0x08090024   0x00000014   Code   RO         5816    i.my_mem_set        malloc.o
    0x08090038   0x08090038   0x00000024   Code   RO         5817    i.myfree            malloc.o
    0x0809005c   0x0809005c   0x00000028   Code   RO         5818    i.mymalloc          malloc.o
    0x08090084   0x08090084   0x00000020   Code   RO         6483    i.netbuf_delete     netbuf.o
    0x080900a4   0x080900a4   0x00000048   Code   RO         6485    i.netbuf_free       netbuf.o
    0x080900ec   0x080900ec   0x0000006c   Code   RO         6488    i.netbuf_ref        netbuf.o
    0x08090158   0x08090158   0x00000108   Code   RO         5893    i.netconn_accept    api_lib.o
    0x08090260   0x08090260   0x000000bc   Code   RO         6191    i.netconn_alloc     api_msg.o
    0x0809031c   0x0809031c   0x00000026   Code   RO         5894    i.netconn_apimsg    api_lib.o
    0x08090342   0x08090342   0x00000002   PAD
    0x08090344   0x08090344   0x00000060   Code   RO         5895    i.netconn_bind      api_lib.o
    0x080903a4   0x080903a4   0x0000005c   Code   RO         5898    i.netconn_close_shutdown  api_lib.o
    0x08090400   0x08090400   0x0000001e   Code   RO         5900    i.netconn_delete    api_lib.o
    0x0809041e   0x0809041e   0x000000a2   Code   RO         6192    i.netconn_drain     api_msg.o
    0x080904c0   0x080904c0   0x00000022   Code   RO         5902    i.netconn_err       api_lib.o
    0x080904e2   0x080904e2   0x00000002   PAD
    0x080904e4   0x080904e4   0x00000104   Code   RO         6193    i.netconn_free      api_msg.o
    0x080905e8   0x080905e8   0x000000d0   Code   RO         5903    i.netconn_getaddr   api_lib.o
    0x080906b8   0x080906b8   0x00000054   Code   RO         5905    i.netconn_listen_with_backlog  api_lib.o
    0x0809070c   0x0809070c   0x00000130   Code   RO         5906    i.netconn_new_with_proto_and_callback  api_lib.o
    0x0809083c   0x0809083c   0x00000030   Code   RO         5907    i.netconn_prepare_delete  api_lib.o
    0x0809086c   0x0809086c   0x00000174   Code   RO         5909    i.netconn_recv_data  api_lib.o
    0x080909e0   0x080909e0   0x000000c6   Code   RO         5910    i.netconn_recv_data_tcp  api_lib.o
    0x08090aa6   0x08090aa6   0x00000002   PAD
    0x08090aa8   0x08090aa8   0x00000058   Code   RO         5912    i.netconn_recv_tcp_pbuf_flags  api_lib.o
    0x08090b00   0x08090b00   0x00000060   Code   RO         5914    i.netconn_recv_udp_raw_netbuf_flags  api_lib.o
    0x08090b60   0x08090b60   0x00000058   Code   RO         5915    i.netconn_send      api_lib.o
    0x08090bb8   0x08090bb8   0x00000060   Code   RO         5918    i.netconn_tcp_recvd  api_lib.o
    0x08090c18   0x08090c18   0x00000060   Code   RO         5919    i.netconn_tcp_recvd_msg  api_lib.o
    0x08090c78   0x08090c78   0x00000028   Code   RO         5920    i.netconn_write_partly  api_lib.o
    0x08090ca0   0x08090ca0   0x0000016c   Code   RO         5921    i.netconn_write_vectors_partly  api_lib.o
    0x08090e0c   0x08090e0c   0x000001d0   Code   RO         7745    i.netif_add         netif.o
    0x08090fdc   0x08090fdc   0x00000018   Code   RO         7747    i.netif_do_ip_addr_changed  netif.o
    0x08090ff4   0x08090ff4   0x0000002a   Code   RO         7748    i.netif_do_set_gw   netif.o
    0x0809101e   0x0809101e   0x00000002   PAD
    0x08091020   0x08091020   0x00000078   Code   RO         7749    i.netif_do_set_ipaddr  netif.o
    0x08091098   0x08091098   0x0000002a   Code   RO         7750    i.netif_do_set_netmask  netif.o
    0x080910c2   0x080910c2   0x00000002   PAD
    0x080910c4   0x080910c4   0x00000028   Code   RO         7752    i.netif_get_by_index  netif.o
    0x080910ec   0x080910ec   0x00000002   Code   RO         7754    i.netif_init        netif.o
    0x080910ee   0x080910ee   0x00000002   PAD
    0x080910f0   0x080910f0   0x00000070   Code   RO         7756    i.netif_issue_reports  netif.o
    0x08091160   0x08091160   0x00000008   Code   RO         7758    i.netif_null_output_ip4  netif.o
    0x08091168   0x08091168   0x00000060   Code   RO         7760    i.netif_set_addr    netif.o
    0x080911c8   0x080911c8   0x00000010   Code   RO         7761    i.netif_set_default  netif.o
    0x080911d8   0x080911d8   0x00000064   Code   RO         7762    i.netif_set_down    netif.o
    0x0809123c   0x0809123c   0x00000006   Code   RO         7765    i.netif_set_link_callback  netif.o
    0x08091242   0x08091242   0x00000002   PAD
    0x08091244   0x08091244   0x00000068   Code   RO         7766    i.netif_set_link_down  netif.o
    0x080912ac   0x080912ac   0x00000070   Code   RO         7767    i.netif_set_link_up  netif.o
    0x0809131c   0x0809131c   0x00000058   Code   RO         7769    i.netif_set_up      netif.o
    0x08091374   0x08091374   0x0000002c   Code   RO          730    i.ota_task          freertos_demo.o
    0x080913a0   0x080913a0   0x00000012   Code   RO         7934    i.pbuf_add_header   pbuf.o
    0x080913b2   0x080913b2   0x00000002   PAD
    0x080913b4   0x080913b4   0x00000090   Code   RO         7936    i.pbuf_add_header_impl  pbuf.o
    0x08091444   0x08091444   0x00000224   Code   RO         7937    i.pbuf_alloc        pbuf.o
    0x08091668   0x08091668   0x00000060   Code   RO         7938    i.pbuf_alloc_reference  pbuf.o
    0x080916c8   0x080916c8   0x0000005a   Code   RO         7939    i.pbuf_alloced_custom  pbuf.o
    0x08091722   0x08091722   0x00000002   PAD
    0x08091724   0x08091724   0x000000dc   Code   RO         7940    i.pbuf_cat          pbuf.o
    0x08091800   0x08091800   0x0000001a   Code   RO         7941    i.pbuf_chain        pbuf.o
    0x0809181a   0x0809181a   0x00000012   Code   RO         7942    i.pbuf_clen         pbuf.o
    0x0809182c   0x0809182c   0x00000050   Code   RO         7943    i.pbuf_clone        pbuf.o
    0x0809187c   0x0809187c   0x0000004c   Code   RO         7945    i.pbuf_copy         pbuf.o
    0x080918c8   0x080918c8   0x000000d8   Code   RO         7946    i.pbuf_copy_partial  pbuf.o
    0x080919a0   0x080919a0   0x00000248   Code   RO         7947    i.pbuf_copy_partial_pbuf  pbuf.o
    0x08091be8   0x08091be8   0x00000138   Code   RO         7949    i.pbuf_free         pbuf.o
    0x08091d20   0x08091d20   0x00000040   Code   RO         7950    i.pbuf_free_header  pbuf.o
    0x08091d60   0x08091d60   0x00000012   Code   RO         7954    i.pbuf_header_force  pbuf.o
    0x08091d72   0x08091d72   0x00000022   Code   RO         7955    i.pbuf_header_impl  pbuf.o
    0x08091d94   0x08091d94   0x0000001e   Code   RO         7956    i.pbuf_init_alloced_pbuf  pbuf.o
    0x08091db2   0x08091db2   0x0000002a   Code   RO         7959    i.pbuf_put_at       pbuf.o
    0x08091ddc   0x08091ddc   0x000000f0   Code   RO         7960    i.pbuf_realloc      pbuf.o
    0x08091ecc   0x08091ecc   0x00000048   Code   RO         7961    i.pbuf_ref          pbuf.o
    0x08091f14   0x08091f14   0x00000090   Code   RO         7962    i.pbuf_remove_header  pbuf.o
    0x08091fa4   0x08091fa4   0x0000001c   Code   RO         7963    i.pbuf_skip         pbuf.o
    0x08091fc0   0x08091fc0   0x00000022   Code   RO         7964    i.pbuf_skip_const   pbuf.o
    0x08091fe2   0x08091fe2   0x00000002   PAD
    0x08091fe4   0x08091fe4   0x00000144   Code   RO         7966    i.pbuf_take         pbuf.o
    0x08092128   0x08092128   0x000000a8   Code   RO         7967    i.pbuf_take_at      pbuf.o
    0x080921d0   0x080921d0   0x000000a8   Code   RO         6194    i.pcb_new           api_msg.o
    0x08092278   0x08092278   0x00000160   Code   RO         7563    i.plug_holes        mem.o
    0x080923d8   0x080923d8   0x000000a4   Code   RO         6195    i.poll_tcp          api_msg.o
    0x0809247c   0x0809247c   0x000000cc   Code   RO        10522    i.prvAddCurrentTaskToDelayedList  tasks.o
    0x08092548   0x08092548   0x000000ec   Code   RO        10523    i.prvAddNewTaskToReadyList  tasks.o
    0x08092634   0x08092634   0x00000064   Code   RO        10947    i.prvCheckForValidListAndQueue  timers.o
    0x08092698   0x08092698   0x00000048   Code   RO        10524    i.prvCheckTasksWaitingTermination  tasks.o
    0x080926e0   0x080926e0   0x0000002a   Code   RO        10085    i.prvCopyDataFromQueue  queue.o
    0x0809270a   0x0809270a   0x0000007e   Code   RO        10086    i.prvCopyDataToQueue  queue.o
    0x08092788   0x08092788   0x00000012   Code   RO        10525    i.prvDeleteTCB      tasks.o
    0x0809279a   0x0809279a   0x00000014   Code   RO        10087    i.prvGetDisinheritPriorityAfterTimeout  queue.o
    0x080927ae   0x080927ae   0x00000002   PAD
    0x080927b0   0x080927b0   0x00000028   Code   RO        10948    i.prvGetNextExpireTime  timers.o
    0x080927d8   0x080927d8   0x0000007c   Code   RO        11121    i.prvHeapInit       heap_4.o
    0x08092854   0x08092854   0x00000028   Code   RO        10526    i.prvIdleTask       tasks.o
    0x0809287c   0x0809287c   0x0000001e   Code   RO        10088    i.prvInitialiseMutex  queue.o
    0x0809289a   0x0809289a   0x0000002e   Code   RO        10089    i.prvInitialiseNewQueue  queue.o
    0x080928c8   0x080928c8   0x00000104   Code   RO        10527    i.prvInitialiseNewTask  tasks.o
    0x080929cc   0x080929cc   0x00000068   Code   RO        10528    i.prvInitialiseTaskLists  tasks.o
    0x08092a34   0x08092a34   0x00000068   Code   RO        11122    i.prvInsertBlockIntoFreeList  heap_4.o
    0x08092a9c   0x08092a9c   0x00000058   Code   RO        10950    i.prvInsertTimerInActiveList  timers.o
    0x08092af4   0x08092af4   0x0000001a   Code   RO        10090    i.prvIsQueueEmpty   queue.o
    0x08092b0e   0x08092b0e   0x0000001e   Code   RO        10091    i.prvIsQueueFull    queue.o
    0x08092b2c   0x08092b2c   0x000000c4   Code   RO        10092    i.prvNotifyQueueSetContainer  queue.o
    0x08092bf0   0x08092bf0   0x00000044   Code   RO        10951    i.prvProcessExpiredTimer  timers.o
    0x08092c34   0x08092c34   0x0000016c   Code   RO        10952    i.prvProcessReceivedCommands  timers.o
    0x08092da0   0x08092da0   0x00000074   Code   RO        10953    i.prvProcessTimerOrBlockTask  timers.o
    0x08092e14   0x08092e14   0x00000028   Code   RO        10954    i.prvReloadTimer    timers.o
    0x08092e3c   0x08092e3c   0x00000030   Code   RO        10530    i.prvResetNextTaskUnblockTime  tasks.o
    0x08092e6c   0x08092e6c   0x0000002c   Code   RO        10955    i.prvSampleTimeNow  timers.o
    0x08092e98   0x08092e98   0x00000044   Code   RO        10956    i.prvSwitchTimerLists  timers.o
    0x08092edc   0x08092edc   0x00000080   Code   RO        11189    i.prvTaskExitError  port.o
    0x08092f5c   0x08092f5c   0x0000001a   Code   RO        10957    i.prvTimerTask      timers.o
    0x08092f76   0x08092f76   0x00000090   Code   RO        10093    i.prvUnlockQueue    queue.o
    0x08093006   0x08093006   0x00000002   PAD
    0x08093008   0x08093008   0x00000010   Code   RO         7564    i.ptr_to_mem        mem.o
    0x08093018   0x08093018   0x00000194   Code   RO        11123    i.pvPortMalloc      heap_4.o
    0x080931ac   0x080931ac   0x00000020   Code   RO        10535    i.pvTaskIncrementMutexHeldCount  tasks.o
    0x080931cc   0x080931cc   0x0000002c   Code   RO        11190    i.pxPortInitialiseStack  port.o
    0x080931f8   0x080931f8   0x00000006   Code   RO         5577    i.read_addr         usmart.o
    0x080931fe   0x080931fe   0x00000002   PAD
    0x08093200   0x08093200   0x00000134   Code   RO         6196    i.recv_tcp          api_msg.o
    0x08093334   0x08093334   0x00000120   Code   RO         6197    i.recv_udp          api_msg.o
    0x08093454   0x08093454   0x00000108   Code   RO         6688    i.select_check_waiters  sockets.o
    0x0809355c   0x0809355c   0x0000000e   Code   RO         5229    i.sensor_hw_init    sensor.o
    0x0809356a   0x0809356a   0x00000002   PAD
    0x0809356c   0x0809356c   0x0000008c   Code   RO         6198    i.sent_tcp          api_msg.o
    0x080935f8   0x080935f8   0x00000044   Code   RO         6199    i.setup_tcp         api_msg.o
    0x0809363c   0x0809363c   0x000001f0   Code   RO         5079    i.sram_init         sram.o
    0x0809382c   0x0809382c   0x000003a0   Code   RO          731    i.start_task        freertos_demo.o
    0x08093bcc   0x08093bcc   0x000000b0   Code   RO          904    i.stmflash_get_flash_sector  ota.o
    0x08093c7c   0x08093c7c   0x000000bc   Code   RO         9648    i.sys_arch_mbox_fetch  sys_arch.o
    0x08093d38   0x08093d38   0x00000090   Code   RO         9649    i.sys_arch_mbox_tryfetch  sys_arch.o
    0x08093dc8   0x08093dc8   0x0000000a   Code   RO         9651    i.sys_arch_protect  sys_arch.o
    0x08093dd2   0x08093dd2   0x00000002   PAD
    0x08093dd4   0x08093dd4   0x000000b0   Code   RO         9652    i.sys_arch_sem_wait  sys_arch.o
    0x08093e84   0x08093e84   0x0000000a   Code   RO         9653    i.sys_arch_unprotect  sys_arch.o
    0x08093e8e   0x08093e8e   0x00000002   PAD
    0x08093e90   0x08093e90   0x00000054   Code   RO         8782    i.sys_check_timeouts  timeouts.o
    0x08093ee4   0x08093ee4   0x00000002   Code   RO         9654    i.sys_init          sys_arch.o
    0x08093ee6   0x08093ee6   0x00000002   PAD
    0x08093ee8   0x08093ee8   0x00000054   Code   RO         9656    i.sys_mbox_free     sys_arch.o
    0x08093f3c   0x08093f3c   0x00000060   Code   RO         9657    i.sys_mbox_new      sys_arch.o
    0x08093f9c   0x08093f9c   0x0000008c   Code   RO         9659    i.sys_mbox_trypost  sys_arch.o
    0x08094028   0x08094028   0x00000088   Code   RO         9662    i.sys_mutex_lock    sys_arch.o
    0x080940b0   0x080940b0   0x0000003c   Code   RO         9663    i.sys_mutex_new     sys_arch.o
    0x080940ec   0x080940ec   0x00000084   Code   RO         9664    i.sys_mutex_unlock  sys_arch.o
    0x08094170   0x08094170   0x00000008   Code   RO         9665    i.sys_now           sys_arch.o
    0x08094178   0x08094178   0x00000054   Code   RO         9666    i.sys_sem_free      sys_arch.o
    0x080941cc   0x080941cc   0x000000c0   Code   RO         9667    i.sys_sem_new       sys_arch.o
    0x0809428c   0x0809428c   0x00000090   Code   RO         9668    i.sys_sem_signal    sys_arch.o
    0x0809431c   0x0809431c   0x000000cc   Code   RO         1047    i.sys_stm32_clock_init  sys.o
    0x080943e8   0x080943e8   0x00000084   Code   RO         9669    i.sys_thread_new    sys_arch.o
    0x0809446c   0x0809446c   0x0000006c   Code   RO         8784    i.sys_timeout       timeouts.o
    0x080944d8   0x080944d8   0x000000dc   Code   RO         8785    i.sys_timeout_abs   timeouts.o
    0x080945b4   0x080945b4   0x00000028   Code   RO         8786    i.sys_timeouts_init  timeouts.o
    0x080945dc   0x080945dc   0x00000068   Code   RO         8787    i.sys_timeouts_sleeptime  timeouts.o
    0x08094644   0x08094644   0x00000334   Code   RO          845    i.system_config_to_printf  system_config.o
    0x08094978   0x08094978   0x00000164   Code   RO         8212    i.tcp_abandon       tcp.o
    0x08094adc   0x08094adc   0x0000000e   Code   RO         8213    i.tcp_abort         tcp.o
    0x08094aea   0x08094aea   0x00000010   Code   RO         8214    i.tcp_accept        tcp.o
    0x08094afa   0x08094afa   0x00000002   PAD
    0x08094afc   0x08094afc   0x00000044   Code   RO         8215    i.tcp_accept_null   tcp.o
    0x08094b40   0x08094b40   0x000000cc   Code   RO         8216    i.tcp_alloc         tcp.o
    0x08094c0c   0x08094c0c   0x00000006   Code   RO         8217    i.tcp_arg           tcp.o
    0x08094c12   0x08094c12   0x00000002   PAD
    0x08094c14   0x08094c14   0x00000108   Code   RO         8218    i.tcp_bind          tcp.o
    0x08094d1c   0x08094d1c   0x00000054   Code   RO         8220    i.tcp_close         tcp.o
    0x08094d70   0x08094d70   0x000001a0   Code   RO         8221    i.tcp_close_shutdown  tcp.o
    0x08094f10   0x08094f10   0x00000088   Code   RO         8222    i.tcp_close_shutdown_fin  tcp.o
    0x08094f98   0x08094f98   0x00000170   Code   RO         8621    i.tcp_create_segment  tcp_out.o
    0x08095108   0x08095108   0x00000070   Code   RO         8225    i.tcp_eff_send_mss_netif  tcp.o
    0x08095178   0x08095178   0x00000240   Code   RO         8622    i.tcp_enqueue_flags  tcp_out.o
    0x080953b8   0x080953b8   0x0000004c   Code   RO         8226    i.tcp_err           tcp.o
    0x08095404   0x08095404   0x000000a4   Code   RO         8227    i.tcp_fasttmr       tcp.o
    0x080954a8   0x080954a8   0x00000038   Code   RO         8228    i.tcp_free          tcp.o
    0x080954e0   0x080954e0   0x000000fc   Code   RO         8537    i.tcp_free_acked_segments  tcp_in.o
    0x080955dc   0x080955dc   0x00000040   Code   RO         8229    i.tcp_free_listen   tcp.o
    0x0809561c   0x0809561c   0x00000048   Code   RO         8538    i.tcp_get_next_optbyte  tcp_in.o
    0x08095664   0x08095664   0x00000038   Code   RO         8230    i.tcp_handle_closepend  tcp.o
    0x0809569c   0x0809569c   0x00000018   Code   RO         8231    i.tcp_init          tcp.o
    0x080956b4   0x080956b4   0x0000079c   Code   RO         8539    i.tcp_input         tcp_in.o
    0x08095e50   0x08095e50   0x00000084   Code   RO         8540    i.tcp_input_delayed_close  tcp_in.o
    0x08095ed4   0x08095ed4   0x0000008c   Code   RO         8623    i.tcp_keepalive     tcp_out.o
    0x08095f60   0x08095f60   0x0000006c   Code   RO         8232    i.tcp_kill_prio     tcp.o
    0x08095fcc   0x08095fcc   0x00000074   Code   RO         8233    i.tcp_kill_state    tcp.o
    0x08096040   0x08096040   0x00000040   Code   RO         8234    i.tcp_kill_timewait  tcp.o
    0x08096080   0x08096080   0x0000006c   Code   RO         8235    i.tcp_listen_closed  tcp.o
    0x080960ec   0x080960ec   0x00000198   Code   RO         8541    i.tcp_listen_input  tcp_in.o
    0x08096284   0x08096284   0x00000158   Code   RO         8237    i.tcp_listen_with_backlog_and_err  tcp.o
    0x080963dc   0x080963dc   0x0000004c   Code   RO         8238    i.tcp_netif_ip_addr_changed  tcp.o
    0x08096428   0x08096428   0x00000074   Code   RO         8239    i.tcp_netif_ip_addr_changed_pcblist  tcp.o
    0x0809649c   0x0809649c   0x00000010   Code   RO         8241    i.tcp_new_ip_type   tcp.o
    0x080964ac   0x080964ac   0x00000068   Code   RO         8242    i.tcp_new_port      tcp.o
    0x08096514   0x08096514   0x0000004c   Code   RO         8243    i.tcp_next_iss      tcp.o
    0x08096560   0x08096560   0x00000300   Code   RO         8624    i.tcp_output        tcp_out.o
    0x08096860   0x08096860   0x00000074   Code   RO         8625    i.tcp_output_alloc_header  tcp_out.o
    0x080968d4   0x080968d4   0x000000c0   Code   RO         8626    i.tcp_output_alloc_header_common  tcp_out.o
    0x08096994   0x08096994   0x00000094   Code   RO         8627    i.tcp_output_control_segment  tcp_out.o
    0x08096a28   0x08096a28   0x000000b8   Code   RO         8628    i.tcp_output_fill_options  tcp_out.o
    0x08096ae0   0x08096ae0   0x000001d8   Code   RO         8629    i.tcp_output_segment  tcp_out.o
    0x08096cb8   0x08096cb8   0x0000004c   Code   RO         8630    i.tcp_output_segment_busy  tcp_out.o
    0x08096d04   0x08096d04   0x000000e0   Code   RO         8542    i.tcp_parseopt      tcp_in.o
    0x08096de4   0x08096de4   0x00000104   Code   RO         8631    i.tcp_pbuf_prealloc  tcp_out.o
    0x08096ee8   0x08096ee8   0x00000088   Code   RO         8244    i.tcp_pcb_purge     tcp.o
    0x08096f70   0x08096f70   0x00000128   Code   RO         8245    i.tcp_pcb_remove    tcp.o
    0x08097098   0x08097098   0x00000070   Code   RO         8246    i.tcp_poll          tcp.o
    0x08097108   0x08097108   0x000006d4   Code   RO         8543    i.tcp_process       tcp_in.o
    0x080977dc   0x080977dc   0x000000dc   Code   RO         8247    i.tcp_process_refused_data  tcp.o
    0x080978b8   0x080978b8   0x0000074c   Code   RO         8544    i.tcp_receive       tcp_in.o
    0x08098004   0x08098004   0x0000004c   Code   RO         8248    i.tcp_recv          tcp.o
    0x08098050   0x08098050   0x00000060   Code   RO         8249    i.tcp_recv_null     tcp.o
    0x080980b0   0x080980b0   0x000000b8   Code   RO         8250    i.tcp_recved        tcp.o
    0x08098168   0x08098168   0x00000054   Code   RO         8251    i.tcp_remove_listener  tcp.o
    0x080981bc   0x080981bc   0x000000a0   Code   RO         8632    i.tcp_rexmit        tcp_out.o
    0x0809825c   0x0809825c   0x000000ac   Code   RO         8633    i.tcp_rexmit_fast   tcp_out.o
    0x08098308   0x08098308   0x00000040   Code   RO         8634    i.tcp_rexmit_rto    tcp_out.o
    0x08098348   0x08098348   0x00000054   Code   RO         8635    i.tcp_rexmit_rto_commit  tcp_out.o
    0x0809839c   0x0809839c   0x000000c4   Code   RO         8636    i.tcp_rexmit_rto_prepare  tcp_out.o
    0x08098460   0x08098460   0x0000001e   Code   RO         8637    i.tcp_route         tcp_out.o
    0x0809847e   0x0809847e   0x00000002   PAD
    0x08098480   0x08098480   0x000000c4   Code   RO         8638    i.tcp_rst           tcp_out.o
    0x08098544   0x08098544   0x0000001a   Code   RO         8252    i.tcp_seg_free      tcp.o
    0x0809855e   0x0809855e   0x00000018   Code   RO         8253    i.tcp_segs_free     tcp.o
    0x08098576   0x08098576   0x00000002   PAD
    0x08098578   0x08098578   0x000000e0   Code   RO         8639    i.tcp_send_empty_ack  tcp_out.o
    0x08098658   0x08098658   0x0000007c   Code   RO         8640    i.tcp_send_fin      tcp_out.o
    0x080986d4   0x080986d4   0x0000006c   Code   RO          732    i.tcp_send_task     freertos_demo.o
    0x08098740   0x08098740   0x00000048   Code   RO         8254    i.tcp_sent          tcp.o
    0x08098788   0x08098788   0x00000098   Code   RO         8256    i.tcp_shutdown      tcp.o
    0x08098820   0x08098820   0x00000688   Code   RO         8257    i.tcp_slowtmr       tcp.o
    0x08098ea8   0x08098ea8   0x00000260   Code   RO         8641    i.tcp_split_unsent_seg  tcp_out.o
    0x08099108   0x08099108   0x00000038   Code   RO         8789    i.tcp_timer_needed  timeouts.o
    0x08099140   0x08099140   0x000000dc   Code   RO         8545    i.tcp_timewait_input  tcp_in.o
    0x0809921c   0x0809921c   0x00000024   Code   RO         8259    i.tcp_tmr           tcp.o
    0x08099240   0x08099240   0x00000014   Code   RO         8546    i.tcp_trigger_input_pcb_close  tcp_in.o
    0x08099254   0x08099254   0x000000b0   Code   RO         8261    i.tcp_update_rcv_ann_wnd  tcp.o
    0x08099304   0x08099304   0x00000814   Code   RO         8642    i.tcp_write         tcp_out.o
    0x08099b18   0x08099b18   0x00000144   Code   RO         8643    i.tcp_write_checks  tcp_out.o
    0x08099c5c   0x08099c5c   0x00000120   Code   RO         8644    i.tcp_zero_window_probe  tcp_out.o
    0x08099d7c   0x08099d7c   0x000000c0   Code   RO         6985    i.tcpip_init        tcpip.o
    0x08099e3c   0x08099e3c   0x0000006c   Code   RO         6986    i.tcpip_inpkt       tcpip.o
    0x08099ea8   0x08099ea8   0x00000030   Code   RO         6987    i.tcpip_input       tcpip.o
    0x08099ed8   0x08099ed8   0x00000020   Code   RO         6988    i.tcpip_send_msg_wait_sem  tcpip.o
    0x08099ef8   0x08099ef8   0x00000038   Code   RO         8790    i.tcpip_tcp_timer   timeouts.o
    0x08099f30   0x08099f30   0x00000074   Code   RO         6989    i.tcpip_thread      tcpip.o
    0x08099fa4   0x08099fa4   0x00000088   Code   RO         6990    i.tcpip_thread_handle_msg  tcpip.o
    0x0809a02c   0x0809a02c   0x00000060   Code   RO         6991    i.tcpip_timeouts_mbox_fetch  tcpip.o
    0x0809a08c   0x0809a08c   0x0000001a   Code   RO         6689    i.tryget_socket     sockets.o
    0x0809a0a6   0x0809a0a6   0x00000010   Code   RO         6690    i.tryget_socket_unconn  sockets.o
    0x0809a0b6   0x0809a0b6   0x00000002   PAD
    0x0809a0b8   0x0809a0b8   0x00000020   Code   RO         6692    i.tryget_socket_unconn_nouse  sockets.o
    0x0809a0d8   0x0809a0d8   0x000000e8   Code   RO         8872    i.udp_bind          udp.o
    0x0809a1c0   0x0809a1c0   0x00000018   Code   RO         8876    i.udp_init          udp.o
    0x0809a1d8   0x0809a1d8   0x00000214   Code   RO         8877    i.udp_input         udp.o
    0x0809a3ec   0x0809a3ec   0x000000d0   Code   RO         8878    i.udp_input_local_match  udp.o
    0x0809a4bc   0x0809a4bc   0x00000030   Code   RO         8879    i.udp_netif_ip_addr_changed  udp.o
    0x0809a4ec   0x0809a4ec   0x0000001c   Code   RO         8880    i.udp_new           udp.o
    0x0809a508   0x0809a508   0x0000000e   Code   RO         8881    i.udp_new_ip_type   udp.o
    0x0809a516   0x0809a516   0x00000002   PAD
    0x0809a518   0x0809a518   0x00000058   Code   RO         8882    i.udp_new_port      udp.o
    0x0809a570   0x0809a570   0x0000003c   Code   RO         8883    i.udp_recv          udp.o
    0x0809a5ac   0x0809a5ac   0x00000070   Code   RO         8884    i.udp_remove        udp.o
    0x0809a61c   0x0809a61c   0x00000070   Code   RO         8885    i.udp_send          udp.o
    0x0809a68c   0x0809a68c   0x000000e0   Code   RO         8886    i.udp_sendto        udp.o
    0x0809a76c   0x0809a76c   0x0000011c   Code   RO         8887    i.udp_sendto_if     udp.o
    0x0809a888   0x0809a888   0x00000248   Code   RO         8888    i.udp_sendto_if_src  udp.o
    0x0809aad0   0x0809aad0   0x00000038   Code   RO         1114    i.usart_init        usart.o
    0x0809ab08   0x0809ab08   0x000000b0   Code   RO         5578    i.usmart_cmd_rec    usmart.o
    0x0809abb8   0x0809abb8   0x000002d4   Code   RO         5579    i.usmart_exe        usmart.o
    0x0809ae8c   0x0809ae8c   0x000000d4   Code   RO         5727    i.usmart_get_aparm  usmart_str.o
    0x0809af60   0x0809af60   0x00000036   Code   RO         5728    i.usmart_get_cmdname  usmart_str.o
    0x0809af96   0x0809af96   0x00000002   PAD
    0x0809af98   0x0809af98   0x000001c0   Code   RO         5729    i.usmart_get_fname  usmart_str.o
    0x0809b158   0x0809b158   0x0000010c   Code   RO         5730    i.usmart_get_fparam  usmart_str.o
    0x0809b264   0x0809b264   0x00000028   Code   RO         5677    i.usmart_get_input_string  usmart_port.o
    0x0809b28c   0x0809b28c   0x00000020   Code   RO         5731    i.usmart_get_parmpos  usmart_str.o
    0x0809b2ac   0x0809b2ac   0x00000028   Code   RO         5580    i.usmart_init       usmart.o
    0x0809b2d4   0x0809b2d4   0x00000016   Code   RO         5732    i.usmart_pow        usmart_str.o
    0x0809b2ea   0x0809b2ea   0x00000002   PAD
    0x0809b2ec   0x0809b2ec   0x000000a8   Code   RO         5581    i.usmart_scan       usmart.o
    0x0809b394   0x0809b394   0x00000016   Code   RO         5733    i.usmart_search_nextc  usmart_str.o
    0x0809b3aa   0x0809b3aa   0x00000106   Code   RO         5734    i.usmart_str2num    usmart_str.o
    0x0809b4b0   0x0809b4b0   0x00000022   Code   RO         5735    i.usmart_strcmp     usmart_str.o
    0x0809b4d2   0x0809b4d2   0x00000016   Code   RO         5736    i.usmart_strcopy    usmart_str.o
    0x0809b4e8   0x0809b4e8   0x00000018   Code   RO         5737    i.usmart_strlen     usmart_str.o
    0x0809b500   0x0809b500   0x000006f4   Code   RO         5582    i.usmart_sys_cmd_exe  usmart.o
    0x0809bbf4   0x0809bbf4   0x00000044   Code   RO         5678    i.usmart_timx_get_time  usmart_port.o
    0x0809bc38   0x0809bc38   0x00000064   Code   RO         5679    i.usmart_timx_init  usmart_port.o
    0x0809bc9c   0x0809bc9c   0x00000034   Code   RO         5680    i.usmart_timx_reset_time  usmart_port.o
    0x0809bcd0   0x0809bcd0   0x00000028   Code   RO        10036    i.uxListRemove      list.o
    0x0809bcf8   0x0809bcf8   0x0000001a   Code   RO        10037    i.vListInitialise   list.o
    0x0809bd12   0x0809bd12   0x00000006   Code   RO        10038    i.vListInitialiseItem  list.o
    0x0809bd18   0x0809bd18   0x00000034   Code   RO        10039    i.vListInsert       list.o
    0x0809bd4c   0x0809bd4c   0x00000018   Code   RO        10040    i.vListInsertEnd    list.o
    0x0809bd64   0x0809bd64   0x00000098   Code   RO        11192    i.vPortEnterCritical  port.o
    0x0809bdfc   0x0809bdfc   0x00000080   Code   RO        11193    i.vPortExitCritical  port.o
    0x0809be7c   0x0809be7c   0x000000d8   Code   RO        11124    i.vPortFree         heap_4.o
    0x0809bf54   0x0809bf54   0x00000028   Code   RO        11194    i.vPortSetupTimerInterrupt  port.o
    0x0809bf7c   0x0809bf7c   0x000000b0   Code   RO        11195    i.vPortValidateInterruptPriority  port.o
    0x0809c02c   0x0809c02c   0x0000008c   Code   RO        10099    i.vQueueAddToRegistry  queue.o
    0x0809c0b8   0x0809c0b8   0x00000058   Code   RO        10100    i.vQueueDelete      queue.o
    0x0809c110   0x0809c110   0x00000074   Code   RO        10102    i.vQueueUnregisterQueue  queue.o
    0x0809c184   0x0809c184   0x0000004a   Code   RO        10103    i.vQueueWaitForMessageRestricted  queue.o
    0x0809c1ce   0x0809c1ce   0x00000002   PAD
    0x0809c1d0   0x0809c1d0   0x00000084   Code   RO        10545    i.vTaskDelay        tasks.o
    0x0809c254   0x0809c254   0x00000124   Code   RO        10546    i.vTaskDelete       tasks.o
    0x0809c378   0x0809c378   0x00000018   Code   RO        10550    i.vTaskInternalSetTimeOutState  tasks.o
    0x0809c390   0x0809c390   0x0000000c   Code   RO        10552    i.vTaskMissedYield  tasks.o
    0x0809c39c   0x0809c39c   0x00000064   Code   RO        10553    i.vTaskPlaceOnEventList  tasks.o
    0x0809c400   0x0809c400   0x0000008c   Code   RO        10554    i.vTaskPlaceOnEventListRestricted  tasks.o
    0x0809c48c   0x0809c48c   0x00000138   Code   RO        10556    i.vTaskPriorityDisinheritAfterTimeout  tasks.o
    0x0809c5c4   0x0809c5c4   0x000000c4   Code   RO        10562    i.vTaskStartScheduler  tasks.o
    0x0809c688   0x0809c688   0x0000012c   Code   RO        10563    i.vTaskSuspend      tasks.o
    0x0809c7b4   0x0809c7b4   0x00000010   Code   RO        10564    i.vTaskSuspendAll   tasks.o
    0x0809c7c4   0x0809c7c4   0x000000b8   Code   RO        10565    i.vTaskSwitchContext  tasks.o
    0x0809c87c   0x0809c87c   0x00000004   Code   RO         5583    i.write_addr        usmart.o
    0x0809c880   0x0809c880   0x000001ac   Code   RO        11196    i.xPortStartScheduler  port.o
    0x0809ca2c   0x0809ca2c   0x00000034   Code   RO        11197    i.xPortSysTickHandler  port.o
    0x0809ca60   0x0809ca60   0x00000022   Code   RO        10106    i.xQueueCreateMutex  queue.o
    0x0809ca82   0x0809ca82   0x00000002   PAD
    0x0809ca84   0x0809ca84   0x00000090   Code   RO        10108    i.xQueueGenericCreate  queue.o
    0x0809cb14   0x0809cb14   0x000000fc   Code   RO        10109    i.xQueueGenericReset  queue.o
    0x0809cc10   0x0809cc10   0x000001e4   Code   RO        10110    i.xQueueGenericSend  queue.o
    0x0809cdf4   0x0809cdf4   0x00000124   Code   RO        10112    i.xQueueGiveFromISR  queue.o
    0x0809cf18   0x0809cf18   0x00000074   Code   RO        10113    i.xQueueGiveMutexRecursive  queue.o
    0x0809cf8c   0x0809cf8c   0x00000180   Code   RO        10118    i.xQueueReceive     queue.o
    0x0809d10c   0x0809d10c   0x000001c4   Code   RO        10123    i.xQueueSemaphoreTake  queue.o
    0x0809d2d0   0x0809d2d0   0x00000078   Code   RO        10124    i.xQueueTakeMutexRecursive  queue.o
    0x0809d348   0x0809d348   0x000000cc   Code   RO        10568    i.xTaskCheckForTimeOut  tasks.o
    0x0809d414   0x0809d414   0x00000060   Code   RO        10569    i.xTaskCreate       tasks.o
    0x0809d474   0x0809d474   0x000001dc   Code   RO        10571    i.xTaskGenericNotify  tasks.o
    0x0809d650   0x0809d650   0x000000f8   Code   RO        10574    i.xTaskGenericNotifyWait  tasks.o
    0x0809d748   0x0809d748   0x0000000c   Code   RO        10575    i.xTaskGetCurrentTaskHandle  tasks.o
    0x0809d754   0x0809d754   0x00000020   Code   RO        10578    i.xTaskGetSchedulerState  tasks.o
    0x0809d774   0x0809d774   0x0000000c   Code   RO        10579    i.xTaskGetTickCount  tasks.o
    0x0809d780   0x0809d780   0x000001e8   Code   RO        10581    i.xTaskIncrementTick  tasks.o
    0x0809d968   0x0809d968   0x00000110   Code   RO        10582    i.xTaskPriorityDisinherit  tasks.o
    0x0809da78   0x0809da78   0x000000ec   Code   RO        10583    i.xTaskPriorityInherit  tasks.o
    0x0809db64   0x0809db64   0x0000014c   Code   RO        10584    i.xTaskRemoveFromEventList  tasks.o
    0x0809dcb0   0x0809dcb0   0x000001a0   Code   RO        10585    i.xTaskResumeAll    tasks.o
    0x0809de50   0x0809de50   0x00000080   Code   RO        10965    i.xTimerCreateTimerTask  timers.o
    0x0809ded0   0x0809ded0   0x0000002c   Code   RO        11546    locale$$code        c_w.l(lc_numeric_c.o)
    0x0809defc   0x0809defc   0x0000005a   Code   RO        11383    x$fpl$dfixu         fz_wm.l(dfixu.o)
    0x0809df56   0x0809df56   0x00000026   Code   RO        11387    x$fpl$dfltu         fz_wm.l(dflt_clz.o)
    0x0809df7c   0x0809df7c   0x00000154   Code   RO        11393    x$fpl$dmul          fz_wm.l(dmul.o)
    0x0809e0d0   0x0809e0d0   0x0000009c   Code   RO        11481    x$fpl$dnaninf       fz_wm.l(dnaninf.o)
    0x0809e16c   0x0809e16c   0x0000000c   Code   RO        11483    x$fpl$dretinf       fz_wm.l(dretinf.o)
    0x0809e178   0x0809e178   0x00000056   Code   RO        11395    x$fpl$f2d           fz_wm.l(f2d.o)
    0x0809e1ce   0x0809e1ce   0x0000008c   Code   RO        11485    x$fpl$fnaninf       fz_wm.l(fnaninf.o)
    0x0809e25a   0x0809e25a   0x0000000a   Code   RO        11552    x$fpl$fpinit        fz_wm.l(fpinit.o)
    0x0809e264   0x0809e264   0x00000004   Code   RO        11397    x$fpl$printf1       fz_wm.l(printf1.o)
    0x0809e268   0x0809e268   0x00000000   Code   RO        11487    x$fpl$usenofp       fz_wm.l(usenofp.o)
    0x0809e268   0x0809e268   0x00000018   Data   RO          687    .constdata          system_stm32f4xx.o
    0x0809e280   0x0809e280   0x00000008   Data   RO         3825    .constdata          stm32f4xx_hal_dma.o
    0x0809e288   0x0809e288   0x00002f80   Data   RO         4825    .constdata          lcd.o
    0x080a1208   0x080a1208   0x00000024   Data   RO         5825    .constdata          malloc.o
    0x080a122c   0x080a122c   0x00000003   Data   RO         6200    .constdata          api_msg.o
    0x080a122f   0x080a122f   0x00000001   PAD
    0x080a1230   0x080a1230   0x00000044   Data   RO         6389    .constdata          err.o
    0x080a1274   0x080a1274   0x00000118   Data   RO         7647    .constdata          memp.o
    0x080a138c   0x080a138c   0x00000050   Data   RO         8262    .constdata          tcp.o
    0x080a13dc   0x080a13dc   0x00000024   Data   RO         8791    .constdata          timeouts.o
    0x080a1400   0x080a1400   0x00000008   Data   RO         9271    .constdata          ip4_addr.o
    0x080a1408   0x080a1408   0x0000000c   Data   RO         9415    .constdata          ethernet_1.o
    0x080a1414   0x080a1414   0x00000028   Data   RO        11304    .constdata          c_w.l(_printf_hex_int.o)
    0x080a143c   0x080a143c   0x00000011   Data   RO        11339    .constdata          c_w.l(__printf_flags_ss_wp.o)
    0x080a144d   0x080a144d   0x00000003   PAD
    0x080a1450   0x080a1450   0x00000094   Data   RO        11517    .constdata          c_w.l(bigflt0.o)
    0x080a14e4   0x080a14e4   0x00000028   Data   RO         5584    .conststring        usmart.o
    0x080a150c   0x080a150c   0x000000dc   Data   RO         5651    .conststring        usmart_config.o
    0x080a15e8   0x080a15e8   0x00000041   Data   RO         7460    .conststring        init.o
    0x080a1629   0x080a1629   0x00000003   PAD
    0x080a162c   0x080a162c   0x000000a0   Data   RO         7648    .conststring        memp.o
    0x080a16cc   0x080a16cc   0x0000006d   Data   RO         8263    .conststring        tcp.o
    0x080a1739   0x080a1739   0x00000003   PAD
    0x080a173c   0x080a173c   0x00000055   Data   RO         8645    .conststring        tcp_out.o
    0x080a1791   0x080a1791   0x00000003   PAD
    0x080a1794   0x080a1794   0x00000041   Data   RO         9053    .conststring        etharp.o
    0x080a17d5   0x080a17d5   0x00000003   PAD
    0x080a17d8   0x080a17d8   0x00000020   Data   RO        11640    Region$$Table       anon$$obj.o
    0x080a17f8   0x080a17f8   0x0000001c   Data   RO        11545    locale$$data        c_w.l(lc_numeric_c.o)


    Execution Region RW_IRAM1 (Exec base: 0x20000000, Load base: 0x080a1814, Size: 0x0001ea28, Max: 0x00020000, ABSOLUTE, COMPRESSED[0x000000b4])

    Exec Addr    Load Addr    Size         Type   Attr      Idx    E Section Name        Object

    0x20000000   COMPRESSED   0x00000004   Data   RW          688    .data               system_stm32f4xx.o
    0x20000004   COMPRESSED   0x00000038   Data   RW          733    .data               freertos_demo.o
    0x2000003c   COMPRESSED   0x0000001c   Data   RW          906    .data               ota.o
    0x20000058   COMPRESSED   0x00000004   Data   RW         1001    .data               delay.o
    0x2000005c   COMPRESSED   0x00000007   Data   RW         1116    .data               usart.o
    0x20000063   COMPRESSED   0x00000001   PAD
    0x20000064   COMPRESSED   0x00000009   Data   RW         1211    .data               stm32f4xx_hal.o
    0x2000006d   COMPRESSED   0x00000003   PAD
    0x20000070   COMPRESSED   0x00000008   Data   RW         4826    .data               lcd.o
    0x20000078   COMPRESSED   0x00000001   Data   RW         5050    .data               key.o
    0x20000079   COMPRESSED   0x00000003   PAD
    0x2000007c   COMPRESSED   0x00000010   Data   RW         5143    .data               ethernet.o
    0x2000008c   COMPRESSED   0x00000010   Data   RW         5231    .data               sensor.o
    0x2000009c   COMPRESSED   0x0000001c   Data   RW         5585    .data               usmart.o
    0x200000b8   COMPRESSED   0x00000124   Data   RW         5652    .data               usmart_config.o
    0x200001dc   COMPRESSED   0x00000024   Data   RW         5826    .data               malloc.o
    0x20000200   COMPRESSED   0x00000004   Data   RW         6694    .data               sockets.o
    0x20000204   COMPRESSED   0x00000010   Data   RW         6993    .data               tcpip.o
    0x20000214   COMPRESSED   0x0000000c   Data   RW         7261    .data               dns.o
    0x20000220   COMPRESSED   0x00000010   Data   RW         7566    .data               mem.o
    0x20000230   COMPRESSED   0x00000038   Data   RW         7649    .data               memp.o
    0x20000268   COMPRESSED   0x00000009   Data   RW         7770    .data               netif.o
    0x20000271   COMPRESSED   0x00000003   PAD
    0x20000274   COMPRESSED   0x00000020   Data   RW         8264    .data               tcp.o
    0x20000294   COMPRESSED   0x00000028   Data   RW         8548    .data               tcp_in.o
    0x200002bc   COMPRESSED   0x0000000c   Data   RW         8792    .data               timeouts.o
    0x200002c8   COMPRESSED   0x00000008   Data   RW         8889    .data               udp.o
    0x200002d0   COMPRESSED   0x00000001   Data   RW         9054    .data               etharp.o
    0x200002d1   COMPRESSED   0x00000001   PAD
    0x200002d2   COMPRESSED   0x00000002   Data   RW         9215    .data               ip4.o
    0x200002d4   COMPRESSED   0x00000006   Data   RW         9343    .data               ip4_frag.o
    0x200002da   COMPRESSED   0x00000002   PAD
    0x200002dc   COMPRESSED   0x00000004   Data   RW         9454    .data               ethernetif.o
    0x200002e0   COMPRESSED   0x00000004   Data   RW         9670    .data               sys_arch.o
    0x200002e4   COMPRESSED   0x0000001c   Data   RW         9824    .data               lwip_demo.o
    0x20000300   COMPRESSED   0x00000040   Data   RW        10588    .data               tasks.o
    0x20000340   COMPRESSED   0x00000014   Data   RW        10974    .data               timers.o
    0x20000354   COMPRESSED   0x00000020   Data   RW        11130    .data               heap_4.o
    0x20000374   COMPRESSED   0x0000000c   Data   RW        11198    .data               port.o
    0x20000380        -       0x0000100c   Zero   RW          905    .bss                ota.o
    0x2000138c        -       0x0000010c   Zero   RW         1115    .bss                usart.o
    0x20001498        -       0x00000020   Zero   RW         4038    .bss                stm32f4xx_hal_flash.o
    0x200014b8        -       0x0000005e   Zero   RW         4824    .bss                lcd.o
    0x20001516   COMPRESSED   0x00000002   PAD
    0x20001518        -       0x00000050   Zero   RW         5084    .bss                sram.o
    0x20001568        -       0x00000048   Zero   RW         5142    .bss                ethernet.o
    0x200015b0        -       0x0000020d   Zero   RW         5230    .bss                sensor.o
    0x200017bd   COMPRESSED   0x00000003   PAD
    0x200017c0        -       0x00000020   Zero   RW         5332    .bss                rtc.o
    0x200017e0        -       0x0000000c   Zero   RW         5408    .bss                iwdg.o
    0x200017ec        -       0x00000048   Zero   RW         5681    .bss                usmart_port.o
    0x20001834   COMPRESSED   0x0000000c   PAD
    0x20001840        -       0x00007f80   Zero   RW         5824    .bss                malloc.o
    0x200097c0        -       0x00000040   Zero   RW         6693    .bss                sockets.o
    0x20009800        -       0x00000480   Zero   RW         7259    .bss                dns.o
    0x20009c80        -       0x00000018   Zero   RW         7532    .bss                ip.o
    0x20009c98        -       0x00003013   Zero   RW         7565    .bss                mem.o
    0x2000ccab        -       0x00001dde   Zero   RW         7646    .bss                memp.o
    0x2000ea89   COMPRESSED   0x00000003   PAD
    0x2000ea8c        -       0x00000014   Zero   RW         8547    .bss                tcp_in.o
    0x2000eaa0        -       0x000000f0   Zero   RW         9052    .bss                etharp.o
    0x2000eb90        -       0x00000050   Zero   RW         9532    .bss                lwip_comm.o
    0x2000ebe0        -       0x000005b4   Zero   RW         9823    .bss                lwip_demo.o
    0x2000f194        -       0x00000040   Zero   RW        10125    .bss                queue.o
    0x2000f1d4        -       0x000002e4   Zero   RW        10587    .bss                tasks.o
    0x2000f4b8        -       0x00000028   Zero   RW        10973    .bss                timers.o
    0x2000f4e0        -       0x0000f000   Zero   RW        11129    .bss                heap_4.o
    0x2001e4e0        -       0x000000e4   Zero   RW        11352    .bss                c_w.l(rand.o)
    0x2001e5c4        -       0x00000060   Zero   RW        11489    .bss                c_w.l(libspace.o)
    0x2001e624   COMPRESSED   0x00000004   PAD
    0x2001e628        -       0x00000000   Zero   RW            2    HEAP                startup_stm32f407xx.o
    0x2001e628        -       0x00000400   Zero   RW            1    STACK               startup_stm32f407xx.o



  Load Region LR$$.ARM.__AT_0x10000000 (Base: 0x10000000, Size: 0x00000000, Max: 0x0000f000, ABSOLUTE)

    Execution Region ER$$.ARM.__AT_0x10000000 (Exec base: 0x10000000, Load base: 0x10000000, Size: 0x0000f000, Max: 0x0000f000, ABSOLUTE, UNINIT)

    Exec Addr    Load Addr    Size         Type   Attr      Idx    E Section Name        Object

    0x10000000        -       0x0000f000   Zero   RW         5820    .ARM.__AT_0x10000000  malloc.o



  Load Region LR$$.ARM.__AT_0x1000F000 (Base: 0x1000f000, Size: 0x00000000, Max: 0x00000f00, ABSOLUTE)

    Execution Region ER$$.ARM.__AT_0x1000F000 (Exec base: 0x1000f000, Load base: 0x1000f000, Size: 0x00000f00, Max: 0x00000f00, ABSOLUTE, UNINIT)

    Exec Addr    Load Addr    Size         Type   Attr      Idx    E Section Name        Object

    0x1000f000        -       0x00000f00   Zero   RW         5821    .ARM.__AT_0x1000F000  malloc.o



  Load Region LR$$.ARM.__AT_0x68000000 (Base: 0x68000000, Size: 0x00000000, Max: 0x0007d000, ABSOLUTE)

    Execution Region ER$$.ARM.__AT_0x68000000 (Exec base: 0x68000000, Load base: 0x68000000, Size: 0x0007d000, Max: 0x0007d000, ABSOLUTE, UNINIT)

    Exec Addr    Load Addr    Size         Type   Attr      Idx    E Section Name        Object

    0x68000000        -       0x0007d000   Zero   RW         5822    .ARM.__AT_0x68000000  malloc.o



  Load Region LR$$.ARM.__AT_0x6807D000 (Base: 0x6807d000, Size: 0x00000000, Max: 0x00007d00, ABSOLUTE)

    Execution Region ER$$.ARM.__AT_0x6807D000 (Exec base: 0x6807d000, Load base: 0x6807d000, Size: 0x00007d00, Max: 0x00007d00, ABSOLUTE, UNINIT)

    Exec Addr    Load Addr    Size         Type   Attr      Idx    E Section Name        Object

    0x6807d000        -       0x00007d00   Zero   RW         5823    .ARM.__AT_0x6807D000  malloc.o


==============================================================================

Image component sizes


      Code (inc. data)   RO Data    RW Data    ZI Data      Debug   Object Name

       292          0          0          0          0       4387   24c02.o
      2636        776          0          0          0      51462   api_lib.o
      5838       1392          3          0          0      36437   api_msg.o
        38          0          0          0          0       1178   def.o
       172          8          0          4          0       2745   delay.o
      1088        128          0         12       1152      15336   dns.o
        32          6         68          0          0       3747   err.o
      3200        530         65          1        240      12611   etharp.o
      1028         62          0         16         72       6104   ethernet.o
       380         58         12          0          0       2850   ethernet_1.o
       876         90          0          4          0       6474   ethernetif.o
         0          0          0          0          0      12244   event_groups.o
      2396        954          0         56          0      57635   freertos_demo.o
       848        218          0         32      61440       4451   heap_4.o
       860        156          0          0          0       5082   icmp.o
         0          0          0          0          0       3947   if_api.o
       180          0          0          0          0       2234   inet_chksum.o
        68          4         65          0          0       1884   init.o
         0          0          0          0         24       3262   ip.o
      1054         90          0          2          0       5820   ip4.o
        78          0          8          0          0       8754   ip4_addr.o
      2738        494          0          6          0      12874   ip4_frag.o
        48         14          0          0         12       1415   iwdg.o
       448         24          0          1          0       1914   key.o
     13796        188      12160          8         94      28114   lcd.o
       152         10          0          0          0       1015   led.o
       148          0          0          0          0       3670   list.o
      1164        256          0          0         80      21485   lwip_comm.o
       648        160          0         28       1460      13201   lwip_demo.o
       272         90          0          0          0     819337   main.o
       484         54         36         36     641920       6987   malloc.o
      2092        660          0         16      12307       9581   mem.o
       428        148        440         56       7646      11502   memp.o
       700        108          0          0          0       5246   myiic.o
       212         54          0          0          0      11599   netbuf.o
      1376        352          0          9          0      16494   netif.o
      1826        580          0         28       4108      11421   ota.o
      3626       1078          0          0          0      22041   pbuf.o
      1338        472          0         12          0      11597   port.o
      3356        662          0          0         64      22830   queue.o
       328         38          0          0         32       5793   rtc.o
      1136        134          0         16        525      10343   sensor.o
      4252        500          0          4         64      45564   sockets.o
       496         30          0          0         80       1709   sram.o
        76         28        392          0       1024       1024   startup_stm32f407xx.o
       226         40          0          9          0      10870   stm32f4xx_hal.o
       344         22          0          0          0      35437   stm32f4xx_hal_cortex.o
      1434         16          8          0          0       7426   stm32f4xx_hal_dma.o
      2870         50          0          0          0      17210   stm32f4xx_hal_eth.o
       652         64          0          0         32       6422   stm32f4xx_hal_flash.o
       432         26          0          0          0       3486   stm32f4xx_hal_flash_ex.o
       564         46          0          0          0       3656   stm32f4xx_hal_gpio.o
       108          0          0          0          0       1979   stm32f4xx_hal_iwdg.o
        28         10          0          0          0       1167   stm32f4xx_hal_pwr.o
      1820         84          0          0          0       5928   stm32f4xx_hal_rcc.o
       416         20          0          0          0       1492   stm32f4xx_hal_rcc_ex.o
      1224         28          0          0          0      10444   stm32f4xx_hal_rtc.o
        94          6          0          0          0       4145   stm32f4xx_hal_rtc_ex.o
        88          0          0          0          0       1296   stm32f4xx_hal_sram.o
       488         76          0          0          0       3480   stm32f4xx_hal_tim.o
      2580         44          0          0          0      19011   stm32f4xx_hal_uart.o
        20          0          0          0          0     599553   stm32f4xx_it.o
       232         10          0          0          0       2903   stm32f4xx_ll_fsmc.o
       204         12          0          0          0       1427   sys.o
      1738        678          0          4          0      14329   sys_arch.o
       820        594          0          0          0       2094   system_config.o
        20          6         24          4          0       1471   system_stm32f4xx.o
      5546       1340          0         64        740      41372   tasks.o
      6606       1862        189         32          0      43880   tcp.o
      6892       1266          0         40         20      21739   tcp_in.o
      7838       2040         85          0          0      34574   tcp_out.o
       728        226          0         16          0      10369   tcpip.o
       748        216         36         12          0       7831   timeouts.o
      1082        214          0         20         40      11940   timers.o
      2550        750          0          8          0      14045   udp.o
       464         60          0          7        268       5933   usart.o
      2898       1308         40         28          0       6334   usmart.o
         0          0        220        292          0       1648   usmart_config.o
       328         50          0          0         72       3750   usmart_port.o
      1400         20          0          0          0       9853   usmart_str.o

    ----------------------------------------------------------------------
    115798      21790      13896        896     733536    2313894   Object Totals
         0          0         32          0          0          0   (incl. Generated)
       112          0         13         13         20          0   (incl. Padding)

    ----------------------------------------------------------------------

      Code (inc. data)   RO Data    RW Data    ZI Data      Debug   Library Member Name

        90          0          0          0          0          0   __dczerorl2.o
         8          0          0          0          0         68   __main.o
       392          4         17          0          0         92   __printf_flags_ss_wp.o
        14          0          0          0          0         68   __printf_wp.o
         0          0          0          0          0          0   __rtentry.o
        12          0          0          0          0          0   __rtentry2.o
         6          0          0          0          0          0   __rtentry4.o
        52          8          0          0          0          0   __scatter.o
        28          0          0          0          0          0   __scatter_zi.o
         6          0          0          0          0          0   _printf_c.o
        44          0          0          0          0        108   _printf_char.o
        48          6          0          0          0         96   _printf_char_common.o
        36          4          0          0          0         80   _printf_char_file.o
         6          0          0          0          0          0   _printf_d.o
       120         16          0          0          0         92   _printf_dec.o
         6          0          0          0          0          0   _printf_f.o
      1054          0          0          0          0        216   _printf_fp_dec.o
       128         16          0          0          0         84   _printf_fp_infnan.o
        88          4         40          0          0         88   _printf_hex_int.o
       178          0          0          0          0         88   _printf_intcommon.o
        78          0          0          0          0        108   _printf_pad.o
         0          0          0          0          0          0   _printf_percent.o
         4          0          0          0          0          0   _printf_percent_end.o
         6          0          0          0          0          0   _printf_s.o
        82          0          0          0          0         80   _printf_str.o
         6          0          0          0          0          0   _printf_u.o
         6          0          0          0          0          0   _printf_x.o
        10          0          0          0          0         68   _sputc.o
        16          0          0          0          0         68   aeabi_memset.o
       228          4        148          0          0         96   bigflt0.o
      1936        128          0          0          0        672   btod.o
        18          0          0          0          0         80   exit.o
         8          0          0          0          0         68   ferror.o
         6          0          0          0          0        152   heapauxi.o
        44         10         28          0          0         76   lc_numeric_c.o
         2          0          0          0          0          0   libinit.o
        26          0          0          0          0          0   libinit2.o
         2          0          0          0          0          0   libshutdown.o
         2          0          0          0          0          0   libshutdown2.o
         8          4          0          0         96         68   libspace.o
       138          0          0          0          0         80   lludiv10.o
       238          0          0          0          0        100   lludivv7m.o
        88          0          0          0          0         76   memcmp.o
        24          4          0          0          0         84   noretval__2printf.o
        40          6          0          0          0         84   noretval__2sprintf.o
       112         18          0          0        228        160   rand.o
         8          4          0          0          0         68   rt_locale_intlibspace.o
        68          0          0          0          0         68   rt_memclr.o
        78          0          0          0          0         80   rt_memclr_w.o
       138          0          0          0          0         68   rt_memcpy_v6.o
       100          0          0          0          0         80   rt_memcpy_w.o
       132          0          0          0          0         68   rt_memmove_v6.o
       122          0          0          0          0         80   rt_memmove_w.o
         2          0          0          0          0          0   rtexit.o
        10          0          0          0          0          0   rtexit2.o
       128          0          0          0          0         68   strcmpv7m.o
        62          0          0          0          0         76   strlen.o
        74          0          0          0          0         80   sys_stackheap_outer.o
         2          0          0          0          0         68   use_no_semi.o
         2          0          0          0          0         68   use_no_semi_2.o
        90          4          0          0          0        140   dfixu.o
        38          0          0          0          0        116   dflt_clz.o
       340         12          0          0          0        152   dmul.o
       156          4          0          0          0        140   dnaninf.o
        12          0          0          0          0        116   dretinf.o
        86          4          0          0          0        132   f2d.o
       140          4          0          0          0        132   fnaninf.o
        10          0          0          0          0        116   fpinit.o
         4          0          0          0          0        116   printf1.o
         0          0          0          0          0          0   usenofp.o
        48          0          0          0          0        124   fpclassify.o

    ----------------------------------------------------------------------
      7306        264        236          0        328       5356   Library Totals
        12          0          3          0          4          0   (incl. Padding)

    ----------------------------------------------------------------------

      Code (inc. data)   RO Data    RW Data    ZI Data      Debug   Library Name

      6370        236        233          0        324       4072   c_w.l
       876         28          0          0          0       1160   fz_wm.l
        48          0          0          0          0        124   m_wm.l

    ----------------------------------------------------------------------
      7306        264        236          0        328       5356   Library Totals

    ----------------------------------------------------------------------

==============================================================================


      Code (inc. data)   RO Data    RW Data    ZI Data      Debug   

    123104      22054      14132        896     733864    2251410   Grand Totals
    123104      22054      14132        180     733864    2251410   ELF Image Totals (compressed)
    123104      22054      14132        180          0          0   ROM Totals

==============================================================================

    Total RO  Size (Code + RO Data)               137236 ( 134.02kB)
    Total RW  Size (RW Data + ZI Data)            734760 ( 717.54kB)
    Total ROM Size (Code + RO Data + RW Data)     137416 ( 134.20kB)

==============================================================================

